Archive member included because of file (symbol)

c:/progra~2/codesourcery/sourcery_codebench_lite_for_arm_eabi/bin/../lib/gcc/arm-none-eabi/4.8.1/../../../../arm-none-eabi/lib/thumb2\libm.a(lib_a-s_fpclassify.o)
                              build/obj/chprintf.o (__fpclassifyd)
c:/progra~2/codesourcery/sourcery_codebench_lite_for_arm_eabi/bin/../lib/gcc/arm-none-eabi/4.8.1/../../../../arm-none-eabi/lib/thumb2\libm.a(lib_a-s_modf.o)
                              build/obj/nmea.o (modf)
c:/progra~2/codesourcery/sourcery_codebench_lite_for_arm_eabi/bin/../lib/gcc/arm-none-eabi/4.8.1/../../../../arm-none-eabi/lib/thumb2\libm.a(lib_a-s_round.o)
                              build/obj/nmea.o (round)
c:/progra~2/codesourcery/sourcery_codebench_lite_for_arm_eabi/bin/../lib/gcc/arm-none-eabi/4.8.1/../../../../arm-none-eabi/lib/thumb2\libm.a(lib_a-sf_fpclassify.o)
                              build/obj/rpm_calculator.o (__fpclassifyf)
c:/progra~2/codesourcery/sourcery_codebench_lite_for_arm_eabi/bin/../lib/gcc/arm-none-eabi/4.8.1/../../../../arm-none-eabi/lib/thumb2\libm.a(lib_a-wf_log.o)
                              build/obj/thermistors.o (logf)
c:/progra~2/codesourcery/sourcery_codebench_lite_for_arm_eabi/bin/../lib/gcc/arm-none-eabi/4.8.1/../../../../arm-none-eabi/lib/thumb2\libm.a(lib_a-ef_log.o)
                              c:/progra~2/codesourcery/sourcery_codebench_lite_for_arm_eabi/bin/../lib/gcc/arm-none-eabi/4.8.1/../../../../arm-none-eabi/lib/thumb2\libm.a(lib_a-wf_log.o) (__ieee754_logf)
c:/progra~2/codesourcery/sourcery_codebench_lite_for_arm_eabi/bin/../lib/gcc/arm-none-eabi/4.8.1/../../../../arm-none-eabi/lib/thumb2\libm.a(lib_a-s_lib_ver.o)
                              c:/progra~2/codesourcery/sourcery_codebench_lite_for_arm_eabi/bin/../lib/gcc/arm-none-eabi/4.8.1/../../../../arm-none-eabi/lib/thumb2\libm.a(lib_a-wf_log.o) (__fdlib_version)
c:/progra~2/codesourcery/sourcery_codebench_lite_for_arm_eabi/bin/../lib/gcc/arm-none-eabi/4.8.1/../../../../arm-none-eabi/lib/thumb2\libm.a(lib_a-s_matherr.o)
                              c:/progra~2/codesourcery/sourcery_codebench_lite_for_arm_eabi/bin/../lib/gcc/arm-none-eabi/4.8.1/../../../../arm-none-eabi/lib/thumb2\libm.a(lib_a-wf_log.o) (matherr)
c:/progra~2/codesourcery/sourcery_codebench_lite_for_arm_eabi/bin/../lib/gcc/arm-none-eabi/4.8.1/../../../../arm-none-eabi/lib/thumb2\libm.a(lib_a-s_nan.o)
                              c:/progra~2/codesourcery/sourcery_codebench_lite_for_arm_eabi/bin/../lib/gcc/arm-none-eabi/4.8.1/../../../../arm-none-eabi/lib/thumb2\libm.a(lib_a-wf_log.o) (nan)
c:/progra~2/codesourcery/sourcery_codebench_lite_for_arm_eabi/bin/../lib/gcc/arm-none-eabi/4.8.1/thumb2\libgcc.a(_arm_addsubdf3.o)
                              build/obj/chprintf.o (__aeabi_dsub)
c:/progra~2/codesourcery/sourcery_codebench_lite_for_arm_eabi/bin/../lib/gcc/arm-none-eabi/4.8.1/thumb2\libgcc.a(_arm_muldivdf3.o)
                              build/obj/chprintf.o (__aeabi_dmul)
c:/progra~2/codesourcery/sourcery_codebench_lite_for_arm_eabi/bin/../lib/gcc/arm-none-eabi/4.8.1/thumb2\libgcc.a(_arm_cmpdf2.o)
                              build/obj/chprintf.o (__aeabi_dcmplt)
c:/progra~2/codesourcery/sourcery_codebench_lite_for_arm_eabi/bin/../lib/gcc/arm-none-eabi/4.8.1/thumb2\libgcc.a(_arm_fixdfsi.o)
                              build/obj/chprintf.o (__aeabi_d2iz)
c:/progra~2/codesourcery/sourcery_codebench_lite_for_arm_eabi/bin/../lib/gcc/arm-none-eabi/4.8.1/thumb2\libgcc.a(_arm_truncdfsf2.o)
                              build/obj/chprintf.o (__aeabi_d2f)
c:/progra~2/codesourcery/sourcery_codebench_lite_for_arm_eabi/bin/../lib/gcc/arm-none-eabi/4.8.1/thumb2\libgcc.a(_arm_addsubsf3.o)
                              c:/progra~2/codesourcery/sourcery_codebench_lite_for_arm_eabi/bin/../lib/gcc/arm-none-eabi/4.8.1/../../../../arm-none-eabi/lib/thumb2\libm.a(lib_a-ef_log.o) (__aeabi_fsub)
c:/progra~2/codesourcery/sourcery_codebench_lite_for_arm_eabi/bin/../lib/gcc/arm-none-eabi/4.8.1/thumb2\libgcc.a(_arm_muldivsf3.o)
                              c:/progra~2/codesourcery/sourcery_codebench_lite_for_arm_eabi/bin/../lib/gcc/arm-none-eabi/4.8.1/../../../../arm-none-eabi/lib/thumb2\libm.a(lib_a-ef_log.o) (__aeabi_fmul)
c:/progra~2/codesourcery/sourcery_codebench_lite_for_arm_eabi/bin/../lib/gcc/arm-none-eabi/4.8.1/thumb2\libgcc.a(_arm_cmpsf2.o)
                              c:/progra~2/codesourcery/sourcery_codebench_lite_for_arm_eabi/bin/../lib/gcc/arm-none-eabi/4.8.1/../../../../arm-none-eabi/lib/thumb2\libm.a(lib_a-wf_log.o) (__aeabi_fcmpeq)
c:/progra~2/codesourcery/sourcery_codebench_lite_for_arm_eabi/bin/../lib/gcc/arm-none-eabi/4.8.1/thumb2\libgcc.a(_aeabi_uldivmod.o)
                              build/obj/rpm_calculator.o (__aeabi_uldivmod)
c:/progra~2/codesourcery/sourcery_codebench_lite_for_arm_eabi/bin/../lib/gcc/arm-none-eabi/4.8.1/thumb2\libgcc.a(_fixunssfdi.o)
                              build/obj/trigger_emulator_algo.o (__aeabi_f2ulz)
[...]
Memory Configuration

Name             Origin             Length             Attributes
flash            0x08000000         0x00100000
ram              0x20000000         0x0001c000
ethram           0x2001c000         0x00004000
ccmram           0x10000000         0x00010000
*default*        0x00000000         0xffffffff

Linker script and memory map

LOAD build/obj/crt0.o
LOAD build/obj/vectors.o
LOAD build/obj/chcore.o
LOAD build/obj/chcore_v7m.o
LOAD build/obj/nvic.o
LOAD build/obj/chsys.o
LOAD build/obj/chdebug.o
LOAD build/obj/chlists.o
LOAD build/obj/chvt.o
LOAD build/obj/chschd.o
LOAD build/obj/chthreads.o
LOAD build/obj/chdynamic.o
LOAD build/obj/chregistry.o
LOAD build/obj/chsem.o
LOAD build/obj/chmtx.o
LOAD build/obj/chcond.o
LOAD build/obj/chevents.o
LOAD build/obj/chmsg.o
LOAD build/obj/chmboxes.o
LOAD build/obj/chqueues.o
LOAD build/obj/chmemcore.o
LOAD build/obj/chheap.o
LOAD build/obj/chmempools.o
LOAD build/obj/chprintf.o
LOAD build/obj/memstreams.o
LOAD build/obj/chrtclib.o
LOAD build/obj/crc.o
LOAD build/obj/data_buffer.o
LOAD build/obj/histogram.o
LOAD build/obj/rfiutil.o
LOAD build/obj/hal.o
LOAD build/obj/adc.o
LOAD build/obj/can.o
LOAD build/obj/ext.o
LOAD build/obj/gpt.o
LOAD build/obj/i2c.o
LOAD build/obj/icu.o
LOAD build/obj/mac.o
LOAD build/obj/mmc_spi.o
LOAD build/obj/mmcsd.o
LOAD build/obj/pal.o
LOAD build/obj/pwm.o
LOAD build/obj/rtc.o
LOAD build/obj/sdc.o
LOAD build/obj/serial.o
LOAD build/obj/serial_usb.o
LOAD build/obj/spi.o
LOAD build/obj/tm.o
LOAD build/obj/uart.o
LOAD build/obj/usb.o
LOAD build/obj/test.o
LOAD build/obj/testbmk.o
LOAD build/obj/usbcfg.o
LOAD build/obj/usbconsole.o
LOAD build/obj/mcp3208.o
LOAD build/obj/flash.o
LOAD build/obj/map_adjuster.o
LOAD build/obj/malfunction_central.o
LOAD build/obj/nmea.o
LOAD build/obj/stm32_dma.o
LOAD build/obj/hal_lld.o
LOAD build/obj/adc_lld.o
LOAD build/obj/ext_lld_isr.o
LOAD build/obj/can_lld.o
LOAD build/obj/ext_lld.o
LOAD build/obj/mac_lld.o
LOAD build/obj/sdc_lld.o
LOAD build/obj/pal_lld.o
LOAD build/obj/i2c_lld.o
LOAD build/obj/usb_lld.o
LOAD build/obj/rtc_lld.o
LOAD build/obj/spi_lld.o
LOAD build/obj/gpt_lld.o
LOAD build/obj/icu_lld.o
LOAD build/obj/pwm_lld.o
LOAD build/obj/serial_lld.o
LOAD build/obj/uart_lld.o
LOAD build/obj/board.o
LOAD build/obj/fatfs_diskio.o
LOAD build/obj/fatfs_syscall.o
LOAD build/obj/ff.o
LOAD build/obj/ccsbcs.o
LOAD build/obj/trigger_emulator_algo.o
LOAD build/obj/rpm_calculator.o
LOAD build/obj/trigger_central.o
LOAD build/obj/main_trigger_callback.o
LOAD build/obj/trigger_bmw.o
LOAD build/obj/trigger_mazda.o
LOAD build/obj/trigger_chrysler.o
LOAD build/obj/trigger_structure.o
LOAD build/obj/trigger_decoder.o
LOAD build/obj/trigger_mitsubishi.o
LOAD build/obj/trigger_gm.o
LOAD build/obj/trigger_emulator.o
LOAD build/obj/poten.o
LOAD build/obj/sensor_chart.o
LOAD build/obj/rfi_perftest.o
LOAD build/obj/engine_emulator.o
LOAD build/obj/wave_chart.o
LOAD build/obj/wave_analyzer.o
LOAD build/obj/advance_map.o
LOAD build/obj/idle_controller.o
LOAD build/obj/auto_generated_enums.o
LOAD build/obj/fuel_math.o
LOAD build/obj/accel_enrichment.o
LOAD build/obj/engine_configuration.o
LOAD build/obj/engine.o
LOAD build/obj/lcd_menu_tree.o
LOAD build/obj/event_registry.o
LOAD build/obj/algo.o
LOAD build/obj/signal_executor.o
LOAD build/obj/pwm_generator_logic.o
LOAD build/obj/signal_executor_sleep.o
LOAD build/obj/event_queue.o
LOAD build/obj/efiGpio.o
LOAD build/obj/SingleTimerExecutor.o
LOAD build/obj/ford_aspire.o
LOAD build/obj/custom_engine.o
LOAD build/obj/MiniCooperR50.o
LOAD build/obj/acura_rsx.o
LOAD build/obj/audi_aan.o
LOAD build/obj/bmw_e34.o
LOAD build/obj/mazda_miata.o
LOAD build/obj/citroenBerlingoTU3JP.o
LOAD build/obj/dodge_neon.o
LOAD build/obj/ford_fiesta.o
LOAD build/obj/ford_1995_inline_6.o
LOAD build/obj/nissan_primera.o
LOAD build/obj/mazda_miata_nb.o
LOAD build/obj/honda_accord.o
LOAD build/obj/subaru.o
LOAD build/obj/snow_blower.o
LOAD build/obj/GY6_139QMB.o
LOAD build/obj/rover_v8.o
LOAD build/obj/mazda_323.o
LOAD build/obj/mazda_626.o
LOAD build/obj/saturn_ion.o
LOAD build/obj/sachs.o
LOAD build/obj/test_engine.o
LOAD build/obj/mitsubishi.o
LOAD build/obj/gm_2_2.o
LOAD build/obj/dodge_ram.o
LOAD build/obj/vw.o
LOAD build/obj/can_hw.o
LOAD build/obj/max31855.o
LOAD build/obj/pin_repository.o
LOAD build/obj/microsecond_timer.o
LOAD build/obj/digital_input_hw.o
LOAD build/obj/hardware.o
LOAD build/obj/neo6m.o
LOAD build/obj/mmc_card.o
LOAD build/obj/lcd_HD44780.o
LOAD build/obj/adc_inputs.o
LOAD build/obj/board_test.o
LOAD build/obj/pwm_generator.o
LOAD build/obj/trigger_input.o
LOAD build/obj/HIP9011.o
LOAD build/obj/vehicle_speed.o
LOAD build/obj/joystick.o
LOAD build/obj/stepper.o
LOAD build/obj/servo.o
LOAD build/obj/io_pins.o
LOAD build/obj/gpio_helper.o
LOAD build/obj/mpu_util.o
LOAD build/obj/rtc_helper.o
LOAD build/obj/wbo.o
LOAD build/obj/tunerstudio_io.o
LOAD build/obj/tunerstudio.o
LOAD build/obj/status_loop.o
LOAD build/obj/console_io.o
LOAD build/obj/eficonsole.o
LOAD build/obj/thermistors.o
LOAD build/obj/allsensors.o
LOAD build/obj/map.o
LOAD build/obj/voltage.o
LOAD build/obj/maf.o
LOAD build/obj/tps.o
LOAD build/obj/ego.o
LOAD build/obj/hip9011_lookup.o
LOAD build/obj/settings.o
LOAD build/obj/electronic_throttle.o
LOAD build/obj/error_handling.o
LOAD build/obj/map_averaging.o
LOAD build/obj/flash_main.o
LOAD build/obj/injector_central.o
LOAD build/obj/idle_thread.o
LOAD build/obj/PwmTester.o
LOAD build/obj/obd2.o
LOAD build/obj/malfunction_indicator.o
LOAD build/obj/alternatorController.o
LOAD build/obj/lcd_controller.o
LOAD build/obj/engine_controller.o
LOAD build/obj/cyclic_buffer.o
LOAD build/obj/datalogging.o
LOAD build/obj/loggingcentral.o
LOAD build/obj/listener_array.o
LOAD build/obj/cli_registry.o
LOAD build/obj/efilib.o
LOAD build/obj/efilib2.o
LOAD build/obj/LocalVersionHolder.o
LOAD build/obj/EfiWave.o
LOAD build/obj/avg_values.o
LOAD build/obj/table_helper.o
LOAD build/obj/fsio_core.o
LOAD build/obj/interpolation.o
LOAD build/obj/fsio_impl.o
LOAD build/obj/engine_math.o
LOAD build/obj/pid.o
LOAD build/obj/speed_density.o
LOAD build/obj/rusefi.o
LOAD build/obj/main.o
                0x00001000                __main_stack_size__ = 0x1000
                0x00000600                __process_stack_size__ = 0x600
                0x20000000                __ram_start__ = ORIGIN (ram)
                0x0001c000                __ram_size__ = 0x1c000
                0x2001c000                __ram_end__ = (__ram_start__ + __ram_size__)
                0x00000000                . = 0x0
                0x00000000                _text = .

startup         0x08000000      0x1ac
 *(vectors)
 vectors        0x08000000      0x1ac build/obj/vectors.o
                0x08000000                _vectors

constructors    0x080001ac       0xa4
                0x080001ac                PROVIDE (__init_array_start, .)
 *(SORT(.init_array.*))
 *(.init_array)
 .init_array    0x080001ac        0x4 build/obj/trigger_emulator_algo.o
 .init_array    0x080001b0        0x4 build/obj/rpm_calculator.o
 .init_array    0x080001b4        0x4 build/obj/trigger_central.o
 .init_array    0x080001b8        0x4 build/obj/main_trigger_callback.o
 .init_array    0x080001bc        0x4 build/obj/trigger_decoder.o
 .init_array    0x080001c0        0x4 build/obj/trigger_emulator.o
 .init_array    0x080001c4        0x4 build/obj/sensor_chart.o
 .init_array    0x080001c8        0x4 build/obj/wave_chart.o
 .init_array    0x080001cc        0x4 build/obj/wave_analyzer.o
 .init_array    0x080001d0        0x4 build/obj/advance_map.o
 .init_array    0x080001d4        0x4 build/obj/fuel_math.o
 .init_array    0x080001d8        0x4 build/obj/engine.o
 .init_array    0x080001dc        0x4 build/obj/efiGpio.o
 .init_array    0x080001e0        0x4 build/obj/SingleTimerExecutor.o
 .init_array    0x080001e4        0x4 build/obj/can_hw.o
 .init_array    0x080001e8        0x4 build/obj/pin_repository.o
 .init_array    0x080001ec        0x4 build/obj/digital_input_hw.o
 .init_array    0x080001f0        0x4 build/obj/neo6m.o
 .init_array    0x080001f4        0x4 build/obj/mmc_card.o
 .init_array    0x080001f8        0x4 build/obj/adc_inputs.o
 .init_array    0x080001fc        0x4 build/obj/HIP9011.o
 .init_array    0x08000200        0x4 build/obj/io_pins.o
 .init_array    0x08000204        0x4 build/obj/rtc_helper.o
 .init_array    0x08000208        0x4 build/obj/tunerstudio.o
 .init_array    0x0800020c        0x4 build/obj/status_loop.o
 .init_array    0x08000210        0x4 build/obj/eficonsole.o
 .init_array    0x08000214        0x4 build/obj/map.o
 .init_array    0x08000218        0x4 build/obj/settings.o
 .init_array    0x0800021c        0x4 build/obj/electronic_throttle.o
 .init_array    0x08000220        0x4 build/obj/error_handling.o
 .init_array    0x08000224        0x4 build/obj/map_averaging.o
 .init_array    0x08000228        0x4 build/obj/injector_central.o
 .init_array    0x0800022c        0x4 build/obj/idle_thread.o
 .init_array    0x08000230        0x4 build/obj/obd2.o
 .init_array    0x08000234        0x4 build/obj/alternatorController.o
 .init_array    0x08000238        0x4 build/obj/lcd_controller.o
 .init_array    0x0800023c        0x4 build/obj/engine_controller.o
 .init_array    0x08000240        0x4 build/obj/fsio_core.o
 .init_array    0x08000244        0x4 build/obj/fsio_impl.o
 .init_array    0x08000248        0x4 build/obj/speed_density.o
 .init_array    0x0800024c        0x4 build/obj/rusefi.o
                0x08000250                PROVIDE (__init_array_end, .)

destructors     0x08000250        0x0
                0x08000250                PROVIDE (__fini_array_start, .)
 *(.fini_array)
 *(SORT(.fini_array.*))
                0x08000250                PROVIDE (__fini_array_end, .)

.text           0x08000250    0x382b8
 *(.text.startup.*)
 .text.startup._GLOBAL__sub_I__ZN21TriggerEmulatorHelperC2Ev
                0x08000250       0x80 build/obj/trigger_emulator_algo.o
 .text.startup._GLOBAL__sub_I__ZN13RpmCalculatorC2Ev
                0x080002d0       0x20 build/obj/rpm_calculator.o
 .text.startup._GLOBAL__sub_I_waveChart
                0x080002f0       0x20 build/obj/trigger_central.o
 .text.startup._GLOBAL__sub_I_showMainHistogram
                0x08000310       0x40 build/obj/main_trigger_callback.o
 .text.startup._GLOBAL__sub_I_lastDecodingErrorTime
                0x08000350       0x40 build/obj/trigger_decoder.o
 .text.startup._GLOBAL__sub_I__Z19initTriggerEmulatorP7LoggingP6Engine
                0x08000390       0x30 build/obj/trigger_emulator.o
 .text.startup._GLOBAL__sub_I__Z9scAddDataff
                0x080003c0       0x20 build/obj/sensor_chart.o
 .text.startup._GLOBAL__sub_I_waveChartUsedSize
                0x080003e0       0x20 build/obj/wave_chart.o
 .text.startup._GLOBAL__sub_I__ZN10WaveReader11onFallEventEv
                0x08000400       0x30 build/obj/wave_analyzer.o
 .text.startup._GLOBAL__sub_I__Z16isStep1Conditioni
                0x08000430       0x40 build/obj/advance_map.o
 .text.startup._GLOBAL__sub_I__Z14getRealMafFuelfi
                0x08000470       0x40 build/obj/fuel_math.o
 .text.startup._GLOBAL__sub_I__ZN6Engine17updateSlowSensorsEv
                0x080004b0       0x20 build/obj/engine.o
 .text.startup._GLOBAL__sub_I_OUTPUT_MODE_DEFAULT
                0x080004d0       0xa0 build/obj/efiGpio.o
 .text.startup._GLOBAL__sub_I_beforeHwSetTimer
                0x08000570       0x10 build/obj/SingleTimerExecutor.o
 .text.startup._GLOBAL__sub_I_txmsg
                0x08000580       0x20 build/obj/can_hw.o
 .text.startup._GLOBAL__sub_I_PIN_USED
                0x080005a0       0x20 build/obj/pin_repository.o
 .text.startup._GLOBAL__sub_I__Z22getInputCaptureChannel11brain_pin_e
                0x080005c0       0x40 build/obj/digital_input_hw.o
 .text.startup._GLOBAL__sub_I_getCurrentSpeed
                0x08000600       0x20 build/obj/neo6m.o
 .text.startup._GLOBAL__sub_I_MMCD1
                0x08000620       0x20 build/obj/mmc_card.o
 .text.startup._GLOBAL__sub_I__ZN9AdcDeviceC2EP18ADCConversionGroup
                0x08000640       0x50 build/obj/adc_inputs.o
 .text.startup._GLOBAL__sub_I_hipLastExecutionCount
                0x08000690       0x60 build/obj/HIP9011.o
 .text.startup._GLOBAL__sub_I_DEFAULT_OUTPUT
                0x080006f0       0x30 build/obj/io_pins.o
 .text.startup._GLOBAL__sub_I__Z11date_set_tmP2tm
                0x08000720       0x20 build/obj/rtc_helper.o
 .text.startup._GLOBAL__sub_I_tsLogger
                0x08000740       0x20 build/obj/tunerstudio.o
 .text.startup._GLOBAL__sub_I_warningEnabled
                0x08000760       0x80 build/obj/status_loop.o
 .text.startup._GLOBAL__sub_I__Z6fatal3PcS_i
                0x080007e0       0x20 build/obj/eficonsole.o
 .text.startup._GLOBAL__sub_I__Z14decodePressurefP28air_pressure_sensor_config_s
                0x08000800       0xf0 build/obj/map.o
 .text.startup._GLOBAL__sub_I__Z15printFloatArrayPKcPfi
                0x080008f0       0x20 build/obj/settings.o
 .text.startup._GLOBAL__sub_I__Z22initElectronicThrottlev
                0x08000910       0x70 build/obj/electronic_throttle.o
 .text.startup._GLOBAL__sub_I_dbg_panic_file
                0x08000980       0x20 build/obj/error_handling.o
 .text.startup._GLOBAL__sub_I__Z20mapAveragingCallbackt
                0x080009a0       0x50 build/obj/map_averaging.o
 .text.startup._GLOBAL__sub_I__Z18isRunningBenchTestv
                0x080009f0       0x20 build/obj/injector_central.o
 .text.startup._GLOBAL__sub_I__Z9idleDebugPKcf
                0x08000a10       0x40 build/obj/idle_thread.o
 .text.startup._GLOBAL__sub_I__Z16obdOnCanPacketRxP10CANRxFrame
                0x08000a50       0x20 build/obj/obd2.o
 .text.startup._GLOBAL__sub_I__Z11showAltInfov
                0x08000a70       0x50 build/obj/alternatorController.o
 .text.startup._GLOBAL__sub_I__Z10onJoystick17joystick_button_e
                0x08000ac0      0x2a0 build/obj/lcd_controller.o
 .text.startup._GLOBAL__sub_I_persistentState
                0x08000d60       0x50 build/obj/engine_controller.o
 .text.startup._GLOBAL__sub_I_LE_FIRST
                0x08000db0      0x1e0 build/obj/fsio_core.o
 .text.startup._GLOBAL__sub_I_sysPool
                0x08000f90      0x1e0 build/obj/fsio_impl.o
 .text.startup._GLOBAL__sub_I_veMap
                0x08001170       0x80 build/obj/speed_density.o
 .text.startup._GLOBAL__sub_I_main_loop_started
                0x080011f0       0x20 build/obj/rusefi.o
 .text.startup.main
                0x08001210       0x20 build/obj/main.o
                0x08001210                main
 *(.text)
 .text          0x08001230       0x50 c:/progra~2/codesourcery/sourcery_codebench_lite_for_arm_eabi/bin/../lib/gcc/arm-none-eabi/4.8.1/../../../../arm-none-eabi/lib/thumb2\libm.a(lib_a-s_fpclassify.o)
                0x08001230                __fpclassifyd
 .text          0x08001280       0xac c:/progra~2/codesourcery/sourcery_codebench_lite_for_arm_eabi/bin/../lib/gcc/arm-none-eabi/4.8.1/../../../../arm-none-eabi/lib/thumb2\libm.a(lib_a-s_modf.o)
                0x08001280                modf
 *fill*         0x0800132c        0x4 
 .text          0x08001330       0x9c c:/progra~2/codesourcery/sourcery_codebench_lite_for_arm_eabi/bin/../lib/gcc/arm-none-eabi/4.8.1/../../../../arm-none-eabi/lib/thumb2\libm.a(lib_a-s_round.o)
                0x08001330                round
 *fill*         0x080013cc        0x4 
 .text          0x080013d0       0x34 c:/progra~2/codesourcery/sourcery_codebench_lite_for_arm_eabi/bin/../lib/gcc/arm-none-eabi/4.8.1/../../../../arm-none-eabi/lib/thumb2\libm.a(lib_a-sf_fpclassify.o)
                0x080013d0                __fpclassifyf
 *fill*         0x08001404        0xc 
 .text          0x08001410       0xe0 c:/progra~2/codesourcery/sourcery_codebench_lite_for_arm_eabi/bin/../lib/gcc/arm-none-eabi/4.8.1/../../../../arm-none-eabi/lib/thumb2\libm.a(lib_a-wf_log.o)
                0x08001410                logf
 .text          0x080014f0      0x300 c:/progra~2/codesourcery/sourcery_codebench_lite_for_arm_eabi/bin/../lib/gcc/arm-none-eabi/4.8.1/../../../../arm-none-eabi/lib/thumb2\libm.a(lib_a-ef_log.o)
                0x080014f0                __ieee754_logf
 .text          0x080017f0        0x4 c:/progra~2/codesourcery/sourcery_codebench_lite_for_arm_eabi/bin/../lib/gcc/arm-none-eabi/4.8.1/../../../../arm-none-eabi/lib/thumb2\libm.a(lib_a-s_matherr.o)
                0x080017f0                matherr
 *fill*         0x080017f4        0xc 
 .text          0x08001800        0xc c:/progra~2/codesourcery/sourcery_codebench_lite_for_arm_eabi/bin/../lib/gcc/arm-none-eabi/4.8.1/../../../../arm-none-eabi/lib/thumb2\libm.a(lib_a-s_nan.o)
                0x08001800                nan
 *fill*         0x0800180c        0x4 
 .text          0x08001810      0x370 c:/progra~2/codesourcery/sourcery_codebench_lite_for_arm_eabi/bin/../lib/gcc/arm-none-eabi/4.8.1/thumb2\libgcc.a(_arm_addsubdf3.o)
                0x08001810                __aeabi_drsub
                0x08001818                __aeabi_dsub
                0x08001818                __subdf3
                0x0800181c                __aeabi_dadd
                0x0800181c                __adddf3
                0x08001a94                __floatunsidf
                0x08001a94                __aeabi_ui2d
                0x08001ab4                __floatsidf
                0x08001ab4                __aeabi_i2d
                0x08001ad8                __aeabi_f2d
                0x08001ad8                __extendsfdf2
                0x08001b14                __floatundidf
                0x08001b14                __aeabi_ul2d
                0x08001b24                __floatdidf
                0x08001b24                __aeabi_l2d
 .text          0x08001b80      0x424 c:/progra~2/codesourcery/sourcery_codebench_lite_for_arm_eabi/bin/../lib/gcc/arm-none-eabi/4.8.1/thumb2\libgcc.a(_arm_muldivdf3.o)
                0x08001b80                __aeabi_dmul
                0x08001b80                __muldf3
                0x08001dd4                __divdf3
                0x08001dd4                __aeabi_ddiv
 *fill*         0x08001fa4        0xc 
 .text          0x08001fb0      0x110 c:/progra~2/codesourcery/sourcery_codebench_lite_for_arm_eabi/bin/../lib/gcc/arm-none-eabi/4.8.1/thumb2\libgcc.a(_arm_cmpdf2.o)
                0x08001fb0                __gtdf2
                0x08001fb0                __gedf2
                0x08001fb8                __ltdf2
                0x08001fb8                __ledf2
                0x08001fc0                __nedf2
                0x08001fc0                __eqdf2
                0x08001fc0                __cmpdf2
                0x0800203c                __aeabi_cdrcmple
                0x0800204c                __aeabi_cdcmpeq
                0x0800204c                __aeabi_cdcmple
                0x0800205c                __aeabi_dcmpeq
                0x08002070                __aeabi_dcmplt
                0x08002084                __aeabi_dcmple
                0x08002098                __aeabi_dcmpge
                0x080020ac                __aeabi_dcmpgt
 .text          0x080020c0       0x50 c:/progra~2/codesourcery/sourcery_codebench_lite_for_arm_eabi/bin/../lib/gcc/arm-none-eabi/4.8.1/thumb2\libgcc.a(_arm_fixdfsi.o)
                0x080020c0                __aeabi_d2iz
                0x080020c0                __fixdfsi
 .text          0x08002110       0xa0 c:/progra~2/codesourcery/sourcery_codebench_lite_for_arm_eabi/bin/../lib/gcc/arm-none-eabi/4.8.1/thumb2\libgcc.a(_arm_truncdfsf2.o)
                0x08002110                __truncdfsf2
                0x08002110                __aeabi_d2f
 .text          0x080021b0      0x21c c:/progra~2/codesourcery/sourcery_codebench_lite_for_arm_eabi/bin/../lib/gcc/arm-none-eabi/4.8.1/thumb2\libgcc.a(_arm_addsubsf3.o)
                0x080021b0                __aeabi_frsub
                0x080021b8                __subsf3
                0x080021b8                __aeabi_fsub
                0x080021bc                __aeabi_fadd
                0x080021bc                __addsf3
                0x0800231c                __aeabi_ui2f
                0x0800231c                __floatunsisf
                0x08002324                __aeabi_i2f
                0x08002324                __floatsisf
                0x08002340                __aeabi_ul2f
                0x08002340                __floatundisf
                0x08002350                __aeabi_l2f
                0x08002350                __floatdisf
 *fill*         0x080023cc        0x4 
 .text          0x080023d0      0x2a0 c:/progra~2/codesourcery/sourcery_codebench_lite_for_arm_eabi/bin/../lib/gcc/arm-none-eabi/4.8.1/thumb2\libgcc.a(_arm_muldivsf3.o)
                0x080023d0                __mulsf3
                0x080023d0                __aeabi_fmul
                0x08002538                __aeabi_fdiv
                0x08002538                __divsf3
 .text          0x08002670       0xec c:/progra~2/codesourcery/sourcery_codebench_lite_for_arm_eabi/bin/../lib/gcc/arm-none-eabi/4.8.1/thumb2\libgcc.a(_arm_cmpsf2.o)
                0x08002670                __gesf2
                0x08002670                __gtsf2
                0x08002678                __lesf2
                0x08002678                __ltsf2
                0x08002680                __nesf2
                0x08002680                __eqsf2
                0x08002680                __cmpsf2
                0x080026e0                __aeabi_cfrcmple
                0x080026e8                __aeabi_cfcmpeq
                0x080026e8                __aeabi_cfcmple
                0x080026f8                __aeabi_fcmpeq
                0x0800270c                __aeabi_fcmplt
                0x08002720                __aeabi_fcmple
                0x08002734                __aeabi_fcmpge
                0x08002748                __aeabi_fcmpgt
 *fill*         0x0800275c        0x4 
 .text          0x08002760       0x2c c:/progra~2/codesourcery/sourcery_codebench_lite_for_arm_eabi/bin/../lib/gcc/arm-none-eabi/4.8.1/thumb2\libgcc.a(_aeabi_uldivmod.o)
                0x08002760                __aeabi_uldivmod
 *fill*         0x0800278c        0x4 
 .text          0x08002790       0x48 c:/progra~2/codesourcery/sourcery_codebench_lite_for_arm_eabi/bin/../lib/gcc/arm-none-eabi/4.8.1/thumb2\libgcc.a(_fixunssfdi.o)
                0x08002790                __fixunssfdi
                0x08002790                __aeabi_f2ulz
 *fill*         0x080027d8        0x8 
 .text          0x080027e0       0x60 c:/progra~2/codesourcery/sourcery_codebench_lite_for_arm_eabi/bin/../lib/gcc/arm-none-eabi/4.8.1/thumb2\libgcc.a(bpabi.o)
                0x080027e0                __gnu_ldivmod_helper
                0x08002810                __gnu_uldivmod_helper
 .text          0x08002840        0x4 c:/progra~2/codesourcery/sourcery_codebench_lite_for_arm_eabi/bin/../lib/gcc/arm-none-eabi/4.8.1/thumb2\libgcc.a(_dvmd_tls.o)
                0x08002840                __aeabi_idiv0
                0x08002840                __aeabi_ldiv0
 *fill*         0x08002844        0xc 
 .text          0x08002850       0x40 c:/progra~2/codesourcery/sourcery_codebench_lite_for_arm_eabi/bin/../lib/gcc/arm-none-eabi/4.8.1/thumb2\libgcc.a(_arm_fixunsdfsi.o)
                0x08002850                __aeabi_d2uiz
                0x08002850                __fixunsdfsi
 .text          0x08002890      0x354 c:/progra~2/codesourcery/sourcery_codebench_lite_for_arm_eabi/bin/../lib/gcc/arm-none-eabi/4.8.1/thumb2\libgcc.a(_divdi3.o)
                0x08002890                __divdi3
 *fill*         0x08002be4        0xc 
 .text          0x08002bf0      0x300 c:/progra~2/codesourcery/sourcery_codebench_lite_for_arm_eabi/bin/../lib/gcc/arm-none-eabi/4.8.1/thumb2\libgcc.a(_udivdi3.o)
                0x08002bf0                __udivdi3
 .text          0x08002ef0      0x278 c:/progra~2/codesourcery/sourcery_codebench_lite_for_arm_eabi/bin/../lib/gcc/arm-none-eabi/4.8.1/thumb2\libgcc.a(_udivsi3.o)
                0x08002ef0                __aeabi_uidiv
                0x08002ef0                __udivsi3
                0x0800314c                __aeabi_uidivmod
 *fill*         0x08003168        0x8 
 .text          0x08003170        0xc c:/progra~2/codesourcery/sourcery_codebench_lite_for_arm_eabi/bin/../lib/gcc/arm-none-eabi/4.8.1/../../../../arm-none-eabi/lib/thumb2\libc.a(lib_a-errno.o)
                0x08003170                __errno
 *fill*         0x0800317c        0x4 
 .text          0x08003180        0x8 c:/progra~2/codesourcery/sourcery_codebench_lite_for_arm_eabi/bin/../lib/gcc/arm-none-eabi/4.8.1/../../../../arm-none-eabi/lib/thumb2\libc.a(lib_a-lcltime_r.o)
                0x08003180                localtime_r
 *fill*         0x08003188        0x8 
 .text          0x08003190       0x64 c:/progra~2/codesourcery/sourcery_codebench_lite_for_arm_eabi/bin/../lib/gcc/arm-none-eabi/4.8.1/../../../../arm-none-eabi/lib/thumb2\libc.a(lib_a-memcmp.o)
                0x08003190                memcmp
 *fill*         0x080031f4        0xc 
 .text          0x08003200       0xa8 c:/progra~2/codesourcery/sourcery_codebench_lite_for_arm_eabi/bin/../lib/gcc/arm-none-eabi/4.8.1/../../../../arm-none-eabi/lib/thumb2\libc.a(lib_a-memcpy-stub.o)
                0x08003200                memcpy
 *fill*         0x080032a8        0x8 
 .text          0x080032b0       0xa0 c:/progra~2/codesourcery/sourcery_codebench_lite_for_arm_eabi/bin/../lib/gcc/arm-none-eabi/4.8.1/../../../../arm-none-eabi/lib/thumb2\libc.a(lib_a-memset.o)
                0x080032b0                memset
 .text          0x08003350      0x5bc c:/progra~2/codesourcery/sourcery_codebench_lite_for_arm_eabi/bin/../lib/gcc/arm-none-eabi/4.8.1/../../../../arm-none-eabi/lib/thumb2\libc.a(lib_a-mktime.o)
                0x0800357c                mktime
 *fill*         0x0800390c        0x4 
 .text          0x08003910      0x510 c:/progra~2/codesourcery/sourcery_codebench_lite_for_arm_eabi/bin/../lib/gcc/arm-none-eabi/4.8.1/../../../../arm-none-eabi/lib/thumb2\libc.a(lib_a-mktm_r.o)
                0x08003910                __tzcalc_limits
                0x08003ab4                _mktm_r
 .text          0x08003e20       0xf8 c:/progra~2/codesourcery/sourcery_codebench_lite_for_arm_eabi/bin/../lib/gcc/arm-none-eabi/4.8.1/../../../../arm-none-eabi/lib/thumb2\libc.a(lib_a-strchr.o)
                0x08003e20                strchr
 *fill*         0x08003f18        0x8 
 .text          0x08003f20       0xbc c:/progra~2/codesourcery/sourcery_codebench_lite_for_arm_eabi/bin/../lib/gcc/arm-none-eabi/4.8.1/../../../../arm-none-eabi/lib/thumb2\libc.a(lib_a-strcpy.o)
                0x08003f20                strcpy
 *fill*         0x08003fdc        0x4 
 .text          0x08003fe0       0x60 c:/progra~2/codesourcery/sourcery_codebench_lite_for_arm_eabi/bin/../lib/gcc/arm-none-eabi/4.8.1/../../../../arm-none-eabi/lib/thumb2\libc.a(lib_a-strlen.o)
                0x08003fe0                strlen
 .text          0x08004040       0xb8 c:/progra~2/codesourcery/sourcery_codebench_lite_for_arm_eabi/bin/../lib/gcc/arm-none-eabi/4.8.1/../../../../arm-none-eabi/lib/thumb2\libc.a(lib_a-strncmp.o)
                0x08004040                strncmp
 *fill*         0x080040f8        0x8 
 .text          0x08004100       0x68 c:/progra~2/codesourcery/sourcery_codebench_lite_for_arm_eabi/bin/../lib/gcc/arm-none-eabi/4.8.1/../../../../arm-none-eabi/lib/thumb2\libc.a(lib_a-strncpy.o)
                0x08004100                strncpy
 *fill*         0x08004168        0x8 
 .text          0x08004170       0x28 c:/progra~2/codesourcery/sourcery_codebench_lite_for_arm_eabi/bin/../lib/gcc/arm-none-eabi/4.8.1/../../../../arm-none-eabi/lib/thumb2\libc.a(lib_a-strrchr.o)
                0x08004170                strrchr
 *fill*         0x08004198        0x8 
 .text          0x080041a0      0x508 c:/progra~2/codesourcery/sourcery_codebench_lite_for_arm_eabi/bin/../lib/gcc/arm-none-eabi/4.8.1/../../../../arm-none-eabi/lib/thumb2\libc.a(lib_a-strstr.o)
                0x08004484                strstr
 *fill*         0x080046a8        0x8 
 .text          0x080046b0        0x8 c:/progra~2/codesourcery/sourcery_codebench_lite_for_arm_eabi/bin/../lib/gcc/arm-none-eabi/4.8.1/../../../../arm-none-eabi/lib/thumb2\libc.a(lib_a-tzlock.o)
                0x080046b0                __tz_lock
                0x080046b4                __tz_unlock
 *fill*         0x080046b8        0x8 
 .text          0x080046c0       0x44 c:/progra~2/codesourcery/sourcery_codebench_lite_for_arm_eabi/bin/../lib/gcc/arm-none-eabi/4.8.1/../../../../arm-none-eabi/lib/thumb2\libc.a(lib_a-div.o)
                0x080046c0                div
 *fill*         0x08004704        0xc 
 .text          0x08004710        0xc c:/progra~2/codesourcery/sourcery_codebench_lite_for_arm_eabi/bin/../lib/gcc/arm-none-eabi/4.8.1/../../../../arm-none-eabi/lib/thumb2\libc.a(lib_a-gettzinfo.o)
                0x08004710                __gettzinfo
 *fill*         0x0800471c        0x4 
 .text          0x08004720       0x90 c:/progra~2/codesourcery/sourcery_codebench_lite_for_arm_eabi/bin/../lib/gcc/arm-none-eabi/4.8.1/../../../../arm-none-eabi/lib/thumb2\libc.a(lib_a-memchr-stub.o)
                0x08004720                memchr
 .text          0x080047b0      0x2b0 c:/progra~2/codesourcery/sourcery_codebench_lite_for_arm_eabi/bin/../lib/gcc/arm-none-eabi/4.8.1/thumb2\libgcc.a(_divsi3.o)
                0x080047b0                __divsi3
                0x080047b0                __aeabi_idiv
                0x08004a44                __aeabi_idivmod
 *(.text.*)
 .text.__late_init
                0x08004a60       0x10 build/obj/crt0.o
                0x08004a60                __late_init
 .text._default_exit
                0x08004a70       0x10 build/obj/crt0.o
                0x08004a70                _default_exit
 .text.ResetHandler
                0x08004a80      0x170 build/obj/crt0.o
                0x08004a80                ResetHandler
 .text._unhandled_exception
                0x08004bf0       0x10 build/obj/vectors.o
                0x08004bf0                Vector1A0
                0x08004bf0                NMIVector
                0x08004bf0                Vector11C
                0x08004bf0                Vector19C
                0x08004bf0                Vector168
                0x08004bf0                Vector110
                0x08004bf0                VectorC8
                0x08004bf0                VectorA8
                0x08004bf0                Vector160
                0x08004bf0                VectorEC
                0x08004bf0                Vector40
                0x08004bf0                Vector190
                0x08004bf0                Vector188
                0x08004bf0                PendSVVector
                0x08004bf0                Vector198
                0x08004bf0                Vector118
                0x08004bf0                VectorCC
                0x08004bf0                Vector54
                0x08004bf0                Vector24
                0x08004bf0                Vector178
                0x08004bf0                Vector1A4
                0x08004bf0                VectorD0
                0x08004bf0                Vector134
                0x08004bf0                Vector100
                0x08004bf0                VectorF4
                0x08004bf0                MemManageVector
                0x08004bf0                VectorC4
                0x08004bf0                Vector180
                0x08004bf0                Vector114
                0x08004bf0                Vector164
                0x08004bf0                Vector1C
                0x08004bf0                Vector17C
                0x08004bf0                Vector48
                0x08004bf0                Vector1A8
                0x08004bf0                Vector16C
                0x08004bf0                Vector15C
                0x08004bf0                _unhandled_exception
                0x08004bf0                Vector104
                0x08004bf0                Vector184
                0x08004bf0                Vector10C
                0x08004bf0                Vector50
                0x08004bf0                Vector194
                0x08004bf0                Vector28
                0x08004bf0                Vector34
                0x08004bf0                Vector20
                0x08004bf0                Vector18C
                0x08004bf0                Vector174
 .text.port_halt
                0x08004c00       0x10 build/obj/chcore.o
                0x08004c00                port_halt
 .text._port_switch_from_isr
                0x08004c10       0x10 build/obj/chcore_v7m.o
                0x08004c10                _port_switch_from_isr
 .text.SVCallVector
                0x08004c20       0x30 build/obj/chcore_v7m.o
                0x08004c20                SVCallVector
 .text._port_init
                0x08004c50       0x40 build/obj/chcore_v7m.o
                0x08004c50                _port_init
 .text._port_irq_epilogue
                0x08004c90       0x90 build/obj/chcore_v7m.o
                0x08004c90                _port_irq_epilogue
 .text.SysTickVector
                0x08004d20       0x30 build/obj/chcore_v7m.o
                0x08004d20                SysTickVector
 .text._port_switch
                0x08004d50       0x20 build/obj/chcore_v7m.o
                0x08004d50                _port_switch
 .text._port_thread_start
                0x08004d70       0x20 build/obj/chcore_v7m.o
                0x08004d70                _port_thread_start
 .text.nvicEnableVector
                0x08004d90       0x50 build/obj/nvic.o
                0x08004d90                nvicEnableVector
 .text.nvicDisableVector
                0x08004de0       0x50 build/obj/nvic.o
                0x08004de0                nvicDisableVector
 .text.nvicSetSystemHandlerPriority
                0x08004e30       0x30 build/obj/nvic.o
                0x08004e30                nvicSetSystemHandlerPriority
 .text._idle_thread
                0x08004e60       0x20 build/obj/chsys.o
                0x08004e60                _idle_thread
 .text.chSysInit
                0x08004e80       0x90 build/obj/chsys.o
                0x08004e80                chSysInit
 .text.chSysTimerHandlerI
                0x08004f10       0x80 build/obj/chsys.o
                0x08004f10                chSysTimerHandlerI
 .text.dbg_check_enable
                0x08004f90       0x40 build/obj/chdebug.o
                0x08004f90                dbg_check_enable
 .text.dbg_check_lock
                0x08004fd0       0x40 build/obj/chdebug.o
                0x08004fd0                dbg_check_lock
 .text.dbg_check_unlock
                0x08005010       0x40 build/obj/chdebug.o
                0x08005010                dbg_check_unlock
 .text.dbg_check_lock_from_isr
                0x08005050       0x40 build/obj/chdebug.o
                0x08005050                dbg_check_lock_from_isr
 .text.dbg_check_unlock_from_isr
                0x08005090       0x50 build/obj/chdebug.o
                0x08005090                dbg_check_unlock_from_isr
 .text.dbg_check_enter_isr
                0x080050e0       0x60 build/obj/chdebug.o
                0x080050e0                dbg_check_enter_isr
 .text.dbg_check_leave_isr
                0x08005140       0x50 build/obj/chdebug.o
                0x08005140                dbg_check_leave_isr
 .text.chDbgCheckClassI
                0x08005190       0x40 build/obj/chdebug.o
                0x08005190                chDbgCheckClassI
 .text.chDbgCheckClassS
                0x080051d0       0x40 build/obj/chdebug.o
                0x080051d0                chDbgCheckClassS
 .text._trace_init
                0x08005210       0x20 build/obj/chdebug.o
                0x08005210                _trace_init
 .text.dbg_trace
                0x08005230       0x50 build/obj/chdebug.o
                0x08005230                dbg_trace
 .text.chDbgPanic
                0x08005280       0x10 build/obj/chdebug.o
                0x08005280                chDbgPanic
 .text._vt_init
                0x08005290       0x20 build/obj/chvt.o
                0x08005290                _vt_init
 .text.chVTSetI
                0x080052b0       0x70 build/obj/chvt.o
                0x080052b0                chVTSetI
 .text.chVTResetI
                0x08005320       0x60 build/obj/chvt.o
                0x08005320                chVTResetI
 .text._scheduler_init
                0x08005380       0x20 build/obj/chschd.o
                0x08005380                _scheduler_init
 .text.chSchReadyI
                0x080053a0       0x50 build/obj/chschd.o
                0x080053a0                chSchReadyI
 .text.wakeup   0x080053f0       0x60 build/obj/chschd.o
 .text.chSchGoSleepS
                0x08005450       0x60 build/obj/chschd.o
                0x08005450                chSchGoSleepS
 .text.chSchGoSleepTimeoutS
                0x080054b0       0x60 build/obj/chschd.o
                0x080054b0                chSchGoSleepTimeoutS
 .text.chSchWakeupS
                0x08005510       0x60 build/obj/chschd.o
                0x08005510                chSchWakeupS
 .text.chSchDoRescheduleBehind
                0x08005570       0x60 build/obj/chschd.o
                0x08005570                chSchDoRescheduleBehind
 .text.chSchDoRescheduleAhead
                0x080055d0       0x70 build/obj/chschd.o
                0x080055d0                chSchDoRescheduleAhead
 .text.chSchRescheduleS
                0x08005640       0x30 build/obj/chschd.o
                0x08005640                chSchRescheduleS
 .text.chSchDoReschedule
                0x08005670       0x20 build/obj/chschd.o
                0x08005670                chSchDoReschedule
 .text._thread_init
                0x08005690       0x50 build/obj/chthreads.o
                0x08005690                _thread_init
 .text._thread_memfill
                0x080056e0       0x10 build/obj/chthreads.o
                0x080056e0                _thread_memfill
 .text.chThdCreateI
                0x080056f0       0xc0 build/obj/chthreads.o
                0x080056f0                chThdCreateI
 .text.chThdCreateStatic
                0x080057b0       0x70 build/obj/chthreads.o
                0x080057b0                chThdCreateStatic
 .text.chThdSleep
                0x08005820       0x40 build/obj/chthreads.o
                0x08005820                chThdSleep
 .text.chThdExitS
                0x08005860       0x40 build/obj/chthreads.o
                0x08005860                chThdExitS
 .text.chThdExit
                0x080058a0       0x20 build/obj/chthreads.o
                0x080058a0                chThdExit
 .text.chRegFirstThread
                0x080058c0       0x30 build/obj/chregistry.o
                0x080058c0                chRegFirstThread
 .text.chRegNextThread
                0x080058f0       0x30 build/obj/chregistry.o
                0x080058f0                chRegNextThread
 .text.chSemInit
                0x08005920       0x40 build/obj/chsem.o
                0x08005920                chSemInit
 .text.chSemWaitTimeoutS
                0x08005960       0x90 build/obj/chsem.o
                0x08005960                chSemWaitTimeoutS
 .text.chSemSignalI
                0x080059f0       0x70 build/obj/chsem.o
                0x080059f0                chSemSignalI
 .text.chMtxInit
                0x08005a60       0x30 build/obj/chmtx.o
                0x08005a60                chMtxInit
 .text.chMtxLockS
                0x08005a90       0xf0 build/obj/chmtx.o
                0x08005a90                chMtxLockS
 .text.chMtxLock
                0x08005b80       0x20 build/obj/chmtx.o
                0x08005b80                chMtxLock
 .text.chMtxUnlock
                0x08005ba0       0x90 build/obj/chmtx.o
                0x08005ba0                chMtxUnlock
 .text.chEvtRegisterMask
                0x08005c30       0x60 build/obj/chevents.o
                0x08005c30                chEvtRegisterMask
 .text.chEvtSignalI
                0x08005c90       0x60 build/obj/chevents.o
                0x08005c90                chEvtSignalI
 .text.chEvtBroadcastFlagsI
                0x08005cf0       0x40 build/obj/chevents.o
                0x08005cf0                chEvtBroadcastFlagsI
 .text.chEvtGetAndClearFlagsI
                0x08005d30       0x10 build/obj/chevents.o
                0x08005d30                chEvtGetAndClearFlagsI
 .text.qwait    0x08005d40       0x30 build/obj/chqueues.o
 .text.chIQInit
                0x08005d70       0x20 build/obj/chqueues.o
                0x08005d70                chIQInit
 .text.chIQResetI
                0x08005d90       0x30 build/obj/chqueues.o
                0x08005d90                chIQResetI
 .text.chIQPutI
                0x08005dc0       0x60 build/obj/chqueues.o
                0x08005dc0                chIQPutI
 .text.chIQGetTimeout
                0x08005e20       0x70 build/obj/chqueues.o
                0x08005e20                chIQGetTimeout
 .text.chIQReadTimeout
                0x08005e90       0xb0 build/obj/chqueues.o
                0x08005e90                chIQReadTimeout
 .text.chOQInit
                0x08005f40       0x20 build/obj/chqueues.o
                0x08005f40                chOQInit
 .text.chOQResetI
                0x08005f60       0x40 build/obj/chqueues.o
                0x08005f60                chOQResetI
 .text.chOQPutTimeout
                0x08005fa0       0x70 build/obj/chqueues.o
                0x08005fa0                chOQPutTimeout
 .text.chOQGetI
                0x08006010       0x50 build/obj/chqueues.o
                0x08006010                chOQGetI
 .text.chOQWriteTimeout
                0x08006060       0xb0 build/obj/chqueues.o
                0x08006060                chOQWriteTimeout
 .text._core_init
                0x08006110       0x30 build/obj/chmemcore.o
                0x08006110                _core_init
 .text.chCoreAllocI
                0x08006140       0x40 build/obj/chmemcore.o
                0x08006140                chCoreAllocI
 .text.chCoreAlloc
                0x08006180       0x30 build/obj/chmemcore.o
                0x08006180                chCoreAlloc
 .text._heap_init
                0x080061b0       0x20 build/obj/chheap.o
                0x080061b0                _heap_init
 .text.chHeapAlloc
                0x080061d0       0x90 build/obj/chheap.o
                0x080061d0                chHeapAlloc
 .text.chHeapFree
                0x08006260       0xe0 build/obj/chheap.o
                0x08006260                chHeapFree
 .text.long_to_string_with_divisor
                0x08006340       0x50 build/obj/chprintf.o
 .text.ftoa     0x08006390       0xd0 build/obj/chprintf.o
                0x08006390                ftoa
 .text.chvprintf
                0x08006460      0x300 build/obj/chprintf.o
                0x08006460                chvprintf
 .text.put      0x08006760       0x20 build/obj/memstreams.o
 .text.get      0x08006780       0x20 build/obj/memstreams.o
 .text.reads    0x080067a0       0x30 build/obj/memstreams.o
 .text.writes   0x080067d0       0x30 build/obj/memstreams.o
 .text.msObjectInit
                0x08006800       0x20 build/obj/memstreams.o
                0x08006800                msObjectInit
 .text.stm32_rtc_bcd2tm.isra.0
                0x08006820       0xb0 build/obj/chrtclib.o
 .text.stm32_rtc_tm2bcd.isra.1
                0x080068d0      0x110 build/obj/chrtclib.o
 .text.rtcGetTimeTm
                0x080069e0       0x30 build/obj/chrtclib.o
                0x080069e0                rtcGetTimeTm
 .text.rtcSetTimeTm
                0x08006a10       0x30 build/obj/chrtclib.o
                0x08006a10                rtcSetTimeTm
 .text.rtcGetTimeUnixSec
                0x08006a40       0x30 build/obj/chrtclib.o
                0x08006a40                rtcGetTimeUnixSec
 .text.rtcSetTimeUnixSec
                0x08006a70       0x40 build/obj/chrtclib.o
                0x08006a70                rtcSetTimeUnixSec
 .text.calc_crc
                0x08006ab0       0x50 build/obj/crc.o
                0x08006ab0                calc_crc
 .text.crc32    0x08006b00       0x40 build/obj/crc.o
                0x08006b00                crc32
 .text.chVTSetAny
                0x08006b40       0x40 build/obj/rfiutil.o
                0x08006b40                chVTSetAny
 .text.halInit  0x08006b80       0x50 build/obj/hal.o
                0x08006b80                halInit
 .text.halPolledDelay
                0x08006bd0       0x50 build/obj/hal.o
                0x08006bd0                halPolledDelay
 .text.adcInit  0x08006c20       0x10 build/obj/adc.o
                0x08006c20                adcInit
 .text.adcObjectInit
                0x08006c30       0x20 build/obj/adc.o
                0x08006c30                adcObjectInit
 .text.adcStart
                0x08006c50       0x60 build/obj/adc.o
                0x08006c50                adcStart
 .text.adcStartConversionI
                0x08006cb0       0x70 build/obj/adc.o
                0x08006cb0                adcStartConversionI
 .text.canInit  0x08006d20       0x10 build/obj/can.o
                0x08006d20                canInit
 .text.canObjectInit
                0x08006d30       0x40 build/obj/can.o
                0x08006d30                canObjectInit
 .text.canStart
                0x08006d70       0x80 build/obj/can.o
                0x08006d70                canStart
 .text.canTransmit
                0x08006df0       0xb0 build/obj/can.o
                0x08006df0                canTransmit
 .text.canReceive
                0x08006ea0       0xb0 build/obj/can.o
                0x08006ea0                canReceive
 .text.extInit  0x08006f50       0x10 build/obj/ext.o
                0x08006f50                extInit
 .text.extObjectInit
                0x08006f60       0x10 build/obj/ext.o
                0x08006f60                extObjectInit
 .text.extStart
                0x08006f70       0x60 build/obj/ext.o
                0x08006f70                extStart
 .text.gptInit  0x08006fd0       0x10 build/obj/gpt.o
                0x08006fd0                gptInit
 .text.gptObjectInit
                0x08006fe0       0x10 build/obj/gpt.o
                0x08006fe0                gptObjectInit
 .text.gptStart
                0x08006ff0       0x60 build/obj/gpt.o
                0x08006ff0                gptStart
 .text.gptStartOneShotI
                0x08007050       0x50 build/obj/gpt.o
                0x08007050                gptStartOneShotI
 .text.gptStopTimerI
                0x080070a0       0x50 build/obj/gpt.o
                0x080070a0                gptStopTimerI
 .text.i2cInit  0x080070f0       0x10 build/obj/i2c.o
                0x080070f0                i2cInit
 .text.i2cObjectInit
                0x08007100       0x10 build/obj/i2c.o
                0x08007100                i2cObjectInit
 .text.icuInit  0x08007110       0x10 build/obj/icu.o
                0x08007110                icuInit
 .text.icuObjectInit
                0x08007120       0x10 build/obj/icu.o
                0x08007120                icuObjectInit
 .text.icuStart
                0x08007130       0x60 build/obj/icu.o
                0x08007130                icuStart
 .text.icuStop  0x08007190       0x60 build/obj/icu.o
                0x08007190                icuStop
 .text.icuEnable
                0x080071f0       0x50 build/obj/icu.o
                0x080071f0                icuEnable
 .text.icuDisable
                0x08007240       0x60 build/obj/icu.o
                0x08007240                icuDisable
 .text.mmcGetInfo
                0x080072a0       0x40 build/obj/mmc_spi.o
                0x080072a0                mmcGetInfo
 .text.wait.isra.0
                0x080072e0       0x40 build/obj/mmc_spi.o
 .text.send_hdr
                0x08007320       0x70 build/obj/mmc_spi.o
 .text.recvr1.isra.1
                0x08007390       0x30 build/obj/mmc_spi.o
 .text.send_command_R3
                0x080073c0       0x40 build/obj/mmc_spi.o
 .text.send_command_R1
                0x08007400       0x30 build/obj/mmc_spi.o
 .text.read_CxD
                0x08007430       0xb0 build/obj/mmc_spi.o
 .text.mmcConnect
                0x080074e0      0x160 build/obj/mmc_spi.o
                0x080074e0                mmcConnect
 .text.sync.isra.2
                0x08007640       0x40 build/obj/mmc_spi.o
 .text.mmcDisconnect
                0x08007680       0x90 build/obj/mmc_spi.o
                0x08007680                mmcDisconnect
 .text.mmcSync  0x08007710       0x50 build/obj/mmc_spi.o
                0x08007710                mmcSync
 .text.mmcInit  0x08007760       0x10 build/obj/mmc_spi.o
                0x08007760                mmcInit
 .text.mmcObjectInit
                0x08007770       0x20 build/obj/mmc_spi.o
                0x08007770                mmcObjectInit
 .text.mmcStart
                0x08007790       0x50 build/obj/mmc_spi.o
                0x08007790                mmcStart
 .text.mmcStop  0x080077e0       0x50 build/obj/mmc_spi.o
                0x080077e0                mmcStop
 .text.mmcStartSequentialRead
                0x08007830       0x80 build/obj/mmc_spi.o
                0x08007830                mmcStartSequentialRead
 .text.mmcSequentialRead
                0x080078b0       0x90 build/obj/mmc_spi.o
                0x080078b0                mmcSequentialRead
 .text.mmcStopSequentialRead
                0x08007940       0x60 build/obj/mmc_spi.o
                0x08007940                mmcStopSequentialRead
 .text.mmc_read
                0x080079a0       0x40 build/obj/mmc_spi.o
 .text.mmcStartSequentialWrite
                0x080079e0       0x80 build/obj/mmc_spi.o
                0x080079e0                mmcStartSequentialWrite
 .text.mmcSequentialWrite
                0x08007a60       0xb0 build/obj/mmc_spi.o
                0x08007a60                mmcSequentialWrite
 .text.mmcStopSequentialWrite
                0x08007b10       0x50 build/obj/mmc_spi.o
                0x08007b10                mmcStopSequentialWrite
 .text.mmc_write
                0x08007b60       0x40 build/obj/mmc_spi.o
 .text.mmcsd_get_slice
                0x08007ba0       0x70 build/obj/mmcsd.o
 .text.mmcsdGetCapacity
                0x08007c10       0x50 build/obj/mmcsd.o
                0x08007c10                mmcsdGetCapacity
 .text.pwmInit  0x08007c60       0x10 build/obj/pwm.o
                0x08007c60                pwmInit
 .text.pwmObjectInit
                0x08007c70       0x10 build/obj/pwm.o
                0x08007c70                pwmObjectInit
 .text.pwmStart
                0x08007c80       0x70 build/obj/pwm.o
                0x08007c80                pwmStart
 .text.rtcInit  0x08007cf0       0x10 build/obj/rtc.o
                0x08007cf0                rtcInit
 .text.rtcSetTime
                0x08007d00       0x50 build/obj/rtc.o
                0x08007d00                rtcSetTime
 .text.rtcGetTime
                0x08007d50       0x50 build/obj/rtc.o
                0x08007d50                rtcGetTime
 .text.rtcGetTimeFat
                0x08007da0       0x30 build/obj/rtc.o
                0x08007da0                rtcGetTimeFat
 .text.readt    0x08007dd0       0x10 build/obj/serial.o
 .text.read     0x08007de0       0x10 build/obj/serial.o
 .text.writet   0x08007df0       0x10 build/obj/serial.o
 .text.write    0x08007e00       0x10 build/obj/serial.o
 .text.gett     0x08007e10       0x10 build/obj/serial.o
 .text.get      0x08007e20       0x10 build/obj/serial.o
 .text.putt     0x08007e30       0x10 build/obj/serial.o
 .text.put      0x08007e40       0x10 build/obj/serial.o
 .text.sdInit   0x08007e50       0x10 build/obj/serial.o
                0x08007e50                sdInit
 .text.sdObjectInit
                0x08007e60       0x50 build/obj/serial.o
                0x08007e60                sdObjectInit
 .text.sdStart  0x08007eb0       0x60 build/obj/serial.o
                0x08007eb0                sdStart
 .text.sdIncomingDataI
                0x08007f10       0x60 build/obj/serial.o
                0x08007f10                sdIncomingDataI
 .text.onotify  0x08007f70       0x70 build/obj/serial_usb.o
 .text.inotify  0x08007fe0       0x80 build/obj/serial_usb.o
 .text.readt    0x08008060       0x10 build/obj/serial_usb.o
 .text.read     0x08008070       0x10 build/obj/serial_usb.o
 .text.writet   0x08008080       0x10 build/obj/serial_usb.o
 .text.write    0x08008090       0x10 build/obj/serial_usb.o
 .text.gett     0x080080a0       0x10 build/obj/serial_usb.o
 .text.get      0x080080b0       0x10 build/obj/serial_usb.o
 .text.putt     0x080080c0       0x10 build/obj/serial_usb.o
 .text.put      0x080080d0       0x10 build/obj/serial_usb.o
 .text.sduInit  0x080080e0       0x10 build/obj/serial_usb.o
                0x080080e0                sduInit
 .text.sduObjectInit
                0x080080f0       0x50 build/obj/serial_usb.o
                0x080080f0                sduObjectInit
 .text.sduStart
                0x08008140       0x70 build/obj/serial_usb.o
                0x08008140                sduStart
 .text.sduConfigureHookI
                0x080081b0       0x50 build/obj/serial_usb.o
                0x080081b0                sduConfigureHookI
 .text.sduRequestsHook
                0x08008200       0x50 build/obj/serial_usb.o
                0x08008200                sduRequestsHook
 .text.sduDataTransmitted
                0x08008250       0x90 build/obj/serial_usb.o
                0x08008250                sduDataTransmitted
 .text.sduDataReceived
                0x080082e0       0x80 build/obj/serial_usb.o
                0x080082e0                sduDataReceived
 .text.sduInterruptTransmitted
                0x08008360       0x10 build/obj/serial_usb.o
                0x08008360                sduInterruptTransmitted
 .text.spiInit  0x08008370       0x10 build/obj/spi.o
                0x08008370                spiInit
 .text.spiObjectInit
                0x08008380       0x10 build/obj/spi.o
                0x08008380                spiObjectInit
 .text.spiStart
                0x08008390       0x60 build/obj/spi.o
                0x08008390                spiStart
 .text.spiStop  0x080083f0       0x60 build/obj/spi.o
                0x080083f0                spiStop
 .text.spiSelect
                0x08008450       0x50 build/obj/spi.o
                0x08008450                spiSelect
 .text.spiUnselect
                0x080084a0       0x50 build/obj/spi.o
                0x080084a0                spiUnselect
 .text.spiIgnore
                0x080084f0       0x90 build/obj/spi.o
                0x080084f0                spiIgnore
 .text.spiExchange
                0x08008580       0xa0 build/obj/spi.o
                0x08008580                spiExchange
 .text.spiSend  0x08008620       0xa0 build/obj/spi.o
                0x08008620                spiSend
 .text.spiReceive
                0x080086c0       0xa0 build/obj/spi.o
                0x080086c0                spiReceive
 .text.usbInit  0x08008760       0x10 build/obj/usb.o
                0x08008760                usbInit
 .text.usbObjectInit
                0x08008770       0x20 build/obj/usb.o
                0x08008770                usbObjectInit
 .text.usbStart
                0x08008790       0x70 build/obj/usb.o
                0x08008790                usbStart
 .text.usbInitEndpointI
                0x08008800       0x80 build/obj/usb.o
                0x08008800                usbInitEndpointI
 .text.usbPrepareQueuedReceive
                0x08008880       0x20 build/obj/usb.o
                0x08008880                usbPrepareQueuedReceive
 .text.usbPrepareQueuedTransmit
                0x080088a0       0x20 build/obj/usb.o
                0x080088a0                usbPrepareQueuedTransmit
 .text.usbStartReceiveI
                0x080088c0       0x50 build/obj/usb.o
                0x080088c0                usbStartReceiveI
 .text.usbStartTransmitI
                0x08008910       0x50 build/obj/usb.o
                0x08008910                usbStartTransmitI
 .text._usb_reset
                0x08008960       0x30 build/obj/usb.o
                0x08008960                _usb_reset
 .text._usb_ep0setup
                0x08008990      0x330 build/obj/usb.o
                0x08008990                _usb_ep0setup
 .text._usb_ep0in
                0x08008cc0       0xe0 build/obj/usb.o
                0x08008cc0                _usb_ep0in
 .text._usb_ep0out
                0x08008da0       0x90 build/obj/usb.o
                0x08008da0                _usb_ep0out
 .text.get_descriptor
                0x08008e30       0x40 build/obj/usbcfg.o
 .text.usb_event
                0x08008e70       0x50 build/obj/usbcfg.o
 .text.usb_serial_start
                0x08008ec0       0x60 build/obj/usbconsole.o
                0x08008ec0                usb_serial_start
 .text.is_usb_serial_ready
                0x08008f20       0x20 build/obj/usbconsole.o
                0x08008f20                is_usb_serial_ready
 .text.flashSectorBegin
                0x08008f40       0x40 build/obj/flash.o
                0x08008f40                flashSectorBegin
 .text.flashSectorErase
                0x08008f80      0x150 build/obj/flash.o
                0x08008f80                flashSectorErase
 .text.flashErase
                0x080090d0       0x60 build/obj/flash.o
                0x080090d0                flashErase
 .text.flashRead
                0x08009130       0x10 build/obj/flash.o
                0x08009130                flashRead
 .text.flashWrite
                0x08009140      0x170 build/obj/flash.o
                0x08009140                flashWrite
 .text.initMalfunctionCentral
                0x080092b0       0x10 build/obj/malfunction_central.o
                0x080092b0                initMalfunctionCentral
 .text.addError
                0x080092c0       0x50 build/obj/malfunction_central.o
                0x080092c0                addError
 .text.removeError
                0x08009310       0x70 build/obj/malfunction_central.o
                0x08009310                removeError
 .text.setError
                0x08009380       0x10 build/obj/malfunction_central.o
                0x08009380                setError
 .text.getErrorCodes
                0x08009390       0x30 build/obj/malfunction_central.o
                0x08009390                getErrorCodes
 .text.hasErrorCodes
                0x080093c0       0x20 build/obj/malfunction_central.o
                0x080093c0                hasErrorCodes
 .text.hex2int  0x080093e0       0x30 build/obj/nmea.o
                0x080093e0                hex2int
 .text.gps_deg_dec
                0x08009410      0x120 build/obj/nmea.o
                0x08009410                gps_deg_dec
 .text.gps_convert_deg_to_dec
                0x08009530       0x40 build/obj/nmea.o
                0x08009530                gps_convert_deg_to_dec
 .text.str_till_comma
                0x08009570       0x40 build/obj/nmea.o
                0x08009570                str_till_comma
 .text.nmea_parse_gpgga
                0x080095b0       0xe0 build/obj/nmea.o
                0x080095b0                nmea_parse_gpgga
 .text.nmea_parse_gprmc
                0x08009690      0x1d0 build/obj/nmea.o
                0x08009690                nmea_parse_gprmc
 .text.nmea_valid_checksum
                0x08009860       0x40 build/obj/nmea.o
                0x08009860                nmea_valid_checksum
 .text.nmea_get_message_type
                0x080098a0       0x40 build/obj/nmea.o
                0x080098a0                nmea_get_message_type
 .text.gps_location
                0x080098e0       0x50 build/obj/nmea.o
                0x080098e0                gps_location
 .text.Vector6C
                0x08009930       0x40 build/obj/stm32_dma.o
                0x08009930                Vector6C
 .text.Vector70
                0x08009970       0x40 build/obj/stm32_dma.o
                0x08009970                Vector70
 .text.Vector74
                0x080099b0       0x40 build/obj/stm32_dma.o
                0x080099b0                Vector74
 .text.Vector78
                0x080099f0       0x40 build/obj/stm32_dma.o
                0x080099f0                Vector78
 .text.Vector7C
                0x08009a30       0x40 build/obj/stm32_dma.o
                0x08009a30                Vector7C
 .text.Vector80
                0x08009a70       0x40 build/obj/stm32_dma.o
                0x08009a70                Vector80
 .text.Vector84
                0x08009ab0       0x40 build/obj/stm32_dma.o
                0x08009ab0                Vector84
 .text.VectorFC
                0x08009af0       0x40 build/obj/stm32_dma.o
                0x08009af0                VectorFC
 .text.Vector120
                0x08009b30       0x40 build/obj/stm32_dma.o
                0x08009b30                Vector120
 .text.Vector124
                0x08009b70       0x40 build/obj/stm32_dma.o
                0x08009b70                Vector124
 .text.Vector128
                0x08009bb0       0x40 build/obj/stm32_dma.o
                0x08009bb0                Vector128
 .text.Vector12C
                0x08009bf0       0x40 build/obj/stm32_dma.o
                0x08009bf0                Vector12C
 .text.Vector130
                0x08009c30       0x40 build/obj/stm32_dma.o
                0x08009c30                Vector130
 .text.Vector150
                0x08009c70       0x40 build/obj/stm32_dma.o
                0x08009c70                Vector150
 .text.Vector154
                0x08009cb0       0x40 build/obj/stm32_dma.o
                0x08009cb0                Vector154
 .text.Vector158
                0x08009cf0       0x40 build/obj/stm32_dma.o
                0x08009cf0                Vector158
 .text.dmaInit  0x08009d30       0x60 build/obj/stm32_dma.o
                0x08009d30                dmaInit
 .text.dmaStreamAllocate
                0x08009d90       0xd0 build/obj/stm32_dma.o
                0x08009d90                dmaStreamAllocate
 .text.dmaStreamRelease
                0x08009e60       0x90 build/obj/stm32_dma.o
                0x08009e60                dmaStreamRelease
 .text.hal_lld_init
                0x08009ef0       0xf0 build/obj/hal_lld.o
                0x08009ef0                hal_lld_init
 .text.stm32_clock_init
                0x08009fe0      0x110 build/obj/hal_lld.o
                0x08009fe0                stm32_clock_init
 .text.adc_lld_init
                0x0800a0f0       0x60 build/obj/adc_lld.o
                0x0800a0f0                adc_lld_init
 .text.adc_lld_start
                0x0800a150       0xd0 build/obj/adc_lld.o
                0x0800a150                adc_lld_start
 .text.adc_lld_start_conversion
                0x0800a220       0xa0 build/obj/adc_lld.o
                0x0800a220                adc_lld_start_conversion
 .text.adc_lld_stop_conversion
                0x0800a2c0       0x40 build/obj/adc_lld.o
                0x0800a2c0                adc_lld_stop_conversion
 .text.Vector88
                0x0800a300      0x110 build/obj/adc_lld.o
                0x0800a300                Vector88
 .text.adc_lld_serve_rx_interrupt
                0x0800a410      0x110 build/obj/adc_lld.o
 .text.Vector58
                0x0800a520       0x30 build/obj/ext_lld_isr.o
                0x0800a520                Vector58
 .text.Vector5C
                0x0800a550       0x30 build/obj/ext_lld_isr.o
                0x0800a550                Vector5C
 .text.Vector60
                0x0800a580       0x30 build/obj/ext_lld_isr.o
                0x0800a580                Vector60
 .text.Vector64
                0x0800a5b0       0x30 build/obj/ext_lld_isr.o
                0x0800a5b0                Vector64
 .text.Vector68
                0x0800a5e0       0x30 build/obj/ext_lld_isr.o
                0x0800a5e0                Vector68
 .text.Vector9C
                0x0800a610       0xa0 build/obj/ext_lld_isr.o
                0x0800a610                Vector9C
 .text.VectorE0
                0x0800a6b0       0xb0 build/obj/ext_lld_isr.o
                0x0800a6b0                VectorE0
 .text.Vector44
                0x0800a760       0x40 build/obj/ext_lld_isr.o
                0x0800a760                Vector44
 .text.VectorE4
                0x0800a7a0       0x40 build/obj/ext_lld_isr.o
                0x0800a7a0                VectorE4
 .text.VectorE8
                0x0800a7e0       0x40 build/obj/ext_lld_isr.o
                0x0800a7e0                VectorE8
 .text.Vector138
                0x0800a820       0x40 build/obj/ext_lld_isr.o
                0x0800a820                Vector138
 .text.Vector170
                0x0800a860       0x40 build/obj/ext_lld_isr.o
                0x0800a860                Vector170
 .text.Vector4C
                0x0800a8a0       0x40 build/obj/ext_lld_isr.o
                0x0800a8a0                Vector4C
 .text.ext_lld_exti_irq_enable
                0x0800a8e0       0x80 build/obj/ext_lld_isr.o
                0x0800a8e0                ext_lld_exti_irq_enable
 .text.can_lld_set_filters
                0x0800a960      0x140 build/obj/can_lld.o
 .text.can_lld_tx_handler
                0x0800aaa0       0x50 build/obj/can_lld.o
 .text.can_lld_rx0_handler
                0x0800aaf0       0x80 build/obj/can_lld.o
 .text.can_lld_rx1_handler
                0x0800ab70       0x80 build/obj/can_lld.o
 .text.can_lld_sce_handler
                0x0800abf0       0x80 build/obj/can_lld.o
 .text.Vector8C
                0x0800ac70       0x20 build/obj/can_lld.o
                0x0800ac70                Vector8C
 .text.Vector90
                0x0800ac90       0x20 build/obj/can_lld.o
                0x0800ac90                Vector90
 .text.Vector94
                0x0800acb0       0x20 build/obj/can_lld.o
                0x0800acb0                Vector94
 .text.Vector98
                0x0800acd0       0x20 build/obj/can_lld.o
                0x0800acd0                Vector98
 .text.Vector13C
                0x0800acf0       0x20 build/obj/can_lld.o
                0x0800acf0                Vector13C
 .text.Vector140
                0x0800ad10       0x20 build/obj/can_lld.o
                0x0800ad10                Vector140
 .text.Vector144
                0x0800ad30       0x20 build/obj/can_lld.o
                0x0800ad30                Vector144
 .text.Vector148
                0x0800ad50       0x20 build/obj/can_lld.o
                0x0800ad50                Vector148
 .text.can_lld_init
                0x0800ad70       0x40 build/obj/can_lld.o
                0x0800ad70                can_lld_init
 .text.can_lld_start
                0x0800adb0       0xd0 build/obj/can_lld.o
                0x0800adb0                can_lld_start
 .text.can_lld_is_tx_empty
                0x0800ae80       0x40 build/obj/can_lld.o
                0x0800ae80                can_lld_is_tx_empty
 .text.can_lld_transmit
                0x0800aec0       0x80 build/obj/can_lld.o
                0x0800aec0                can_lld_transmit
 .text.can_lld_is_rx_nonempty
                0x0800af40       0x40 build/obj/can_lld.o
                0x0800af40                can_lld_is_rx_nonempty
 .text.can_lld_receive
                0x0800af80       0xd0 build/obj/can_lld.o
                0x0800af80                can_lld_receive
 .text.ext_lld_init
                0x0800b050       0x10 build/obj/ext_lld.o
                0x0800b050                ext_lld_init
 .text.ext_lld_channel_enable
                0x0800b060       0xc0 build/obj/ext_lld.o
                0x0800b060                ext_lld_channel_enable
 .text.ext_lld_channel_disable
                0x0800b120       0x30 build/obj/ext_lld.o
                0x0800b120                ext_lld_channel_disable
 .text.ext_lld_start
                0x0800b150       0x40 build/obj/ext_lld.o
                0x0800b150                ext_lld_start
 .text._pal_lld_init
                0x0800b190      0x1b0 build/obj/pal_lld.o
                0x0800b190                _pal_lld_init
 .text._pal_lld_setgroupmode
                0x0800b340       0xd0 build/obj/pal_lld.o
                0x0800b340                _pal_lld_setgroupmode
 .text.VectorBC
                0x0800b410      0x140 build/obj/i2c_lld.o
                0x0800b410                VectorBC
 .text.VectorC0
                0x0800b550      0x110 build/obj/i2c_lld.o
                0x0800b550                VectorC0
 .text.i2c_lld_init
                0x0800b660       0x30 build/obj/i2c_lld.o
                0x0800b660                i2c_lld_init
 .text.usb_lld_pump
                0x0800b690      0x3e0 build/obj/usb_lld.o
 .text.otg_disable_ep.isra.0
                0x0800ba70       0x80 build/obj/usb_lld.o
 .text.usb_lld_init
                0x0800baf0       0x50 build/obj/usb_lld.o
                0x0800baf0                usb_lld_init
 .text.usb_lld_start
                0x0800bb40       0xf0 build/obj/usb_lld.o
                0x0800bb40                usb_lld_start
 .text.usb_lld_reset
                0x0800bc30       0xe0 build/obj/usb_lld.o
                0x0800bc30                usb_lld_reset
 .text.usb_lld_set_address
                0x0800bd10       0x20 build/obj/usb_lld.o
                0x0800bd10                usb_lld_set_address
 .text.usb_lld_init_endpoint
                0x0800bd30      0x190 build/obj/usb_lld.o
                0x0800bd30                usb_lld_init_endpoint
 .text.usb_lld_get_status_out
                0x0800bec0       0x20 build/obj/usb_lld.o
                0x0800bec0                usb_lld_get_status_out
 .text.usb_lld_get_status_in
                0x0800bee0       0x20 build/obj/usb_lld.o
                0x0800bee0                usb_lld_get_status_in
 .text.usb_lld_read_setup
                0x0800bf00       0x20 build/obj/usb_lld.o
                0x0800bf00                usb_lld_read_setup
 .text.usb_lld_prepare_receive
                0x0800bf20       0x50 build/obj/usb_lld.o
                0x0800bf20                usb_lld_prepare_receive
 .text.otg_epout_handler
                0x0800bf70       0xa0 build/obj/usb_lld.o
 .text.usb_lld_prepare_transmit
                0x0800c010       0x50 build/obj/usb_lld.o
                0x0800c010                usb_lld_prepare_transmit
 .text.otg_epin_handler
                0x0800c060       0xe0 build/obj/usb_lld.o
 .text.Vector14C
                0x0800c140      0x160 build/obj/usb_lld.o
                0x0800c140                Vector14C
 .text.usb_lld_start_out
                0x0800c2a0       0x20 build/obj/usb_lld.o
                0x0800c2a0                usb_lld_start_out
 .text.usb_lld_start_in
                0x0800c2c0       0x30 build/obj/usb_lld.o
                0x0800c2c0                usb_lld_start_in
 .text.usb_lld_stall_out
                0x0800c2f0       0x20 build/obj/usb_lld.o
                0x0800c2f0                usb_lld_stall_out
 .text.usb_lld_stall_in
                0x0800c310       0x20 build/obj/usb_lld.o
                0x0800c310                usb_lld_stall_in
 .text.usb_lld_clear_out
                0x0800c330       0x20 build/obj/usb_lld.o
                0x0800c330                usb_lld_clear_out
 .text.usb_lld_clear_in
                0x0800c350       0x20 build/obj/usb_lld.o
                0x0800c350                usb_lld_clear_in
 .text.rtc_lld_init
                0x0800c370       0x60 build/obj/rtc_lld.o
                0x0800c370                rtc_lld_init
 .text.rtc_lld_set_time
                0x0800c3d0       0x50 build/obj/rtc_lld.o
                0x0800c3d0                rtc_lld_set_time
 .text.rtc_lld_get_time
                0x0800c420       0x50 build/obj/rtc_lld.o
                0x0800c420                rtc_lld_get_time
 .text.rtc_lld_get_time_fat
                0x0800c470       0xc0 build/obj/rtc_lld.o
                0x0800c470                rtc_lld_get_time_fat
 .text.spi_lld_serve_tx_interrupt
                0x0800c530       0x10 build/obj/spi_lld.o
 .text.spi_lld_serve_rx_interrupt
                0x0800c540       0x80 build/obj/spi_lld.o
 .text.spi_lld_init
                0x0800c5c0       0xb0 build/obj/spi_lld.o
                0x0800c5c0                spi_lld_init
 .text.spi_lld_start
                0x0800c670      0x1a0 build/obj/spi_lld.o
                0x0800c670                spi_lld_start
 .text.spi_lld_stop
                0x0800c810       0x80 build/obj/spi_lld.o
                0x0800c810                spi_lld_stop
 .text.spi_lld_select
                0x0800c890       0x20 build/obj/spi_lld.o
                0x0800c890                spi_lld_select
 .text.spi_lld_unselect
                0x0800c8b0       0x20 build/obj/spi_lld.o
                0x0800c8b0                spi_lld_unselect
 .text.spi_lld_ignore
                0x0800c8d0       0x40 build/obj/spi_lld.o
                0x0800c8d0                spi_lld_ignore
 .text.spi_lld_exchange
                0x0800c910       0x40 build/obj/spi_lld.o
                0x0800c910                spi_lld_exchange
 .text.spi_lld_send
                0x0800c950       0x40 build/obj/spi_lld.o
                0x0800c950                spi_lld_send
 .text.spi_lld_receive
                0x0800c990       0x40 build/obj/spi_lld.o
                0x0800c990                spi_lld_receive
 .text.Vector108
                0x0800c9d0       0x50 build/obj/gpt_lld.o
                0x0800c9d0                Vector108
 .text.gpt_lld_init
                0x0800ca20       0x20 build/obj/gpt_lld.o
                0x0800ca20                gpt_lld_init
 .text.gpt_lld_start
                0x0800ca40       0x80 build/obj/gpt_lld.o
                0x0800ca40                gpt_lld_start
 .text.gpt_lld_start_timer
                0x0800cac0       0x20 build/obj/gpt_lld.o
                0x0800cac0                gpt_lld_start_timer
 .text.gpt_lld_stop_timer
                0x0800cae0       0x20 build/obj/gpt_lld.o
                0x0800cae0                gpt_lld_stop_timer
 .text.icu_lld_serve_interrupt
                0x0800cb00       0x80 build/obj/icu_lld.o
 .text.VectorA4
                0x0800cb80       0x20 build/obj/icu_lld.o
                0x0800cb80                VectorA4
 .text.VectorAC
                0x0800cba0       0x20 build/obj/icu_lld.o
                0x0800cba0                VectorAC
 .text.VectorB0
                0x0800cbc0       0x20 build/obj/icu_lld.o
                0x0800cbc0                VectorB0
 .text.VectorB4
                0x0800cbe0       0x20 build/obj/icu_lld.o
                0x0800cbe0                VectorB4
 .text.VectorA0
                0x0800cc00       0x20 build/obj/icu_lld.o
                0x0800cc00                VectorA0
 .text.icu_lld_init
                0x0800cc20       0x60 build/obj/icu_lld.o
                0x0800cc20                icu_lld_init
 .text.icu_lld_start
                0x0800cc80      0x1a0 build/obj/icu_lld.o
                0x0800cc80                icu_lld_start
 .text.icu_lld_stop
                0x0800ce20       0xb0 build/obj/icu_lld.o
                0x0800ce20                icu_lld_stop
 .text.icu_lld_enable
                0x0800ced0       0x60 build/obj/icu_lld.o
                0x0800ced0                icu_lld_enable
 .text.icu_lld_disable
                0x0800cf30       0x20 build/obj/icu_lld.o
                0x0800cf30                icu_lld_disable
 .text.VectorB8
                0x0800cf50       0x90 build/obj/pwm_lld.o
                0x0800cf50                VectorB8
 .text.VectorF0
                0x0800cfe0       0x30 build/obj/pwm_lld.o
                0x0800cfe0                VectorF0
 .text.VectorF8
                0x0800d010       0x80 build/obj/pwm_lld.o
                0x0800d010                VectorF8
 .text.pwm_lld_init
                0x0800d090       0x40 build/obj/pwm_lld.o
                0x0800d090                pwm_lld_init
 .text.pwm_lld_start
                0x0800d0d0      0x160 build/obj/pwm_lld.o
                0x0800d0d0                pwm_lld_start
 .text.notify1  0x0800d230       0x20 build/obj/serial_lld.o
 .text.notify2  0x0800d250       0x20 build/obj/serial_lld.o
 .text.notify3  0x0800d270       0x20 build/obj/serial_lld.o
 .text.serve_interrupt
                0x0800d290      0x150 build/obj/serial_lld.o
 .text.VectorD4
                0x0800d3e0       0x20 build/obj/serial_lld.o
                0x0800d3e0                VectorD4
 .text.VectorD8
                0x0800d400       0x20 build/obj/serial_lld.o
                0x0800d400                VectorD8
 .text.VectorDC
                0x0800d420       0x20 build/obj/serial_lld.o
                0x0800d420                VectorDC
 .text.sd_lld_init
                0x0800d440       0x70 build/obj/serial_lld.o
                0x0800d440                sd_lld_init
 .text.sd_lld_start
                0x0800d4b0       0xf0 build/obj/serial_lld.o
                0x0800d4b0                sd_lld_start
 .text.__early_init
                0x0800d5a0       0x10 build/obj/board.o
                0x0800d5a0                __early_init
 .text.mmc_lld_is_card_inserted
                0x0800d5b0       0x10 build/obj/board.o
                0x0800d5b0                mmc_lld_is_card_inserted
 .text.mmc_lld_is_write_protected
                0x0800d5c0       0x10 build/obj/board.o
                0x0800d5c0                mmc_lld_is_write_protected
 .text.boardInit
                0x0800d5d0       0x10 build/obj/board.o
                0x0800d5d0                boardInit
 .text.disk_initialize
                0x0800d5e0       0x30 build/obj/fatfs_diskio.o
                0x0800d5e0                disk_initialize
 .text.disk_status
                0x0800d610       0x30 build/obj/fatfs_diskio.o
                0x0800d610                disk_status
 .text.disk_read
                0x0800d640       0x70 build/obj/fatfs_diskio.o
                0x0800d640                disk_read
 .text.disk_write
                0x0800d6b0       0x80 build/obj/fatfs_diskio.o
                0x0800d6b0                disk_write
 .text.disk_ioctl
                0x0800d730       0x20 build/obj/fatfs_diskio.o
                0x0800d730                disk_ioctl
 .text.get_fattime
                0x0800d750       0x10 build/obj/fatfs_diskio.o
                0x0800d750                get_fattime
 .text.ff_memalloc
                0x0800d760       0x10 build/obj/fatfs_syscall.o
                0x0800d760                ff_memalloc
 .text.ff_memfree
                0x0800d770       0x10 build/obj/fatfs_syscall.o
                0x0800d770                ff_memfree
 .text.move_window
                0x0800d780       0x80 build/obj/ff.o
 .text.get_fileinfo
                0x0800d800      0x110 build/obj/ff.o
 .text.sync     0x0800d910       0xd0 build/obj/ff.o
 .text.check_fs
                0x0800d9e0       0x90 build/obj/ff.o
 .text.chk_mounted
                0x0800da70      0x310 build/obj/ff.o
 .text.validate
                0x0800dd80       0x30 build/obj/ff.o
 .text.get_fat.part.3
                0x0800ddb0       0xc0 build/obj/ff.o
 .text.dir_sdi  0x0800de70       0xb0 build/obj/ff.o
 .text.put_fat.part.4
                0x0800df20      0x100 build/obj/ff.o
 .text.create_chain
                0x0800e020       0xd0 build/obj/ff.o
 .text.dir_next
                0x0800e0f0      0x140 build/obj/ff.o
 .text.dir_read
                0x0800e230      0x120 build/obj/ff.o
 .text.dir_remove
                0x0800e350       0x60 build/obj/ff.o
 .text.dir_find.part.5
                0x0800e3b0      0x160 build/obj/ff.o
 .text.remove_chain.part.6
                0x0800e510       0x60 build/obj/ff.o
 .text.follow_path
                0x0800e570      0x340 build/obj/ff.o
 .text.gen_numname
                0x0800e8b0       0xa0 build/obj/ff.o
                0x0800e8b0                gen_numname
 .text.dir_register
                0x0800e950      0x250 build/obj/ff.o
 .text.f_mount  0x0800eba0       0x20 build/obj/ff.o
                0x0800eba0                f_mount
 .text.f_open   0x0800ebc0      0x1b0 build/obj/ff.o
                0x0800ebc0                f_open
 .text.f_read   0x0800ed70      0x190 build/obj/ff.o
                0x0800ed70                f_read
 .text.f_write  0x0800ef00      0x1e0 build/obj/ff.o
                0x0800ef00                f_write
 .text.f_sync   0x0800f0e0       0xb0 build/obj/ff.o
                0x0800f0e0                f_sync
 .text.f_close  0x0800f190       0x10 build/obj/ff.o
                0x0800f190                f_close
 .text.f_lseek  0x0800f1a0      0x180 build/obj/ff.o
                0x0800f1a0                f_lseek
 .text.f_opendir
                0x0800f320       0x90 build/obj/ff.o
                0x0800f320                f_opendir
 .text.f_readdir
                0x0800f3b0       0x80 build/obj/ff.o
                0x0800f3b0                f_readdir
 .text.f_unlink
                0x0800f430       0xe0 build/obj/ff.o
                0x0800f430                f_unlink
 .text.ff_convert
                0x0800f510       0x50 build/obj/ccsbcs.o
                0x0800f510                ff_convert
 .text.ff_wtoupper
                0x0800f560       0x30 build/obj/ccsbcs.o
                0x0800f560                ff_wtoupper
 .text._ZL18setEmulatorAtIndexiP6Engine
                0x0800f590       0x10 build/obj/trigger_emulator_algo.o
 .text._ZL16resumeStimulatorP6Engine
                0x0800f5a0       0x20 build/obj/trigger_emulator_algo.o
 .text._ZL15fireShaftSignal15trigger_event_e
                0x0800f5c0       0x30 build/obj/trigger_emulator_algo.o
 .text._Z21setTriggerEmulatorRPMiP6Engine
                0x0800f5f0       0xb0 build/obj/trigger_emulator_algo.o
                0x0800f5f0                setTriggerEmulatorRPM(int, Engine*)
 .text._ZL26updateTriggerShapeIfNeededP9PwmConfig
                0x0800f6a0       0xa0 build/obj/trigger_emulator_algo.o
 .text._ZN21TriggerEmulatorHelper22handleEmulatorCallbackEP9PwmConfigi
                0x0800f740       0x70 build/obj/trigger_emulator_algo.o
                0x0800f740                TriggerEmulatorHelper::handleEmulatorCallback(PwmConfig*, int)
 .text._ZL21emulatorApplyPinStateP9PwmConfigi
                0x0800f7b0       0x60 build/obj/trigger_emulator_algo.o
 .text._Z24initTriggerEmulatorLogicP7LoggingP6Engine
                0x0800f810       0xc0 build/obj/trigger_emulator_algo.o
                0x0800f810                initTriggerEmulatorLogic(Logging*, Engine*)
 .text._ZN13RpmCalculatorC2Ev
                0x0800f8d0       0x80 build/obj/rpm_calculator.o
                0x0800f8d0                RpmCalculator::RpmCalculator()
                0x0800f8d0                RpmCalculator::RpmCalculator()
 .text._ZN13RpmCalculator9isRunningEv
                0x0800f950       0x70 build/obj/rpm_calculator.o
                0x0800f950                RpmCalculator::isRunning()
 .text._ZL13onTdcCallbackv
                0x0800f9c0       0x50 build/obj/rpm_calculator.o
 .text._ZN13RpmCalculator20getRevolutionCounterEv
                0x0800fa10       0x10 build/obj/rpm_calculator.o
                0x0800fa10                RpmCalculator::getRevolutionCounter()
 .text._ZN13RpmCalculator30getRevolutionCounterSinceStartEv
                0x0800fa20       0x10 build/obj/rpm_calculator.o
                0x0800fa20                RpmCalculator::getRevolutionCounterSinceStart()
 .text._ZN13RpmCalculator18getRpmAccelerationEv
                0x0800fa30       0x20 build/obj/rpm_calculator.o
                0x0800fa30                RpmCalculator::getRpmAcceleration()
 .text._ZN13RpmCalculator3rpmEv
                0x0800fa50       0x20 build/obj/rpm_calculator.o
                0x0800fa50                RpmCalculator::rpm()
 .text._Z11isCrankingEP6Engine
                0x0800fa70       0x30 build/obj/rpm_calculator.o
                0x0800fa70                isCrankingE(Engine*)
 .text._Z10isCrankingv
                0x0800faa0       0x10 build/obj/rpm_calculator.o
                0x0800faa0                isCranking()
 .text._Z20getRevolutionCounterv
                0x0800fab0       0x10 build/obj/rpm_calculator.o
                0x0800fab0                getRevolutionCounter()
 .text._Z20getCrankshaftAngleNty
                0x0800fac0       0x80 build/obj/rpm_calculator.o
                0x0800fac0                getCrankshaftAngleNt(unsigned long long)
 .text._Z24rpmShaftPositionCallback15trigger_event_em
                0x0800fb40      0x180 build/obj/rpm_calculator.o
                0x0800fb40                rpmShaftPositionCallback(trigger_event_e, unsigned long)
 .text._Z17initRpmCalculatorP6Engine
                0x0800fcc0       0x40 build/obj/rpm_calculator.o
                0x0800fcc0                initRpmCalculator(Engine*)
 .text._Z15scheduleByAngleiP12scheduling_sfPFvPvES1_P13RpmCalculator
                0x0800fd00       0x80 build/obj/rpm_calculator.o
                0x0800fd00                scheduleByAngle(int, scheduling_s*, float, void (*)(void*), void*, RpmCalculator*)
 .text._ZL15tdcMarkCallback15trigger_event_em
                0x0800fd80       0x90 build/obj/rpm_calculator.o
 .text._Z11triggerInfov
                0x0800fe10      0x460 build/obj/trigger_central.o
                0x0800fe10                triggerInfo()
 .text._ZL16triggerShapeInfov
                0x08010270       0xa0 build/obj/trigger_central.o
 .text._Z20getCrankEventCounterv
                0x08010310       0x10 build/obj/trigger_central.o
                0x08010310                getCrankEventCounter()
 .text._Z23addTriggerEventListenerPFv15trigger_event_emEPKcP6Engine
                0x08010320       0x30 build/obj/trigger_central.o
                0x08010320                addTriggerEventListener(void (*)(trigger_event_e, unsigned long), char const*, Engine*)
 .text._ZN14TriggerCentralC2Ev
                0x08010350       0x30 build/obj/trigger_central.o
                0x08010350                TriggerCentral::TriggerCentral()
                0x08010350                TriggerCentral::TriggerCentral()
 .text._ZN14TriggerCentral13resetCountersEv
                0x08010380       0x20 build/obj/trigger_central.o
                0x08010380                TriggerCentral::resetCounters()
 .text._ZL27resetRunningTriggerCountersv
                0x080103a0       0x20 build/obj/trigger_central.o
 .text._ZN14TriggerCentral17handleShaftSignalE15trigger_event_e
                0x080103c0      0x200 build/obj/trigger_central.o
                0x080103c0                TriggerCentral::handleShaftSignal(trigger_event_e)
 .text._Z19hwHandleShaftSignal15trigger_event_e
                0x080105c0       0xc0 build/obj/trigger_central.o
                0x080105c0                hwHandleShaftSignal(trigger_event_e)
 .text._Z26printAllCallbacksHistogramv
                0x08010680       0x20 build/obj/trigger_central.o
                0x08010680                printAllCallbacksHistogram()
 .text._Z18initTriggerCentralP7LoggingP6Engine
                0x080106a0       0x70 build/obj/trigger_central.o
                0x080106a0                initTriggerCentral(Logging*, Engine*)
 .text._ZL24endSimultaniousInjectionP6Engine
                0x08010710       0x30 build/obj/main_trigger_callback.o
 .text._ZL26startSimultaniousInjectionP6Engine
                0x08010740       0x30 build/obj/main_trigger_callback.o
 .text._Z19mainTriggerCallback15trigger_event_em
                0x08010770      0x910 build/obj/main_trigger_callback.o
                0x08010770                mainTriggerCallback(trigger_event_e, unsigned long)
 .text._ZL12showMainInfoP6Engine
                0x08011080       0x70 build/obj/main_trigger_callback.o
 .text._ZL20showTriggerHistogramv
                0x080110f0       0x30 build/obj/main_trigger_callback.o
 .text._Z21initMainEventListenerP7LoggingP6Engine
                0x08011120       0xa0 build/obj/main_trigger_callback.o
                0x08011120                initMainEventListener(Logging*, Engine*)
 .text._Z21isIgnitionTimingErrorv
                0x080111c0       0x60 build/obj/main_trigger_callback.o
                0x080111c0                isIgnitionTimingError()
 .text._Z31configureMiniCooperTriggerShapeP12TriggerShape
                0x08011220      0x1f0 build/obj/trigger_bmw.o
                0x08011220                configureMiniCooperTriggerShape(TriggerShape*)
 .text._Z27initializeMazdaMiataNaShapeP12TriggerShape
                0x08011410      0x100 build/obj/trigger_mazda.o
                0x08011410                initializeMazdaMiataNaShape(TriggerShape*)
 .text._Z27initializeMazdaMiataNbShapeP12TriggerShape
                0x08011510      0x190 build/obj/trigger_mazda.o
                0x08011510                initializeMazdaMiataNbShape(TriggerShape*)
 .text._Z25configureMazdaProtegeSOHCP12TriggerShape
                0x080116a0       0xa0 build/obj/trigger_mazda.o
                0x080116a0                configureMazdaProtegeSOHC(TriggerShape*)
 .text._Z23configureMazdaProtegeLxP12TriggerShape
                0x08011740       0xe0 build/obj/trigger_mazda.o
                0x08011740                configureMazdaProtegeLx(TriggerShape*)
 .text._Z12initDodgeRamP12TriggerShape
                0x08011820       0xa0 build/obj/trigger_chrysler.o
                0x08011820                initDodgeRam(TriggerShape*)
 .text._Z29configureNeon2003TriggerShapeP12TriggerShape
                0x080118c0      0x130 build/obj/trigger_chrysler.o
                0x080118c0                configureNeon2003TriggerShape(TriggerShape*)
 .text._Z29configureNeon1995TriggerShapeP12TriggerShape
                0x080119f0      0x290 build/obj/trigger_chrysler.o
                0x080119f0                configureNeon1995TriggerShape(TriggerShape*)
 .text._ZN20trigger_shape_helperC2Ev
                0x08011c80       0x40 build/obj/trigger_structure.o
                0x08011c80                trigger_shape_helper::trigger_shape_helper()
                0x08011c80                trigger_shape_helper::trigger_shape_helper()
 .text._ZNK12TriggerShape7getSizeEv
                0x08011cc0       0x10 build/obj/trigger_structure.o
                0x08011cc0                TriggerShape::getSize() const
 .text._ZN12TriggerShape5clearEv
                0x08011cd0       0x50 build/obj/trigger_structure.o
                0x08011cd0                TriggerShape::clear()
 .text._ZN12TriggerShape5resetE16operation_mode_eb
                0x08011d20       0xa0 build/obj/trigger_structure.o
                0x08011d20                TriggerShape::reset(operation_mode_e, bool)
 .text._ZN12TriggerShapeC2Ev
                0x08011dc0       0xa0 build/obj/trigger_structure.o
                0x08011dc0                TriggerShape::TriggerShape()
                0x08011dc0                TriggerShape::TriggerShape()
 .text._ZNK12multi_wave_s15getChannelStateEii
                0x08011e60       0x10 build/obj/trigger_structure.o
                0x08011e60                multi_wave_s::getChannelState(int, int) const
 .text._ZNK12multi_wave_s14findAngleMatchEfi
                0x08011e70       0x40 build/obj/trigger_structure.o
                0x08011e70                multi_wave_s::findAngleMatch(float, int) const
 .text._ZN12multi_wave_s13setSwitchTimeEif
                0x08011eb0       0x10 build/obj/trigger_structure.o
                0x08011eb0                multi_wave_s::setSwitchTime(int, float)
 .text._ZN12TriggerState15getCurrentIndexEv
                0x08011ec0       0x10 build/obj/trigger_structure.o
                0x08011ec0                TriggerState::getCurrentIndex()
 .text._ZN12TriggerState20resetRunningCountersEv
                0x08011ed0       0x10 build/obj/trigger_structure.o
                0x08011ed0                TriggerState::resetRunningCounters()
 .text._ZN12TriggerState20getTotalEventCounterEv
                0x08011ee0       0x20 build/obj/trigger_structure.o
                0x08011ee0                TriggerState::getTotalEventCounter()
 .text._ZN12TriggerState25getTotalRevolutionCounterEv
                0x08011f00       0x10 build/obj/trigger_structure.o
                0x08011f00                TriggerState::getTotalRevolutionCounter()
 .text._ZN12TriggerState5clearEv
                0x08011f10       0x80 build/obj/trigger_structure.o
                0x08011f10                TriggerState::clear()
 .text._ZN12TriggerStateC2Ev
                0x08011f90       0x80 build/obj/trigger_structure.o
                0x08011f90                TriggerState::TriggerState()
                0x08011f90                TriggerState::TriggerState()
 .text._ZNK12TriggerShape9getLengthEv
                0x08012010       0x20 build/obj/trigger_structure.o
                0x08012010                TriggerShape::getLength() const
 .text._ZNK12TriggerShape8getAngleEi
                0x08012030       0x70 build/obj/trigger_structure.o
                0x08012030                TriggerShape::getAngle(int) const
 .text._ZN12TriggerShape26calculateTriggerSynchPointEv
                0x080120a0      0x180 build/obj/trigger_structure.o
                0x080120a0                TriggerShape::calculateTriggerSynchPoint()
 .text._ZN12TriggerShape16getOperationModeEv
                0x08012220       0x10 build/obj/trigger_structure.o
                0x08012220                TriggerShape::getOperationMode()
 .text._ZN12TriggerShape8addEventEf15trigger_wheel_e15trigger_value_e
                0x08012230      0x2c0 build/obj/trigger_structure.o
                0x08012230                TriggerShape::addEvent(float, trigger_wheel_e, trigger_value_e)
 .text._ZN12TriggerShape8addEventEf15trigger_wheel_e15trigger_value_eff
                0x080124f0       0x30 build/obj/trigger_structure.o
                0x080124f0                TriggerShape::addEvent(float, trigger_wheel_e, trigger_value_e, float, float)
 .text._ZL14addAccordPair3P12TriggerShapef
                0x08012520       0x40 build/obj/trigger_structure.o
 .text._ZL13addAccordPairP12TriggerShapef
                0x08012560       0x40 build/obj/trigger_structure.o
 .text._ZN12multi_wave_s16checkSwitchTimesEi
                0x080125a0       0x10 build/obj/trigger_structure.o
                0x080125a0                multi_wave_s::checkSwitchTimes(int)
 .text._Z28setToothedWheelConfigurationP12TriggerShapeii16operation_mode_e