###############################################################################
#                                                                             #
# IAR ELF Linker V6.50.3.4676/W32 for ARM               30/Jun/2015  23:25:47 #
# Copyright 2007-2013 IAR Systems AB.                                         #
#                                                                             #
#    Output file  =  F:\stuff\rusefi_sourceforge\firmware\iar\Debug\Exe\ch.ou #
#                    t                                                        #
#    Map file     =  F:\stuff\rusefi_sourceforge\firmware\iar\Debug\List\ch.m #
#                    ap                                                       #
#    Command line =  F:\stuff\rusefi_sourceforge\firmware\iar\Debug\Obj\EfiWa #
#                    ve.o F:\stuff\rusefi_sourceforge\firmware\iar\Debug\Obj\ #
#                    GY6_139QMB.o F:\stuff\rusefi_sourceforge\firmware\iar\De #
#                    bug\Obj\HIP9011.o F:\stuff\rusefi_sourceforge\firmware\i #
#                    ar\Debug\Obj\LocalVersionHolder.o                        #
#                    F:\stuff\rusefi_sourceforge\firmware\iar\Debug\Obj\MiniC #
#                    ooperR50.o F:\stuff\rusefi_sourceforge\firmware\iar\Debu #
#                    g\Obj\PwmTester.o F:\stuff\rusefi_sourceforge\firmware\i #
#                    ar\Debug\Obj\SingleTimerExecutor.o                       #
#                    F:\stuff\rusefi_sourceforge\firmware\iar\Debug\Obj\accel #
#                    _enrichment.o F:\stuff\rusefi_sourceforge\firmware\iar\D #
#                    ebug\Obj\acura_rsx.o F:\stuff\rusefi_sourceforge\firmwar #
#                    e\iar\Debug\Obj\adc.o F:\stuff\rusefi_sourceforge\firmwa #
#                    re\iar\Debug\Obj\adc_inputs.o                            #
#                    F:\stuff\rusefi_sourceforge\firmware\iar\Debug\Obj\adc_l #
#                    ld.o F:\stuff\rusefi_sourceforge\firmware\iar\Debug\Obj\ #
#                    advance_map.o F:\stuff\rusefi_sourceforge\firmware\iar\D #
#                    ebug\Obj\algo.o F:\stuff\rusefi_sourceforge\firmware\iar #
#                    \Debug\Obj\allsensors.o F:\stuff\rusefi_sourceforge\firm #
#                    ware\iar\Debug\Obj\alternatorController.o                #
#                    F:\stuff\rusefi_sourceforge\firmware\iar\Debug\Obj\audi_ #
#                    aan.o F:\stuff\rusefi_sourceforge\firmware\iar\Debug\Obj #
#                    \auto_generated_enums.o F:\stuff\rusefi_sourceforge\firm #
#                    ware\iar\Debug\Obj\avg_values.o                          #
#                    F:\stuff\rusefi_sourceforge\firmware\iar\Debug\Obj\bmw_e #
#                    34.o F:\stuff\rusefi_sourceforge\firmware\iar\Debug\Obj\ #
#                    board.o F:\stuff\rusefi_sourceforge\firmware\iar\Debug\O #
#                    bj\board_test.o F:\stuff\rusefi_sourceforge\firmware\iar #
#                    \Debug\Obj\can.o F:\stuff\rusefi_sourceforge\firmware\ia #
#                    r\Debug\Obj\can_hw.o F:\stuff\rusefi_sourceforge\firmwar #
#                    e\iar\Debug\Obj\can_lld.o F:\stuff\rusefi_sourceforge\fi #
#                    rmware\iar\Debug\Obj\ccsbcs.o                            #
#                    F:\stuff\rusefi_sourceforge\firmware\iar\Debug\Obj\chcon #
#                    d.o F:\stuff\rusefi_sourceforge\firmware\iar\Debug\Obj\c #
#                    hcore.o F:\stuff\rusefi_sourceforge\firmware\iar\Debug\O #
#                    bj\chcore_v7m.o F:\stuff\rusefi_sourceforge\firmware\iar #
#                    \Debug\Obj\chcoreasm_v7m.o F:\stuff\rusefi_sourceforge\f #
#                    irmware\iar\Debug\Obj\chdebug.o                          #
#                    F:\stuff\rusefi_sourceforge\firmware\iar\Debug\Obj\chdyn #
#                    amic.o F:\stuff\rusefi_sourceforge\firmware\iar\Debug\Ob #
#                    j\chevents.o F:\stuff\rusefi_sourceforge\firmware\iar\De #
#                    bug\Obj\chheap.o F:\stuff\rusefi_sourceforge\firmware\ia #
#                    r\Debug\Obj\chlists.o F:\stuff\rusefi_sourceforge\firmwa #
#                    re\iar\Debug\Obj\chmboxes.o                              #
#                    F:\stuff\rusefi_sourceforge\firmware\iar\Debug\Obj\chmem #
#                    core.o F:\stuff\rusefi_sourceforge\firmware\iar\Debug\Ob #
#                    j\chmempools.o F:\stuff\rusefi_sourceforge\firmware\iar\ #
#                    Debug\Obj\chmsg.o F:\stuff\rusefi_sourceforge\firmware\i #
#                    ar\Debug\Obj\chmtx.o F:\stuff\rusefi_sourceforge\firmwar #
#                    e\iar\Debug\Obj\chprintf.o F:\stuff\rusefi_sourceforge\f #
#                    irmware\iar\Debug\Obj\chqueues.o                         #
#                    F:\stuff\rusefi_sourceforge\firmware\iar\Debug\Obj\chreg #
#                    istry.o F:\stuff\rusefi_sourceforge\firmware\iar\Debug\O #
#                    bj\chrtclib.o F:\stuff\rusefi_sourceforge\firmware\iar\D #
#                    ebug\Obj\chschd.o F:\stuff\rusefi_sourceforge\firmware\i #
#                    ar\Debug\Obj\chsem.o F:\stuff\rusefi_sourceforge\firmwar #
#                    e\iar\Debug\Obj\chsys.o F:\stuff\rusefi_sourceforge\firm #
#                    ware\iar\Debug\Obj\chthreads.o                           #
#                    F:\stuff\rusefi_sourceforge\firmware\iar\Debug\Obj\chvt. #
#                    o F:\stuff\rusefi_sourceforge\firmware\iar\Debug\Obj\cit #
#                    roenBerlingoTU3JP.o F:\stuff\rusefi_sourceforge\firmware #
#                    \iar\Debug\Obj\cli_registry.o                            #
#                    F:\stuff\rusefi_sourceforge\firmware\iar\Debug\Obj\conso #
#                    le_io.o F:\stuff\rusefi_sourceforge\firmware\iar\Debug\O #
#                    bj\crc.o F:\stuff\rusefi_sourceforge\firmware\iar\Debug\ #
#                    Obj\cstartup.o F:\stuff\rusefi_sourceforge\firmware\iar\ #
#                    Debug\Obj\custom_engine.o F:\stuff\rusefi_sourceforge\fi #
#                    rmware\iar\Debug\Obj\cyclic_buffer.o                     #
#                    F:\stuff\rusefi_sourceforge\firmware\iar\Debug\Obj\data_ #
#                    buffer.o F:\stuff\rusefi_sourceforge\firmware\iar\Debug\ #
#                    Obj\datalogging.o F:\stuff\rusefi_sourceforge\firmware\i #
#                    ar\Debug\Obj\digital_input_hw.o                          #
#                    F:\stuff\rusefi_sourceforge\firmware\iar\Debug\Obj\dodge #
#                    _neon.o F:\stuff\rusefi_sourceforge\firmware\iar\Debug\O #
#                    bj\dodge_ram.o F:\stuff\rusefi_sourceforge\firmware\iar\ #
#                    Debug\Obj\efiGpio.o F:\stuff\rusefi_sourceforge\firmware #
#                    \iar\Debug\Obj\eficonsole.o                              #
#                    F:\stuff\rusefi_sourceforge\firmware\iar\Debug\Obj\efili #
#                    b.o F:\stuff\rusefi_sourceforge\firmware\iar\Debug\Obj\e #
#                    filib2.o F:\stuff\rusefi_sourceforge\firmware\iar\Debug\ #
#                    Obj\ego.o F:\stuff\rusefi_sourceforge\firmware\iar\Debug #
#                    \Obj\electronic_throttle.o F:\stuff\rusefi_sourceforge\f #
#                    irmware\iar\Debug\Obj\engine.o                           #
#                    F:\stuff\rusefi_sourceforge\firmware\iar\Debug\Obj\engin #
#                    e_configuration.o F:\stuff\rusefi_sourceforge\firmware\i #
#                    ar\Debug\Obj\engine_controller.o                         #
#                    F:\stuff\rusefi_sourceforge\firmware\iar\Debug\Obj\engin #
#                    e_emulator.o F:\stuff\rusefi_sourceforge\firmware\iar\De #
#                    bug\Obj\engine_math.o F:\stuff\rusefi_sourceforge\firmwa #
#                    re\iar\Debug\Obj\error_handling.o                        #
#                    F:\stuff\rusefi_sourceforge\firmware\iar\Debug\Obj\event #
#                    _queue.o F:\stuff\rusefi_sourceforge\firmware\iar\Debug\ #
#                    Obj\event_registry.o F:\stuff\rusefi_sourceforge\firmwar #
#                    e\iar\Debug\Obj\ext.o F:\stuff\rusefi_sourceforge\firmwa #
#                    re\iar\Debug\Obj\ext_lld.o F:\stuff\rusefi_sourceforge\f #
#                    irmware\iar\Debug\Obj\ext_lld_isr.o                      #
#                    F:\stuff\rusefi_sourceforge\firmware\iar\Debug\Obj\fatfs #
#                    _diskio.o F:\stuff\rusefi_sourceforge\firmware\iar\Debug #
#                    \Obj\fatfs_syscall.o F:\stuff\rusefi_sourceforge\firmwar #
#                    e\iar\Debug\Obj\ff.o F:\stuff\rusefi_sourceforge\firmwar #
#                    e\iar\Debug\Obj\flash.o F:\stuff\rusefi_sourceforge\firm #
#                    ware\iar\Debug\Obj\flash_main.o                          #
#                    F:\stuff\rusefi_sourceforge\firmware\iar\Debug\Obj\ford_ #
#                    1995_inline_6.o F:\stuff\rusefi_sourceforge\firmware\iar #
#                    \Debug\Obj\ford_aspire.o F:\stuff\rusefi_sourceforge\fir #
#                    mware\iar\Debug\Obj\ford_fiesta.o                        #
#                    F:\stuff\rusefi_sourceforge\firmware\iar\Debug\Obj\fsio_ #
#                    core.o F:\stuff\rusefi_sourceforge\firmware\iar\Debug\Ob #
#                    j\fsio_impl.o F:\stuff\rusefi_sourceforge\firmware\iar\D #
#                    ebug\Obj\fuel_math.o F:\stuff\rusefi_sourceforge\firmwar #
#                    e\iar\Debug\Obj\gm_2_2.o F:\stuff\rusefi_sourceforge\fir #
#                    mware\iar\Debug\Obj\gpio_helper.o                        #
#                    F:\stuff\rusefi_sourceforge\firmware\iar\Debug\Obj\gpt.o #
#                     F:\stuff\rusefi_sourceforge\firmware\iar\Debug\Obj\gpt_ #
#                    lld.o F:\stuff\rusefi_sourceforge\firmware\iar\Debug\Obj #
#                    \hal.o F:\stuff\rusefi_sourceforge\firmware\iar\Debug\Ob #
#                    j\hal_lld.o F:\stuff\rusefi_sourceforge\firmware\iar\Deb #
#                    ug\Obj\hardware.o F:\stuff\rusefi_sourceforge\firmware\i #
#                    ar\Debug\Obj\hip9011_lookup.o                            #
#                    F:\stuff\rusefi_sourceforge\firmware\iar\Debug\Obj\histo #
#                    gram.o F:\stuff\rusefi_sourceforge\firmware\iar\Debug\Ob #
#                    j\honda_accord.o F:\stuff\rusefi_sourceforge\firmware\ia #
#                    r\Debug\Obj\i2c.o F:\stuff\rusefi_sourceforge\firmware\i #
#                    ar\Debug\Obj\i2c_lld.o F:\stuff\rusefi_sourceforge\firmw #
#                    are\iar\Debug\Obj\icu.o F:\stuff\rusefi_sourceforge\firm #
#                    ware\iar\Debug\Obj\icu_lld.o                             #
#                    F:\stuff\rusefi_sourceforge\firmware\iar\Debug\Obj\idle_ #
#                    controller.o F:\stuff\rusefi_sourceforge\firmware\iar\De #
#                    bug\Obj\idle_thread.o F:\stuff\rusefi_sourceforge\firmwa #
#                    re\iar\Debug\Obj\injector_central.o                      #
#                    F:\stuff\rusefi_sourceforge\firmware\iar\Debug\Obj\inter #
#                    polation.o F:\stuff\rusefi_sourceforge\firmware\iar\Debu #
#                    g\Obj\io_pins.o F:\stuff\rusefi_sourceforge\firmware\iar #
#                    \Debug\Obj\joystick.o F:\stuff\rusefi_sourceforge\firmwa #
#                    re\iar\Debug\Obj\lcd_HD44780.o                           #
#                    F:\stuff\rusefi_sourceforge\firmware\iar\Debug\Obj\lcd_c #
#                    ontroller.o F:\stuff\rusefi_sourceforge\firmware\iar\Deb #
#                    ug\Obj\lcd_menu_tree.o F:\stuff\rusefi_sourceforge\firmw #
#                    are\iar\Debug\Obj\listener_array.o                       #
#                    F:\stuff\rusefi_sourceforge\firmware\iar\Debug\Obj\loggi #
#                    ngcentral.o F:\stuff\rusefi_sourceforge\firmware\iar\Deb #
#                    ug\Obj\mac.o F:\stuff\rusefi_sourceforge\firmware\iar\De #
#                    bug\Obj\maf.o F:\stuff\rusefi_sourceforge\firmware\iar\D #
#                    ebug\Obj\main.o F:\stuff\rusefi_sourceforge\firmware\iar #
#                    \Debug\Obj\main_trigger_callback.o                       #
#                    F:\stuff\rusefi_sourceforge\firmware\iar\Debug\Obj\malfu #
#                    nction_central.o F:\stuff\rusefi_sourceforge\firmware\ia #
#                    r\Debug\Obj\malfunction_indicator.o                      #
#                    F:\stuff\rusefi_sourceforge\firmware\iar\Debug\Obj\map.o #
#                     F:\stuff\rusefi_sourceforge\firmware\iar\Debug\Obj\map_ #
#                    adjuster.o F:\stuff\rusefi_sourceforge\firmware\iar\Debu #
#                    g\Obj\map_averaging.o F:\stuff\rusefi_sourceforge\firmwa #
#                    re\iar\Debug\Obj\max31855.o                              #
#                    F:\stuff\rusefi_sourceforge\firmware\iar\Debug\Obj\mazda #
#                    _323.o F:\stuff\rusefi_sourceforge\firmware\iar\Debug\Ob #
#                    j\mazda_626.o F:\stuff\rusefi_sourceforge\firmware\iar\D #
#                    ebug\Obj\mazda_miata.o F:\stuff\rusefi_sourceforge\firmw #
#                    are\iar\Debug\Obj\mazda_miata_nb.o                       #
#                    F:\stuff\rusefi_sourceforge\firmware\iar\Debug\Obj\mcp32 #
#                    08.o F:\stuff\rusefi_sourceforge\firmware\iar\Debug\Obj\ #
#                    memstreams.o F:\stuff\rusefi_sourceforge\firmware\iar\De #
#                    bug\Obj\microsecond_timer.o                              #
#                    F:\stuff\rusefi_sourceforge\firmware\iar\Debug\Obj\mitsu #
#                    bishi.o F:\stuff\rusefi_sourceforge\firmware\iar\Debug\O #
#                    bj\mmc_card.o F:\stuff\rusefi_sourceforge\firmware\iar\D #
#                    ebug\Obj\mmc_spi.o F:\stuff\rusefi_sourceforge\firmware\ #
#                    iar\Debug\Obj\mmcsd.o F:\stuff\rusefi_sourceforge\firmwa #
#                    re\iar\Debug\Obj\mpu_util.o                              #
#                    F:\stuff\rusefi_sourceforge\firmware\iar\Debug\Obj\neo6m #
#                    .o F:\stuff\rusefi_sourceforge\firmware\iar\Debug\Obj\ni #
#                    ssan_primera.o F:\stuff\rusefi_sourceforge\firmware\iar\ #
#                    Debug\Obj\nmea.o F:\stuff\rusefi_sourceforge\firmware\ia #
#                    r\Debug\Obj\nvic.o F:\stuff\rusefi_sourceforge\firmware\ #
#                    iar\Debug\Obj\obd2.o F:\stuff\rusefi_sourceforge\firmwar #
#                    e\iar\Debug\Obj\obd2viaCAN.o                             #
#                    F:\stuff\rusefi_sourceforge\firmware\iar\Debug\Obj\pal.o #
#                     F:\stuff\rusefi_sourceforge\firmware\iar\Debug\Obj\pal_ #
#                    lld.o F:\stuff\rusefi_sourceforge\firmware\iar\Debug\Obj #
#                    \pid.o F:\stuff\rusefi_sourceforge\firmware\iar\Debug\Ob #
#                    j\pin_repository.o F:\stuff\rusefi_sourceforge\firmware\ #
#                    iar\Debug\Obj\poten.o F:\stuff\rusefi_sourceforge\firmwa #
#                    re\iar\Debug\Obj\pwm.o F:\stuff\rusefi_sourceforge\firmw #
#                    are\iar\Debug\Obj\pwm_generator.o                        #
#                    F:\stuff\rusefi_sourceforge\firmware\iar\Debug\Obj\pwm_g #
#                    enerator_logic.o F:\stuff\rusefi_sourceforge\firmware\ia #
#                    r\Debug\Obj\pwm_lld.o F:\stuff\rusefi_sourceforge\firmwa #
#                    re\iar\Debug\Obj\rfi_perftest.o                          #
#                    F:\stuff\rusefi_sourceforge\firmware\iar\Debug\Obj\rfiut #
#                    il.o F:\stuff\rusefi_sourceforge\firmware\iar\Debug\Obj\ #
#                    rover_v8.o F:\stuff\rusefi_sourceforge\firmware\iar\Debu #
#                    g\Obj\rpm_calculator.o F:\stuff\rusefi_sourceforge\firmw #
#                    are\iar\Debug\Obj\rtc.o F:\stuff\rusefi_sourceforge\firm #
#                    ware\iar\Debug\Obj\rtc_helper.o                          #
#                    F:\stuff\rusefi_sourceforge\firmware\iar\Debug\Obj\rtc_l #
#                    ld.o F:\stuff\rusefi_sourceforge\firmware\iar\Debug\Obj\ #
#                    rusefi.o F:\stuff\rusefi_sourceforge\firmware\iar\Debug\ #
#                    Obj\sachs.o F:\stuff\rusefi_sourceforge\firmware\iar\Deb #
#                    ug\Obj\saturn_ion.o F:\stuff\rusefi_sourceforge\firmware #
#                    \iar\Debug\Obj\sdc.o F:\stuff\rusefi_sourceforge\firmwar #
#                    e\iar\Debug\Obj\sensor_chart.o                           #
#                    F:\stuff\rusefi_sourceforge\firmware\iar\Debug\Obj\seria #
#                    l.o F:\stuff\rusefi_sourceforge\firmware\iar\Debug\Obj\s #
#                    erial_lld.o F:\stuff\rusefi_sourceforge\firmware\iar\Deb #
#                    ug\Obj\serial_usb.o F:\stuff\rusefi_sourceforge\firmware #
#                    \iar\Debug\Obj\settings.o F:\stuff\rusefi_sourceforge\fi #
#                    rmware\iar\Debug\Obj\signal_executor.o                   #
#                    F:\stuff\rusefi_sourceforge\firmware\iar\Debug\Obj\signa #
#                    l_executor_sleep.o F:\stuff\rusefi_sourceforge\firmware\ #
#                    iar\Debug\Obj\signal_filtering.o                         #
#                    F:\stuff\rusefi_sourceforge\firmware\iar\Debug\Obj\snow_ #
#                    blower.o F:\stuff\rusefi_sourceforge\firmware\iar\Debug\ #
#                    Obj\speed_density.o F:\stuff\rusefi_sourceforge\firmware #
#                    \iar\Debug\Obj\spi.o F:\stuff\rusefi_sourceforge\firmwar #
#                    e\iar\Debug\Obj\spi_lld.o F:\stuff\rusefi_sourceforge\fi #
#                    rmware\iar\Debug\Obj\status_loop.o                       #
#                    F:\stuff\rusefi_sourceforge\firmware\iar\Debug\Obj\stepp #
#                    er.o F:\stuff\rusefi_sourceforge\firmware\iar\Debug\Obj\ #
#                    stm32_dma.o F:\stuff\rusefi_sourceforge\firmware\iar\Deb #
#                    ug\Obj\subaru.o F:\stuff\rusefi_sourceforge\firmware\iar #
#                    \Debug\Obj\table_helper.o F:\stuff\rusefi_sourceforge\fi #
#                    rmware\iar\Debug\Obj\test.o                              #
#                    F:\stuff\rusefi_sourceforge\firmware\iar\Debug\Obj\test_ #
#                    engine.o F:\stuff\rusefi_sourceforge\firmware\iar\Debug\ #
#                    Obj\testbmk.o F:\stuff\rusefi_sourceforge\firmware\iar\D #
#                    ebug\Obj\thermistors.o F:\stuff\rusefi_sourceforge\firmw #
#                    are\iar\Debug\Obj\tps.o F:\stuff\rusefi_sourceforge\firm #
#                    ware\iar\Debug\Obj\trigger_bmw.o                         #
#                    F:\stuff\rusefi_sourceforge\firmware\iar\Debug\Obj\trigg #
#                    er_central.o F:\stuff\rusefi_sourceforge\firmware\iar\De #
#                    bug\Obj\trigger_chrysler.o F:\stuff\rusefi_sourceforge\f #
#                    irmware\iar\Debug\Obj\trigger_decoder.o                  #
#                    F:\stuff\rusefi_sourceforge\firmware\iar\Debug\Obj\trigg #
#                    er_emulator.o F:\stuff\rusefi_sourceforge\firmware\iar\D #
#                    ebug\Obj\trigger_emulator_algo.o                         #
#                    F:\stuff\rusefi_sourceforge\firmware\iar\Debug\Obj\trigg #
#                    er_gm.o F:\stuff\rusefi_sourceforge\firmware\iar\Debug\O #
#                    bj\trigger_input.o F:\stuff\rusefi_sourceforge\firmware\ #
#                    iar\Debug\Obj\trigger_mazda.o                            #
#                    F:\stuff\rusefi_sourceforge\firmware\iar\Debug\Obj\trigg #
#                    er_mitsubishi.o F:\stuff\rusefi_sourceforge\firmware\iar #
#                    \Debug\Obj\trigger_structure.o                           #
#                    F:\stuff\rusefi_sourceforge\firmware\iar\Debug\Obj\tuner #
#                    studio.o F:\stuff\rusefi_sourceforge\firmware\iar\Debug\ #
#                    Obj\tunerstudio_io.o F:\stuff\rusefi_sourceforge\firmwar #
#                    e\iar\Debug\Obj\uart.o F:\stuff\rusefi_sourceforge\firmw #
#                    are\iar\Debug\Obj\usb.o F:\stuff\rusefi_sourceforge\firm #
#                    ware\iar\Debug\Obj\usb_lld.o                             #
#                    F:\stuff\rusefi_sourceforge\firmware\iar\Debug\Obj\usbcf #
#                    g.o F:\stuff\rusefi_sourceforge\firmware\iar\Debug\Obj\u #
#                    sbconsole.o F:\stuff\rusefi_sourceforge\firmware\iar\Deb #
#                    ug\Obj\vectors.o F:\stuff\rusefi_sourceforge\firmware\ia #
#                    r\Debug\Obj\vehicle_speed.o                              #
#                    F:\stuff\rusefi_sourceforge\firmware\iar\Debug\Obj\volta #
#                    ge.o F:\stuff\rusefi_sourceforge\firmware\iar\Debug\Obj\ #
#                    vw.o F:\stuff\rusefi_sourceforge\firmware\iar\Debug\Obj\ #
#                    wave_analyzer.o F:\stuff\rusefi_sourceforge\firmware\iar #
#                    \Debug\Obj\wave_chart.o F:\stuff\rusefi_sourceforge\firm #
#                    ware\iar\Debug\Obj\wbo.o -o                              #
#                    F:\stuff\rusefi_sourceforge\firmware\iar\Debug\Exe\ch.ou #
#                    t --redirect _Printf=_PrintfTiny --redirect              #
#                    _Scanf=_ScanfSmall --misrac2004=1.2-1.4,2.3,3.4,4.2,6.5- #
#                    7,8.2-8.3,9.3,12.3,13.6-13,15.5,17.3,19.17,20.7-20.9,    #
#                    20.11 --map F:\stuff\rusefi_sourceforge\firmware\iar\Deb #
#                    ug\List\ch.map --config F:\stuff\rusefi_sourceforge\firm #
#                    ware\iar\ch.icf --semihosting --entry                    #
#                    __iar_program_start --vfe --enable_stack_usage           #
#                                                                             #
#                                                                             #
###############################################################################

*******************************************************************************
*** MESSAGES
***

Warning[Lo007]: [stack usage analysis] at least one function does not have
          stack usage information. Example: "__iar_program_start". A complete
          list of such functions is in the map file.
Warning[Lo009]: [stack usage analysis] the program contains at least one
          indirect call. Example: from "chvprintf". A complete list of such
          functions is in the map file.
Warning[Lo010]: [stack usage analysis] the program contains at least one
          instance of recursion for which  stack usage analysis has not been
          able to calculate a maximum stack depth. One function involved is
          "firmwareError". A complete list of all recursion nests is in the map
          file.


*******************************************************************************
*** RUNTIME MODEL ATTRIBUTES
***

CppFlavor                     = *
__CPP_Language                = EC++
__Heap_Handler                = Basic
__SystemLibrary               = DLib
__dlib_dynamic_initialization = normal


*******************************************************************************
*** PLACEMENT SUMMARY
***

"A1":  place at 0x08000000 { section .intvec };
"P1":  place in [from 0x08000000 to 0x0803ffff] { ro };
"A2":  place at start of [0x20000000-0x2001ffff] { block IRQSTACK };
"P2":  place in [from 0x20000000 to 0x2001ffff] { block DATABSS, block HEAP };
"A3":  place at end of [0x20000000-0x2001ffff] { block CSTACK };
"P4":  place in [from 0x10000000 to 0x1000ffff] { section .ccm };

  Section               Kind        Address     Size  Object
  -------               ----        -------     ----  ------
"A1":                                          0x188
  .intvec               ro code  0x08000000      0x0  cstartup.o [1]
  .intvec               ro code  0x08000000    0x188  vectors.o [1]
                               - 0x08000188    0x188

"P1":                                        0x35a00
  .text                 ro code  0x08000188   0x244c  settings.o [1]
  .text                 ro code  0x080025d4    0x4e0  datalogging.o [1]
  .text                 ro code  0x08002ab4    0x3e2  efilib.o [1]
  .text                 ro code  0x08002e96     0x22  zero_init3.o [6]
  .text                 ro code  0x08002eb8    0x374  auto_generated_enums.o [1]
  .text                 ro code  0x0800322c    0x450  pin_repository.o [1]
  .text                 ro code  0x0800367c   0x1868  engine_configuration.o [1]
  .text                 ro code  0x08004ee4     0x4e  FltToDbl.o [5]
  .rodata               const    0x08004f32      0x2  mmc_spi.o [1]
  .text                 ro code  0x08004f34    0x340  wave_chart.o [1]
  .text                 ro code  0x08005274    0x2c4  flash_main.o [1]
  .text                 ro code  0x08005538    0x974  adc_inputs.o [1]
  .text                 ro code  0x08005eac    0x6ee  thermistors.o [1]
  .rodata               const    0x0800659a      0x2  mmc_spi.o [1]
  .text                 ro code  0x0800659c    0xb10  engine_controller.o [1]
  .text                 ro code  0x080070ac    0x1fc  tps.o [1]
  .text                 ro code  0x080072a8    0x11c  efiGpio.o [1]
  .text                 ro code  0x080073c4    0x9c4  engine_math.o [1]
  .text                 ro code  0x08007d88    0xe98  trigger_structure.o [1]
  .text                 ro code  0x08008c20    0x214  rusefi.o [1]
  .text                 ro code  0x08008e34    0x640  interpolation.o [1]
  .text                 ro code  0x08009474    0x254  io_pins.o [1]
  .text                 ro code  0x080096c8    0x108  rtc_helper.o [1]
  .text                 ro code  0x080097d0    0x3bc  alternatorController.o [1]
  .text                 ro code  0x08009b8c    0x730  cli_registry.o [1]
  .text                 ro code  0x0800a2bc    0x128  error_handling.o [1]
  .text                 ro code  0x0800a3e4     0x44  strcpy.o [6]
  .text                 ro code  0x0800a428    0x204  mpu_util.o [1]
  .text                 ro code  0x0800a62c    0x444  chprintf.o [1]
  .text                 ro code  0x0800aa70    0x34c  console_io.o [1]
  .text                 ro code  0x0800adbc     0x36  strlen.o [6]
  .rodata               const    0x0800adf2      0x2  pwm_generator.o [1]
  .text                 ro code  0x0800adf4    0x110  loggingcentral.o [1]
  .text                 ro code  0x0800af04     0xd4  memstreams.o [1]
  .text                 ro code  0x0800afd8    0x1a2  DblMul.o [5]
  .rodata               const    0x0800b17a      0x2  usb.o [1]
  .text                 ro code  0x0800b17c     0x90  DblToFlt.o [5]
  .text                 ro code  0x0800b20c    0x2ac  eficonsole.o [1]
  .text                 ro code  0x0800b4b8    0x1ac  pal_lld.o [1]
  .text                 ro code  0x0800b664    0x154  icu.o [1]
  .text                 ro code  0x0800b7b8     0xb8  table_helper.o [1]
  .text                 ro code  0x0800b870     0x16  usb.o [1]
  .rodata               const    0x0800b886      0x2  usb.o [1]
  .text                 ro code  0x0800b888    0x370  electronic_throttle.o [1]
  .text                 ro code  0x0800bbf8    0x7b0  maf.o [1]
  .text                 ro code  0x0800c3a8    0x2e4  speed_density.o [1]
  .text                 ro code  0x0800c68c    0x2a4  advance_map.o [1]
  .text                 ro code  0x0800c930    0x130  ego.o [1]
  .text                 ro code  0x0800ca60    0x138  rover_v8.o [1]
  .text                 ro code  0x0800cb98    0x13c  custom_engine.o [1]
  .text                 ro code  0x0800ccd4     0x10  acura_rsx.o [1]
  .text                 ro code  0x0800cce4    0x568  dodge_neon.o [1]
  .text                 ro code  0x0800d24c    0x20c  ford_aspire.o [1]
  .text                 ro code  0x0800d458     0x8c  ford_fiesta.o [1]
  .text                 ro code  0x0800d4e4      0x8  nissan_primera.o [1]
  .text                 ro code  0x0800d4ec    0x254  honda_accord.o [1]
  .text                 ro code  0x0800d740    0x114  mitsubishi.o [1]
  .text                 ro code  0x0800d854    0x208  ford_1995_inline_6.o [1]
  .text                 ro code  0x0800da5c    0x120  GY6_139QMB.o [1]
  .text                 ro code  0x0800db7c    0x1d8  mazda_miata_nb.o [1]
  .text                 ro code  0x0800dd54     0x18  mazda_323.o [1]
  .text                 ro code  0x0800dd6c    0x168  mazda_626.o [1]
  .text                 ro code  0x0800ded4      0x8  saturn_ion.o [1]
  .text                 ro code  0x0800dedc      0x8  MiniCooperR50.o [1]
  .text                 ro code  0x0800dee4    0x7c0  mazda_miata.o [1]
  .text                 ro code  0x0800e6a4    0x2e0  citroenBerlingoTU3JP.o [1]
  .text                 ro code  0x0800e984     0x44  subaru.o [1]
  .text                 ro code  0x0800e9c8    0x368  bmw_e34.o [1]
  .text                 ro code  0x0800ed30     0x34  gm_2_2.o [1]
  .text                 ro code  0x0800ed64    0x1c0  dodge_ram.o [1]
  .text                 ro code  0x0800ef24     0xd8  vw.o [1]
  .text                 ro code  0x0800effc     0xd8  test_engine.o [1]
  .text                 ro code  0x0800f0d4    0x1e8  sachs.o [1]
  .text                 ro code  0x0800f2bc    0xe60  tunerstudio.o [1]
  .text                 ro code  0x0801011c     0x32  cxxabi.o [4]
  .rodata               const    0x0801014e      0x2  usb.o [1]
  .text                 ro code  0x08010150    0xd08  trigger_decoder.o [1]
  .text                 ro code  0x08010e58    0xccc  fsio_impl.o [1]
  .text                 ro code  0x08011b24    0x132  I64DivMod.o [6]
  .text                 ro code  0x08011c56      0x2  trigger_decoder.o [1]
  .text                 ro code  0x08011c58   0x10b8  status_loop.o [1]
  .text                 ro code  0x08012d10    0x4ec  rpm_calculator.o [1]
  .text                 ro code  0x080131fc     0x6c  crc.o [1]
  .text                 ro code  0x08013268    0x300  flash.o [1]
  .text                 ro code  0x08013568    0x1e4  chdebug.o [1]
  .text                 ro code  0x0801374c     0xe0  adc.o [1]
  .text                 ro code  0x0801382c     0x70  pwm.o [1]
  .text                 ro code  0x0801389c      0x6  logf.o [5]
  .text                 ro code  0x080138a2     0x38  xfdtest.o [5]
  .text                 ro code  0x080138da      0x2  vectors.o [1]
  .text                 ro code  0x080138dc     0x62  memcmp.o [6]
  .text                 ro code  0x0801393e     0x16  usb_lld.o [1]
  .text                 ro code  0x08013954    0x67c  engine.o [1]
  .text                 ro code  0x08013fd0     0x70  efilib2.o [1]
  .text                 ro code  0x08014040     0x26  LocalVersionHolder.o [1]
  .text                 ro code  0x08014068    0x19c  chthreads.o [1]
  .text                 ro code  0x08014204     0xf0  malfunction_central.o [1]
  .text                 ro code  0x080142f4     0x3c  rfiutil.o [1]
  .text                 ro code  0x08014330     0x78  listener_array.o [1]
  .text                 ro code  0x080143a8    0x528  map.o [1]
  .text                 ro code  0x080148d0    0x394  accel_enrichment.o [1]
  .text                 ro code  0x08014c64     0x6c  allsensors.o [1]
  .text                 ro code  0x08014cd0    0x162  pwm_generator.o [1]
  .text                 ro code  0x08014e34    0x10c  sensor_chart.o [1]
  .text                 ro code  0x08014f40     0x22  algo.o [1]
  .text                 ro code  0x08014f64    0x4e4  wave_analyzer.o [1]
  .text                 ro code  0x08015448    0x6e4  injector_central.o [1]
  .text                 ro code  0x08015b2c    0x12c  malfunction_indicator.o [1]
  .text                 ro code  0x08015c58    0x488  map_averaging.o [1]
  .text                 ro code  0x080160e0    0xb54  main_trigger_callback.o [1]
  .text                 ro code  0x08016c34    0x5ac  idle_thread.o [1]
  .text                 ro code  0x080171e0    0x71c  lcd_controller.o [1]
  .text                 ro code  0x080178fc    0x246  DblDiv.o [5]
  .text                 ro code  0x08017b44     0x58  DblToI32.o [5]
  .text                 ro code  0x08017b9c     0x58  efiGpio.o [1]
  .text                 ro code  0x08017bf4      0x6  engine_math.o [1]
  .text                 ro code  0x08017bfc     0x28  engine_math.o [1]
  .text                 ro code  0x08017c24     0x28  engine_math.o [1]
  .text                 ro code  0x08017c4c     0x30  engine_math.o [1]
  .text                 ro code  0x08017c7c      0x6  engine_math.o [1]
  .text                 ro code  0x08017c84     0x30  I32ToDbl.o [5]
  .text                 ro code  0x08017cb4     0x48  xdtest.o [5]
  .text                 ro code  0x08017cfc    0x104  EfiWave.o [1]
  .text                 ro code  0x08017e00     0xe4  chvt.o [1]
  .text                 ro code  0x08017ee4    0x384  hardware.o [1]
  .text                 ro code  0x08018268     0x28  engine_emulator.o [1]
  .text                 ro code  0x08018290     0x6c  strncpy.o [6]
  .text                 ro code  0x080182fc     0x44  gpio_helper.o [1]
  .text                 ro code  0x08018340    0x29a  chrtclib.o [1]
  .text                 ro code  0x080185dc    0x370  pwm_generator_logic.o [1]
  .text                 ro code  0x0801894c     0xe4  pid.o [1]
  .text                 ro code  0x08018a30     0x54  voltage.o [1]
  .text                 ro code  0x08018a84    0x378  board_test.o [1]
  .text                 ro code  0x08018dfc     0x2a  strncmp.o [3]
  .text                 ro code  0x08018e26     0x1c  strcat.o [3]
  .text                 ro code  0x08018e44    0x6e0  lcd_HD44780.o [1]
  .text                 ro code  0x08019524      0x4  chcore.o [1]
  .text                 ro code  0x08019528     0x2e  DblCmpLe.o [5]
  .text                 ro code  0x08019558    0x180  DblSub.o [5]
  .text                 ro code  0x080196d8     0xec  chevents.o [1]
  .text                 ro code  0x080197c4     0x7c  usbconsole.o [1]
  .text                 ro code  0x08019840    0x19c  serial.o [1]
  .text                 ro code  0x080199dc     0x50  chregistry.o [1]
  .text                 ro code  0x08019a2c    0x44e  icu_lld.o [1]
  .text                 ro code  0x08019e7c     0x66  ABImemset.o [6]
  .text                 ro code  0x08019ee4     0xe8  DblAdd.o [5]
  .text                 ro code  0x08019fcc     0x1e  speed_density.o [1]
  .text                 ro code  0x08019fea     0x1e  speed_density.o [1]
  .text                 ro code  0x0801a008     0x4c  speed_density.o [1]
  .text                 ro code  0x0801a054     0x28  speed_density.o [1]
  .text                 ro code  0x0801a07c     0x24  speed_density.o [1]
  .text                 ro code  0x0801a0a0     0x50  status_loop.o [1]
  .text                 ro code  0x0801a0f0    0xa68  HIP9011.o [1]
  .text                 ro code  0x0801ab58    0x18e  tunerstudio_io.o [1]
  .text                 ro code  0x0801ace8     0x98  cppinit.o [3]
  .text                 ro code  0x0801ad80     0x10  trigger_decoder.o [1]
  .text                 ro code  0x0801ad90     0x3a  trigger_decoder.o [1]
  .text                 ro code  0x0801adca     0x30  trigger_decoder.o [1]
  .text                 ro code  0x0801adfc    0x454  trigger_mazda.o [1]
  .text                 ro code  0x0801b250    0x504  trigger_chrysler.o [1]
  .text                 ro code  0x0801b754    0x258  trigger_mitsubishi.o [1]
  .text                 ro code  0x0801b9ac    0x1e4  trigger_bmw.o [1]
  .text                 ro code  0x0801bb90     0x1e  trigger_decoder.o [1]
  .text                 ro code  0x0801bbb0    0x8a0  fsio_core.o [1]
  .text                 ro code  0x0801c450      0x2  I64DivZer.o [6]
  .text                 ro code  0x0801c454    0x164  vehicle_speed.o [1]
  .text                 ro code  0x0801c5b8    0x49c  fuel_math.o [1]
  .text                 ro code  0x0801ca54    0x614  mmc_card.o [1]
  .text                 ro code  0x0801d068    0x8f8  trigger_central.o [1]
  .text                 ro code  0x0801d960    0x288  max31855.o [1]
  .text                 ro code  0x0801dbe8     0x62  I64ToFlt.o [5]
  .text                 ro code  0x0801dc4c    0x228  SingleTimerExecutor.o [1]
  .text                 ro code  0x0801de74    0x480  adc_lld.o [1]
  .text                 ro code  0x0801e2f4    0x1b8  chmtx.o [1]
  .text                 ro code  0x0801e4ac    0x2cc  pwm_lld.o [1]
  .text                 ro code  0x0801e778    0x168  xflog.o [5]
  .text                 ro code  0x0801e8e0     0x76  ABImemcpy.o [6]
  .text                 ro code  0x0801e956      0x6  engine.o [1]
  .text                 ro code  0x0801e95c     0x9c  engine.o [1]
  .text                 ro code  0x0801e9f8    0x2a8  chschd.o [1]
  .text                 ro code  0x0801eca0     0x58  I64ToDbl.o [5]
  .text                 ro code  0x0801ecf8    0x1c0  digital_input_hw.o [1]
  .text                 ro code  0x0801eeb8      0x6  accel_enrichment.o [1]
  .text                 ro code  0x0801eec0     0x54  accel_enrichment.o [1]
  .text                 ro code  0x0801ef14     0x34  accel_enrichment.o [1]
  .text                 ro code  0x0801ef48     0x10  accel_enrichment.o [1]
  .text                 ro code  0x0801ef58     0x1c  accel_enrichment.o [1]
  .text                 ro code  0x0801ef74     0x76  FltToS64.o [5]
  .text                 ro code  0x0801efec    0x274  signal_executor.o [1]
  .text                 ro code  0x0801f260     0x44  main_trigger_callback.o [1]
  .text                 ro code  0x0801f2a4    0x1f4  stepper.o [1]
  .text                 ro code  0x0801f498    0x240  idle_controller.o [1]
  .text                 ro code  0x0801f6d8    0x12a  lcd_menu_tree.o [1]
  .text                 ro code  0x0801f804    0x244  trigger_input.o [1]
  .text                 ro code  0x0801fa48    0x678  can_hw.o [1]
  .text                 ro code  0x080200c0    0x228  neo6m.o [1]
  .text                 ro code  0x080202e8    0x33c  joystick.o [1]
  .text                 ro code  0x08020624      0x2  wbo.o [1]
  .text                 ro code  0x08020628    0x174  poten.o [1]
  .text                 ro code  0x0802079c     0xa0  trigger_emulator.o [1]
  .text                 ro code  0x0802083c      0x6  ABImemclr4.o [6]
  .text                 ro code  0x08020844     0x9c  rtc.o [1]
  .text                 ro code  0x080208e0     0xd4  mktime.o [3]
  .text                 ro code  0x080209b4     0xba  localtim.o [3]
  .text                 ro code  0x08020a70    0x212  event_queue.o [1]
  .text                 ro code  0x08020c84    0x48e  serial_usb.o [1]
  .text                 ro code  0x08021114    0x87c  usb.o [1]
  .text                 ro code  0x08021990    0x3b0  chqueues.o [1]
  .text                 ro code  0x08021d40    0x2e0  serial_lld.o [1]
  .text                 ro code  0x08022020    0x144  chcore_v7m.o [1]
  .text                 ro code  0x08022164     0xb8  nvic.o [1]
  .text                 ro code  0x0802221c    0x4d0  spi_lld.o [1]
  .text                 ro code  0x080226ec     0xf8  hip9011_lookup.o [1]
  .text                 ro code  0x080227e4    0x378  spi.o [1]
  .text                 ro code  0x08022b5c     0x16  trigger_decoder.o [1]
  .text                 ro code  0x08022b72     0x18  fsio_core.o [1]
  .text                 ro code  0x08022b8a      0x6  fsio_core.o [1]
  .text                 ro code  0x08022b90      0x4  fsio_core.o [1]
  .text                 ro code  0x08022b94     0x24  fsio_core.o [1]
  .text                 ro code  0x08022bb8     0x34  fsio_core.o [1]
  .text                 ro code  0x08022bec     0x50  fuel_math.o [1]
  .text                 ro code  0x08022c3c   0x2300  ff.o [1]
  .text                 ro code  0x08024f3c    0x89c  mmc_spi.o [1]
  .text                 ro code  0x080257d8    0x1a0  microsecond_timer.o [1]
  .text                 ro code  0x08025978    0x54c  stm32_dma.o [1]
  .text                 ro code  0x08025ec4     0x26  xfdnorm.o [5]
  .text                 ro code  0x08025eec      0xc  errno.o [3]
  .text                 ro code  0x08025ef8     0x38  chcoreasm_v7m.o [1]
  .text                 ro code  0x08025f30     0x2c  digital_input_hw.o [1]
  .text                 ro code  0x08025f5c     0x2c  digital_input_hw.o [1]
  .text                 ro code  0x08025f88     0x16  accel_enrichment.o [1]
  .text                 ro code  0x08025f9e     0x1e  accel_enrichment.o [1]
  .text                 ro code  0x08025fbc    0x1dc  can.o [1]
  .text                 ro code  0x08026198    0x1f0  obd2.o [1]
  .text                 ro code  0x08026388    0x5bc  nmea.o [1]
  .text                 ro code  0x08026944     0x6c  ext.o [1]
  .text                 ro code  0x080269b0    0x3ec  trigger_emulator_algo.o [1]
  .text                 ro code  0x08026d9c     0x32  ABImemset48.o [6]
  .text                 ro code  0x08026dd0    0x202  rtc_lld.o [1]
  .text                 ro code  0x08026fd4    0x188  xttotm.o [3]
  .text                 ro code  0x0802715c      0x2  xtls.o [3]
  .text                 ro code  0x08027160     0x29  setlocale.o [3]
  .text                 ro code  0x0802718c      0xa  getzone.o [3]
  .text                 ro code  0x08027196     0x42  xgettime.o [3]
  .text                 ro code  0x080271d8     0x86  xstol.o [3]
  .text                 ro code  0x08027260    0xe58  usb_lld.o [1]
  .text                 ro code  0x080280b8    0x11c  chsys.o [1]
  .text                 ro code  0x080281d4     0x1c  trigger_decoder.o [1]
  .text                 ro code  0x080281f0    0x170  fatfs_diskio.o [1]
  .text                 ro code  0x08028360     0x90  ccsbcs.o [1]
  .text                 ro code  0x080283f0     0x1a  fatfs_syscall.o [1]
  .text                 ro code  0x0802840c     0xd8  mmcsd.o [1]
  .text                 ro code  0x080284e4     0xe8  gpt.o [1]
  .text                 ro code  0x080285cc      0x6  digital_input_hw.o [1]
  .text                 ro code  0x080285d4    0x740  can_lld.o [1]
  .text                 ro code  0x08028d14    0x118  chsem.o [1]
  .text                 ro code  0x08028e2c     0xc0  modf.o [5]
  .text                 ro code  0x08028eec     0x4c  round.o [5]
  .text                 ro code  0x08028f38     0x16  strchr.o [6]
  .text                 ro code  0x08028f4e     0x10  nmea.o [1]
  .text                 ro code  0x08028f5e     0x10  nmea.o [1]
  .text                 ro code  0x08028f70    0x174  ext_lld.o [1]
  .text                 ro code  0x080290e4    0x134  xisdst.o [3]
  .text                 ro code  0x08029218    0x170  xstoul.o [3]
  .text                 ro code  0x08029388     0xa0  hal.o [1]
  .text                 ro code  0x08029428     0x78  chmemcore.o [1]
  .text                 ro code  0x080294a0    0x174  chheap.o [1]
  .text                 ro code  0x08029614     0x16  board.o [1]
  .text                 ro code  0x0802962c    0x12a  gpt_lld.o [1]
  .text                 ro code  0x08029756     0x7e  xdint.o [5]
  .text                 ro code  0x080297d4     0x2c  strstr.o [3]
  .text                 ro code  0x08029800     0x18  strrchr.o [3]
  .text                 ro code  0x08029818    0x2f8  ext_lld_isr.o [1]
  .text                 ro code  0x08029b10    0x142  xgetdst.o [3]
  .text                 ro code  0x08029c54     0x80  xxmemxfree.o [3]
  .text                 ro code  0x08029cd4     0x58  memchr.o [6]
  .text                 ro code  0x08029d2c    0x23c  hal_lld.o [1]
  .text                 ro code  0x08029f68     0x1e  i2c.o [1]
  .text                 ro code  0x08029f88     0xb0  xxmemxmalloc.o [3]
  .text                 ro code  0x0802a038    0x2b0  i2c_lld.o [1]
  .text                 ro code  0x0802a2e8     0x2c  xgetmemchunk.o [3]
  .rodata               const    0x0802a314    0x400  GY6_139QMB.o [1]
  .rodata               const    0x0802a714    0x400  advance_map.o [1]
  .rodata               const    0x0802ab14    0x400  citroenBerlingoTU3JP.o [1]
  .rodata               const    0x0802af14    0x400  citroenBerlingoTU3JP.o [1]
  .rodata               const    0x0802b314    0x400  dodge_neon.o [1]
  .rodata               const    0x0802b714    0x400  dodge_neon.o [1]
  .rodata               const    0x0802bb14    0x400  dodge_neon.o [1]
  .rodata               const    0x0802bf14    0x400  ford_aspire.o [1]
  .rodata               const    0x0802c314    0x400  ford_aspire.o [1]
  .rodata               const    0x0802c714    0x400  mazda_miata.o [1]
  .rodata               const    0x0802cb14    0x400  mazda_miata.o [1]
  .rodata               const    0x0802cf14    0x1e0  ccsbcs.o [1]
  .rodata               const    0x0802d0f4    0x1e0  ccsbcs.o [1]
  .text                 ro code  0x0802d2d4    0x1a4  lz77_init.o [6]
  .text                 ro code  0x0802d478      0x6  abort.o [3]
  .text                 ro code  0x0802d480     0x14  exit.o [7]
  .rodata               const    0x0802d494    0x100  ccsbcs.o [1]
  .rodata               const    0x0802d594    0x100  hip9011_lookup.o [1]
  .rodata               const    0x0802d694    0x100  hip9011_lookup.o [1]
  .rodata               const    0x0802d794    0x100  mmc_spi.o [1]
  .rodata               const    0x0802d894     0xfc  board.o [1]
  .rodata               const    0x0802d990     0xc0  stm32_dma.o [1]
  .text                 ro code  0x0802da50     0xa4  usbcfg.o [1]
  SHT$$PREINIT_ARRAY             0x0802daf4      0x0  <Block>
  SHT$$INIT_ARRAY                0x0802daf4     0xa4  <Block>
    .init_array         const    0x0802daf4      0x4  HIP9011.o [1]
    .init_array         const    0x0802daf8      0x4  SingleTimerExecutor.o [1]
    .init_array         const    0x0802dafc      0x4  adc_inputs.o [1]
    .init_array         const    0x0802db00      0x4  advance_map.o [1]
    .init_array         const    0x0802db04      0x4  alternatorController.o [1]
    .init_array         const    0x0802db08      0x4  can_hw.o [1]
    .init_array         const    0x0802db0c      0x4  digital_input_hw.o [1]
    .init_array         const    0x0802db10      0x4  efiGpio.o [1]
    .init_array         const    0x0802db14      0x4  eficonsole.o [1]
    .init_array         const    0x0802db18      0x4  electronic_throttle.o [1]
    .init_array         const    0x0802db1c      0x4  engine.o [1]
    .init_array         const    0x0802db20      0x4  engine_controller.o [1]
    .init_array         const    0x0802db24      0x4  error_handling.o [1]
    .init_array         const    0x0802db28      0x4  fsio_core.o [1]
    .init_array         const    0x0802db2c      0x4  fsio_impl.o [1]
    .init_array         const    0x0802db30      0x4  fuel_math.o [1]
    .init_array         const    0x0802db34      0x4  idle_thread.o [1]
    .init_array         const    0x0802db38      0x4  injector_central.o [1]
    .init_array         const    0x0802db3c      0x4  io_pins.o [1]
    .init_array         const    0x0802db40      0x4  lcd_controller.o [1]
    .init_array         const    0x0802db44      0x4  main_trigger_callback.o [1]
    .init_array         const    0x0802db48      0x4  map.o [1]
    .init_array         const    0x0802db4c      0x4  map_averaging.o [1]
    .init_array         const    0x0802db50      0x4  mmc_card.o [1]
    .init_array         const    0x0802db54      0x4  neo6m.o [1]
    .init_array         const    0x0802db58      0x4  obd2.o [1]
    .init_array         const    0x0802db5c      0x4  pin_repository.o [1]
    .init_array         const    0x0802db60      0x4  rpm_calculator.o [1]
    .init_array         const    0x0802db64      0x4  rtc_helper.o [1]
    .init_array         const    0x0802db68      0x4  rusefi.o [1]
    .init_array         const    0x0802db6c      0x4  sensor_chart.o [1]
    .init_array         const    0x0802db70      0x4  settings.o [1]
    .init_array         const    0x0802db74      0x4  speed_density.o [1]
    .init_array         const    0x0802db78      0x4  status_loop.o [1]
    .init_array         const    0x0802db7c      0x4  trigger_central.o [1]
    .init_array         const    0x0802db80      0x4  trigger_decoder.o [1]
    .init_array         const    0x0802db84      0x4  trigger_emulator.o [1]
    .init_array         const    0x0802db88      0x4  trigger_emulator_algo.o [1]
    .init_array         const    0x0802db8c      0x4  tunerstudio.o [1]
    .init_array         const    0x0802db90      0x4  wave_analyzer.o [1]
    .init_array         const    0x0802db94      0x4  wave_chart.o [1]
  .rodata               const    0x0802db98     0x80  ff.o [1]
  .rodata               const    0x0802dc18     0x80  hip9011_lookup.o [1]
  .text                 ro code  0x0802dc98     0x64  event_registry.o [1]
  .text                 ro code  0x0802dcfc     0x28  event_registry.o [1]
  .rodata               const    0x0802dd24     0x5c  cli_registry.o [1]
  .rodata               const    0x0802dd80     0x5c  trigger_central.o [1]
  .rodata               const    0x0802dddc     0x58  wave_chart.o [1]
  .rodata               const    0x0802de34     0x54  stm32_dma.o [1]
  .rodata               const    0x0802de88     0x50  flash_main.o [1]
  .rodata               const    0x0802ded8     0x48  HIP9011.o [1]
  .rodata               const    0x0802df20     0x48  chdebug.o [1]
  .rodata               const    0x0802df68     0x48  chevents.o [1]
  .rodata               const    0x0802dfb0     0x48  chqueues.o [1]
  .rodata               const    0x0802dff8     0x48  chthreads.o [1]
  .rodata               const    0x0802e040     0x48  serial_usb.o [1]
  .rodata               const    0x0802e088     0x48  trigger_decoder.o [1]
  .rodata               const    0x0802e0d0     0x48  tunerstudio.o [1]
  .rodata               const    0x0802e118     0x48  tunerstudio.o [1]
  .rodata               const    0x0802e160     0x44  board_test.o [1]
  .rodata               const    0x0802e1a4     0x44  chheap.o [1]
  .rodata               const    0x0802e1e8     0x44  chmtx.o [1]
  .rodata               const    0x0802e22c     0x44  chsem.o [1]
  .rodata               const    0x0802e270     0x44  chvt.o [1]
  .rodata               const    0x0802e2b4     0x44  eficonsole.o [1]
  .rodata               const    0x0802e2f8     0x44  mmc_spi.o [1]
  .rodata               const    0x0802e33c     0x44  mpu_util.o [1]
  .rodata               const    0x0802e380     0x44  serial.o [1]
  .rodata               const    0x0802e3c4     0x44  usbcfg.o [1]
  .rodata               const    0x0802e408     0x40  adc.o [1]
  .rodata               const    0x0802e448     0x40  advance_map.o [1]
  .rodata               const    0x0802e488     0x40  can.o [1]
  .rodata               const    0x0802e4c8     0x40  ext.o [1]
  .rodata               const    0x0802e508     0x40  gpt.o [1]
  .rodata               const    0x0802e548     0x40  icu.o [1]
  .rodata               const    0x0802e588     0x40  mmcsd.o [1]
  .rodata               const    0x0802e5c8     0x40  pwm.o [1]
  .rodata               const    0x0802e608     0x40  rtc.o [1]
  .rodata               const    0x0802e648     0x40  speed_density.o [1]
  .rodata               const    0x0802e688     0x40  spi.o [1]
  .rodata               const    0x0802e6c8     0x40  trigger_central.o [1]
  .rodata               const    0x0802e708     0x40  usb.o [1]
  .rodata               const    0x0802e748     0x3c  eficonsole.o [1]
  .rodata               const    0x0802e784     0x3c  engine_math.o [1]
  .rodata               const    0x0802e7c0     0x3c  engine_math.o [1]
  .rodata               const    0x0802e7fc     0x3c  fsio_impl.o [1]
  .rodata               const    0x0802e838     0x3c  rtc_helper.o [1]
  .rodata               const    0x0802e874     0x3c  settings.o [1]
  .rodata               const    0x0802e8b0     0x3c  settings.o [1]
  .rodata               const    0x0802e8ec     0x3c  trigger_central.o [1]
  .rodata               const    0x0802e928     0x3c  trigger_central.o [1]
  .rodata               const    0x0802e964     0x38  can_hw.o [1]
  .rodata               const    0x0802e99c     0x38  flash_main.o [1]
  .rodata               const    0x0802e9d4     0x38  injector_central.o [1]
  .rodata               const    0x0802ea0c     0x38  settings.o [1]
  .rodata               const    0x0802ea44     0x38  settings.o [1]
  .rodata               const    0x0802ea7c     0x38  trigger_decoder.o [1]
  .rodata               const    0x0802eab4     0x38  usbcfg.o [1]
  .rodata               const    0x0802eaec     0x34  HIP9011.o [1]
  .rodata               const    0x0802eb20     0x34  adc_inputs.o [1]
  .rodata               const    0x0802eb54     0x34  board_test.o [1]
  .rodata               const    0x0802eb88     0x34  board_test.o [1]
  .rodata               const    0x0802ebbc     0x34  cli_registry.o [1]
  .rodata               const    0x0802ebf0     0x34  eficonsole.o [1]
  .rodata               const    0x0802ec24     0x34  engine_controller.o [1]
  .rodata               const    0x0802ec58     0x34  interpolation.o [1]
  .rodata               const    0x0802ec8c     0x34  mmc_card.o [1]
  .rodata               const    0x0802ecc0     0x34  rpm_calculator.o [1]
  .rodata               const    0x0802ecf4     0x34  settings.o [1]
  .rodata               const    0x0802ed28     0x34  settings.o [1]
  .rodata               const    0x0802ed5c     0x34  settings.o [1]
  .rodata               const    0x0802ed90     0x34  settings.o [1]
  .rodata               const    0x0802edc4     0x34  settings.o [1]
  .rodata               const    0x0802edf8     0x34  settings.o [1]
  .rodata               const    0x0802ee2c     0x34  settings.o [1]
  .rodata               const    0x0802ee60     0x34  status_loop.o [1]
  .rodata               const    0x0802ee94     0x34  thermistors.o [1]
  .rodata               const    0x0802eec8     0x34  tunerstudio.o [1]
  .rodata               const    0x0802eefc     0x34  tunerstudio.o [1]
  .rodata               const    0x0802ef30     0x34  tunerstudio.o [1]
  .rodata               const    0x0802ef64     0x30  engine.o [1]
  .rodata               const    0x0802ef94     0x30  engine.o [1]
  .rodata               const    0x0802efc4     0x30  engine.o [1]
  .rodata               const    0x0802eff4     0x30  engine_math.o [1]
  .rodata               const    0x0802f024     0x30  mmc_card.o [1]
  .rodata               const    0x0802f054     0x30  settings.o [1]
  .rodata               const    0x0802f084     0x30  trigger_decoder.o [1]
  .rodata               const    0x0802f0b4     0x30  trigger_emulator_algo.o [1]
  .text                 ro code  0x0802f0e4     0x30  engine_configuration.o [1]
  .rodata               const    0x0802f114     0x2c  alternatorController.o [1]
  .rodata               const    0x0802f140     0x2c  datalogging.o [1]
  .rodata               const    0x0802f16c     0x2c  eficonsole.o [1]
  .rodata               const    0x0802f198     0x2c  eficonsole.o [1]
  .rodata               const    0x0802f1c4     0x2c  flash_main.o [1]
  .rodata               const    0x0802f1f0     0x2c  interpolation.o [1]
  .rodata               const    0x0802f21c     0x2c  mmc_card.o [1]
  .rodata               const    0x0802f248     0x2c  settings.o [1]
  .rodata               const    0x0802f274     0x2c  settings.o [1]
  .rodata               const    0x0802f2a0     0x2c  settings.o [1]
  .rodata               const    0x0802f2cc     0x2c  thermistors.o [1]
  .rodata               const    0x0802f2f8     0x2c  thermistors.o [1]
  .rodata               const    0x0802f324     0x2c  thermistors.o [1]
  .rodata               const    0x0802f350     0x2c  thermistors.o [1]
  .rodata               const    0x0802f37c     0x2c  tps.o [1]
  .rodata               const    0x0802f3a8     0x2c  trigger_central.o [1]
  .rodata               const    0x0802f3d4     0x2c  trigger_central.o [1]
  .rodata               const    0x0802f400     0x2c  trigger_central.o [1]
  .rodata               const    0x0802f42c     0x2c  trigger_central.o [1]
  .rodata               const    0x0802f458     0x2c  tunerstudio.o [1]
  .rodata               const    0x0802f484     0x2c  tunerstudio.o [1]
  .rodata               const    0x0802f4b0     0x2c  tunerstudio.o [1]
  .rodata               const    0x0802f4dc     0x28  HIP9011.o [1]
  .rodata               const    0x0802f504     0x28  adc_inputs.o [1]
  .rodata               const    0x0802f52c     0x28  auto_generated_enums.o [1]
  .rodata               const    0x0802f554     0x28  can_hw.o [1]
  .rodata               const    0x0802f57c     0x28  engine_math.o [1]
  .rodata               const    0x0802f5a4     0x28  flash_main.o [1]
  .rodata               const    0x0802f5cc     0x28  gpio_helper.o [1]
  .rodata               const    0x0802f5f4     0x28  idle_controller.o [1]
  .rodata               const    0x0802f61c     0x28  idle_thread.o [1]
  .rodata               const    0x0802f644     0x28  main_trigger_callback.o [1]
  .rodata               const    0x0802f66c     0x28  map_averaging.o [1]
  .rodata               const    0x0802f694     0x28  poten.o [1]
  .rodata               const    0x0802f6bc     0x28  rtc_helper.o [1]
  .rodata               const    0x0802f6e4     0x28  settings.o [1]
  .rodata               const    0x0802f70c     0x28  settings.o [1]
  .rodata               const    0x0802f734     0x28  settings.o [1]
  .rodata               const    0x0802f75c     0x28  settings.o [1]
  .rodata               const    0x0802f784     0x28  trigger_central.o [1]
  .rodata               const    0x0802f7ac     0x28  trigger_central.o [1]
  .rodata               const    0x0802f7d4     0x28  trigger_emulator_algo.o [1]
  .rodata               const    0x0802f7fc     0x28  tunerstudio.o [1]
  .rodata               const    0x0802f824     0x28  tunerstudio.o [1]
  .rodata               const    0x0802f84c     0x28  usbcfg.o [1]
  .rodata               const    0x0802f874     0x28  vehicle_speed.o [1]
  .text                 ro code  0x0802f89c     0x28  cstartup.o [1]
  .text                 ro code  0x0802f8c4     0x1a  fpinit_M.o [5]
  .text                 ro code  0x0802f8e0     0x16  cmain.o [6]
  .text                 ro code  0x0802f8f6      0x4  low_level_init.o [3]
  .text                 ro code  0x0802f8fc     0x28  data_init.o [6]
  .text                 ro code  0x0802f924     0x16  main.o [1]
  .text                 ro code  0x0802f93a      0x4  exit.o [3]
  .text                 ro code  0x0802f940      0xe  cexit.o [6]
  .rodata               const    0x0802f950     0x24  EfiWave.o [1]
  .rodata               const    0x0802f974     0x24  HIP9011.o [1]
  .rodata               const    0x0802f998     0x24  HIP9011.o [1]
  .rodata               const    0x0802f9bc     0x24  board_test.o [1]
  .rodata               const    0x0802f9e0     0x24  can_hw.o [1]
  .rodata               const    0x0802fa04     0x24  chdebug.o [1]
  .rodata               const    0x0802fa28     0x24  eficonsole.o [1]
  .rodata               const    0x0802fa4c     0x24  engine_configuration.o [1]
  .rodata               const    0x0802fa70     0x24  engine_controller.o [1]
  .rodata               const    0x0802fa94     0x24  engine_math.o [1]
  .rodata               const    0x0802fab8     0x24  flash_main.o [1]
  .rodata               const    0x0802fadc     0x24  fsio_impl.o [1]
  .rodata               const    0x0802fb00     0x24  fsio_impl.o [1]
  .rodata               const    0x0802fb24     0x24  idle_controller.o [1]
  .rodata               const    0x0802fb48     0x24  main_trigger_callback.o [1]
  .rodata               const    0x0802fb6c     0x24  main_trigger_callback.o [1]
  .rodata               const    0x0802fb90     0x24  mmc_card.o [1]
  .rodata               const    0x0802fbb4     0x24  mmc_card.o [1]
  .rodata               const    0x0802fbd8     0x24  settings.o [1]
  .rodata               const    0x0802fbfc     0x24  settings.o [1]
  .rodata               const    0x0802fc20     0x24  settings.o [1]
  .rodata               const    0x0802fc44     0x24  settings.o [1]
  .rodata               const    0x0802fc68     0x24  settings.o [1]
  .rodata               const    0x0802fc8c     0x24  settings.o [1]
  .rodata               const    0x0802fcb0     0x24  settings.o [1]
  .rodata               const    0x0802fcd4     0x24  status_loop.o [1]
  .rodata               const    0x0802fcf8     0x24  trigger_central.o [1]
  .rodata               const    0x0802fd1c     0x24  trigger_decoder.o [1]
  .rodata               const    0x0802fd40     0x24  trigger_decoder.o [1]
  .rodata               const    0x0802fd64     0x24  tunerstudio.o [1]
  .rodata               const    0x0802fd88     0x24  tunerstudio.o [1]
  .rodata               const    0x0802fdac     0x24  tunerstudio.o [1]
  .rodata               const    0x0802fdd0     0x24  tunerstudio.o [1]
  .rodata               const    0x0802fdf4     0x24  tunerstudio.o [1]
  .rodata               const    0x0802fe18     0x24  tunerstudio_io.o [1]
  .rodata               const    0x0802fe3c     0x24  usb_lld.o [1]
  .rodata               const    0x0802fe60     0x24  usbcfg.o [1]
  .rodata               const    0x0802fe84     0x24  usbcfg.o [1]
  .iar.init_table       const    0x0802fea8     0x38  - Linker created -
  .rodata               const    0x0802fee0     0x20  EfiWave.o [1]
  .rodata               const    0x0802ff00     0x20  HIP9011.o [1]
  .rodata               const    0x0802ff20     0x20  auto_generated_enums.o [1]
  .rodata               const    0x0802ff40     0x20  auto_generated_enums.o [1]
  .rodata               const    0x0802ff60     0x20  board_test.o [1]
  .rodata               const    0x0802ff80     0x20  chdebug.o [1]
  .rodata               const    0x0802ffa0     0x20  console_io.o [1]
  .rodata               const    0x0802ffc0     0x20  eficonsole.o [1]
  .rodata               const    0x0802ffe0     0x20  eficonsole.o [1]
  .rodata               const    0x08030000     0x20  eficonsole.o [1]
  .rodata               const    0x08030020     0x20  eficonsole.o [1]
  .rodata               const    0x08030040     0x20  eficonsole.o [1]
  .rodata               const    0x08030060     0x20  eficonsole.o [1]
  .rodata               const    0x08030080     0x20  eficonsole.o [1]
  .rodata               const    0x080300a0     0x20  engine_configuration.o [1]
  .rodata               const    0x080300c0     0x20  engine_controller.o [1]
  .rodata               const    0x080300e0     0x20  engine_math.o [1]
  .rodata               const    0x08030100     0x20  flash_main.o [1]
  .rodata               const    0x08030120     0x20  flash_main.o [1]
  .rodata               const    0x08030140     0x20  flash_main.o [1]
  .rodata               const    0x08030160     0x20  flash_main.o [1]
  .rodata               const    0x08030180     0x20  fsio_core.o [1]
  .rodata               const    0x080301a0     0x20  fsio_core.o [1]
  .rodata               const    0x080301c0     0x20  fsio_impl.o [1]
  .rodata               const    0x080301e0     0x20  fsio_impl.o [1]
  .rodata               const    0x08030200     0x20  fsio_impl.o [1]
  .rodata               const    0x08030220     0x20  fuel_math.o [1]
  .rodata               const    0x08030240     0x20  idle_controller.o [1]
  .rodata               const    0x08030260     0x20  idle_controller.o [1]
  .rodata               const    0x08030280     0x20  idle_thread.o [1]
  .rodata               const    0x080302a0     0x20  idle_thread.o [1]
  .rodata               const    0x080302c0     0x20  interpolation.o [1]
  .rodata               const    0x080302e0     0x20  interpolation.o [1]
  .rodata               const    0x08030300     0x20  main_trigger_callback.o [1]
  .rodata               const    0x08030320     0x20  main_trigger_callback.o [1]
  .rodata               const    0x08030340     0x20  microsecond_timer.o [1]
  .rodata               const    0x08030360     0x20  mmc_card.o [1]
  .rodata               const    0x08030380     0x20  mmc_spi.o [1]
  .rodata               const    0x080303a0     0x20  mmc_spi.o [1]
  .rodata               const    0x080303c0     0x20  mmc_spi.o [1]
  .rodata               const    0x080303e0     0x20  neo6m.o [1]
  .rodata               const    0x08030400     0x20  pwm_generator_logic.o [1]
  .rodata               const    0x08030420     0x20  pwm_generator_logic.o [1]
  .rodata               const    0x08030440     0x20  serial.o [1]
  .rodata               const    0x08030460     0x20  serial_usb.o [1]
  .rodata               const    0x08030480     0x20  settings.o [1]
  .rodata               const    0x080304a0     0x20  settings.o [1]
  .rodata               const    0x080304c0     0x20  settings.o [1]
  .rodata               const    0x080304e0     0x20  settings.o [1]
  .rodata               const    0x08030500     0x20  settings.o [1]
  .rodata               const    0x08030520     0x20  settings.o [1]
  .rodata               const    0x08030540     0x20  settings.o [1]
  .rodata               const    0x08030560     0x20  settings.o [1]
  .rodata               const    0x08030580     0x20  settings.o [1]
  .rodata               const    0x080305a0     0x20  settings.o [1]
  .rodata               const    0x080305c0     0x20  settings.o [1]
  .rodata               const    0x080305e0     0x20  settings.o [1]
  .rodata               const    0x08030600     0x20  signal_executor.o [1]
  .rodata               const    0x08030620     0x20  trigger_central.o [1]
  .rodata               const    0x08030640     0x20  trigger_central.o [1]
  .rodata               const    0x08030660     0x20  trigger_central.o [1]
  .rodata               const    0x08030680     0x20  trigger_central.o [1]
  .rodata               const    0x080306a0     0x20  trigger_structure.o [1]
  .rodata               const    0x080306c0     0x20  tunerstudio.o [1]
  .rodata               const    0x080306e0     0x20  tunerstudio.o [1]
  .rodata               const    0x08030700     0x20  tunerstudio.o [1]
  .rodata               const    0x08030720     0x20  tunerstudio.o [1]
  .rodata               const    0x08030740     0x20  tunerstudio.o [1]
  .rodata               const    0x08030760     0x20  tunerstudio.o [1]
  .rodata               const    0x08030780     0x20  tunerstudio.o [1]
  .rodata               const    0x080307a0     0x20  usbcfg.o [1]
  .rodata               const    0x080307c0     0x20  wave_analyzer.o [1]
  .text                 ro code  0x080307e0     0x20  cmain_call_ctors.o [6]
  .rodata               const    0x08030800     0x1c  HIP9011.o [1]
  .rodata               const    0x0803081c     0x1c  SingleTimerExecutor.o [1]
  .rodata               const    0x08030838     0x1c  accel_enrichment.o [1]
  .rodata               const    0x08030854     0x1c  accel_enrichment.o [1]
  .rodata               const    0x08030870     0x1c  accel_enrichment.o [1]
  .rodata               const    0x0803088c     0x1c  adc.o [1]
  .rodata               const    0x080308a8     0x1c  adc_inputs.o [1]
  .rodata               const    0x080308c4     0x1c  alternatorController.o [1]
  .rodata               const    0x080308e0     0x1c  alternatorController.o [1]
  .rodata               const    0x080308fc     0x1c  auto_generated_enums.o [1]
  .rodata               const    0x08030918     0x1c  auto_generated_enums.o [1]
  .rodata               const    0x08030934     0x1c  auto_generated_enums.o [1]
  .rodata               const    0x08030950     0x1c  chdebug.o [1]
  .rodata               const    0x0803096c     0x1c  cli_registry.o [1]
  .rodata               const    0x08030988     0x1c  cli_registry.o [1]
  .rodata               const    0x080309a4     0x1c  datalogging.o [1]
  .rodata               const    0x080309c0     0x1c  digital_input_hw.o [1]
  .rodata               const    0x080309dc     0x1c  efiGpio.o [1]
  .rodata               const    0x080309f8     0x1c  efiGpio.o [1]
  .rodata               const    0x08030a14     0x1c  eficonsole.o [1]
  .rodata               const    0x08030a30     0x1c  eficonsole.o [1]
  .rodata               const    0x08030a4c     0x1c  electronic_throttle.o [1]
  .rodata               const    0x08030a68     0x1c  electronic_throttle.o [1]
  .rodata               const    0x08030a84     0x1c  engine_configuration.o [1]
  .rodata               const    0x08030aa0     0x1c  engine_configuration.o [1]
  .rodata               const    0x08030abc     0x1c  engine_controller.o [1]
  .rodata               const    0x08030ad8     0x1c  engine_controller.o [1]
  .rodata               const    0x08030af4     0x1c  engine_math.o [1]
  .rodata               const    0x08030b10     0x1c  engine_math.o [1]
  .rodata               const    0x08030b2c     0x1c  flash_main.o [1]
  .rodata               const    0x08030b48     0x1c  fsio_impl.o [1]
  .rodata               const    0x08030b64     0x1c  fsio_impl.o [1]
  .rodata               const    0x08030b80     0x1c  fsio_impl.o [1]
  .rodata               const    0x08030b9c     0x1c  fsio_impl.o [1]
  .rodata               const    0x08030bb8     0x1c  fsio_impl.o [1]
  .rodata               const    0x08030bd4     0x1c  fsio_impl.o [1]
  .rodata               const    0x08030bf0     0x1c  hardware.o [1]
  .rodata               const    0x08030c0c     0x1c  idle_controller.o [1]
  .rodata               const    0x08030c28     0x1c  idle_thread.o [1]
  .rodata               const    0x08030c44     0x1c  io_pins.o [1]
  .rodata               const    0x08030c60     0x1c  lcd_HD44780.o [1]
  .rodata               const    0x08030c7c     0x1c  main_trigger_callback.o [1]
  .rodata               const    0x08030c98     0x1c  main_trigger_callback.o [1]
  .rodata               const    0x08030cb4     0x1c  map.o [1]
  .rodata               const    0x08030cd0     0x1c  max31855.o [1]
  .rodata               const    0x08030cec     0x1c  microsecond_timer.o [1]
  .rodata               const    0x08030d08     0x1c  mmc_card.o [1]
  .rodata               const    0x08030d24     0x1c  mmc_card.o [1]
  .rodata               const    0x08030d40     0x1c  mmc_card.o [1]
  .rodata               const    0x08030d5c     0x1c  mmc_card.o [1]
  .rodata               const    0x08030d78     0x1c  mmc_spi.o [1]
  .rodata               const    0x08030d94     0x1c  mmc_spi.o [1]
  .rodata               const    0x08030db0     0x1c  mmc_spi.o [1]
  .rodata               const    0x08030dcc     0x1c  mmc_spi.o [1]
  .rodata               const    0x08030de8     0x1c  obd2.o [1]
  .rodata               const    0x08030e04     0x1c  obd2.o [1]
  .rodata               const    0x08030e20     0x1c  pin_repository.o [1]
  .rodata               const    0x08030e3c     0x1c  pin_repository.o [1]
  .rodata               const    0x08030e58     0x1c  pwm_generator_logic.o [1]
  .rodata               const    0x08030e74     0x1c  rtc_helper.o [1]
  .rodata               const    0x08030e90     0x1c  rusefi.o [1]
  .rodata               const    0x08030eac     0x1c  settings.o [1]
  .rodata               const    0x08030ec8     0x1c  settings.o [1]
  .rodata               const    0x08030ee4     0x1c  settings.o [1]
  .rodata               const    0x08030f00     0x1c  settings.o [1]
  .rodata               const    0x08030f1c     0x1c  settings.o [1]
  .rodata               const    0x08030f38     0x1c  settings.o [1]
  .rodata               const    0x08030f54     0x1c  settings.o [1]
  .rodata               const    0x08030f70     0x1c  settings.o [1]
  .rodata               const    0x08030f8c     0x1c  settings.o [1]
  .rodata               const    0x08030fa8     0x1c  settings.o [1]
  .rodata               const    0x08030fc4     0x1c  settings.o [1]
  .rodata               const    0x08030fe0     0x1c  signal_executor.o [1]
  .rodata               const    0x08030ffc     0x1c  signal_executor.o [1]
  .rodata               const    0x08031018     0x1c  status_loop.o [1]
  .rodata               const    0x08031034     0x1c  status_loop.o [1]
  .rodata               const    0x08031050     0x1c  status_loop.o [1]
  .rodata               const    0x0803106c     0x1c  thermistors.o [1]
  .rodata               const    0x08031088     0x1c  thermistors.o [1]
  .rodata               const    0x080310a4     0x1c  thermistors.o [1]
  .rodata               const    0x080310c0     0x1c  thermistors.o [1]
  .rodata               const    0x080310dc     0x1c  thermistors.o [1]
  .rodata               const    0x080310f8     0x1c  trigger_central.o [1]
  .rodata               const    0x08031114     0x1c  trigger_central.o [1]
  .rodata               const    0x08031130     0x1c  trigger_central.o [1]
  .rodata               const    0x0803114c     0x1c  trigger_central.o [1]
  .rodata               const    0x08031168     0x1c  trigger_central.o [1]
  .rodata               const    0x08031184     0x1c  trigger_central.o [1]
  .rodata               const    0x080311a0     0x1c  trigger_central.o [1]
  .rodata               const    0x080311bc     0x1c  trigger_decoder.o [1]
  .rodata               const    0x080311d8     0x1c  trigger_emulator_algo.o [1]
  .rodata               const    0x080311f4     0x1c  trigger_input.o [1]
  .rodata               const    0x08031210     0x1c  trigger_input.o [1]
  .rodata               const    0x0803122c     0x1c  trigger_input.o [1]
  .rodata               const    0x08031248     0x1c  trigger_structure.o [1]
  .rodata               const    0x08031264     0x1c  trigger_structure.o [1]
  .rodata               const    0x08031280     0x1c  trigger_structure.o [1]
  .rodata               const    0x0803129c     0x1c  tunerstudio.o [1]
  .rodata               const    0x080312b8     0x1c  tunerstudio.o [1]
  .rodata               const    0x080312d4     0x1c  tunerstudio.o [1]
  .rodata               const    0x080312f0     0x1c  tunerstudio.o [1]
  .rodata               const    0x0803130c     0x1c  tunerstudio.o [1]
  .rodata               const    0x08031328     0x1c  tunerstudio_io.o [1]
  .rodata               const    0x08031344     0x1c  usb.o [1]
  .rodata               const    0x08031360     0x1c  usb.o [1]
  .rodata               const    0x0803137c     0x18  HIP9011.o [1]
  .rodata               const    0x08031394     0x18  HIP9011.o [1]
  .rodata               const    0x080313ac     0x18  HIP9011.o [1]
  .rodata               const    0x080313c4     0x18  accel_enrichment.o [1]
  .rodata               const    0x080313dc     0x18  accel_enrichment.o [1]
  .rodata               const    0x080313f4     0x18  accel_enrichment.o [1]
  .rodata               const    0x0803140c     0x18  accel_enrichment.o [1]
  .rodata               const    0x08031424     0x18  accel_enrichment.o [1]
  .rodata               const    0x0803143c     0x18  accel_enrichment.o [1]
  .rodata               const    0x08031454     0x18  adc.o [1]
  .rodata               const    0x0803146c     0x18  adc_inputs.o [1]
  .rodata               const    0x08031484     0x18  alternatorController.o [1]
  .rodata               const    0x0803149c     0x18  alternatorController.o [1]
  .rodata               const    0x080314b4     0x18  auto_generated_enums.o [1]
  .rodata               const    0x080314cc     0x18  auto_generated_enums.o [1]
  .rodata               const    0x080314e4     0x18  auto_generated_enums.o [1]
  .rodata               const    0x080314fc     0x18  auto_generated_enums.o [1]
  .rodata               const    0x08031514     0x18  auto_generated_enums.o [1]
  .rodata               const    0x0803152c     0x18  auto_generated_enums.o [1]
  .rodata               const    0x08031544     0x18  auto_generated_enums.o [1]
  .rodata               const    0x0803155c     0x18  auto_generated_enums.o [1]
  .rodata               const    0x08031574     0x18  board_test.o [1]
  .rodata               const    0x0803158c     0x18  chevents.o [1]
  .rodata               const    0x080315a4     0x18  chevents.o [1]
  .rodata               const    0x080315bc     0x18  chqueues.o [1]
  .rodata               const    0x080315d4     0x18  chregistry.o [1]
  .rodata               const    0x080315ec     0x18  chsem.o [1]
  .rodata               const    0x08031604     0x18  chsem.o [1]
  .rodata               const    0x0803161c     0x18  cli_registry.o [1]
  .rodata               const    0x08031634     0x18  cli_registry.o [1]
  .rodata               const    0x0803164c     0x18  digital_input_hw.o [1]
  .rodata               const    0x08031664     0x18  eficonsole.o [1]
  .rodata               const    0x0803167c     0x18  engine.o [1]
  .rodata               const    0x08031694     0x18  engine_configuration.o [1]
  .rodata               const    0x080316ac     0x18  engine_controller.o [1]
  .rodata               const    0x080316c4     0x18  engine_math.o [1]
  .rodata               const    0x080316dc     0x18  engine_math.o [1]
  .rodata               const    0x080316f4     0x18  engine_math.o [1]
  .rodata               const    0x0803170c     0x18  event_queue.o [1]
  .rodata               const    0x08031724     0x18  flash_main.o [1]
  .rodata               const    0x0803173c     0x18  flash_main.o [1]
  .rodata               const    0x08031754     0x18  fsio_core.o [1]
  .rodata               const    0x0803176c     0x18  fsio_impl.o [1]
  .rodata               const    0x08031784     0x18  fsio_impl.o [1]
  .rodata               const    0x0803179c     0x18  fsio_impl.o [1]
  .rodata               const    0x080317b4     0x18  gpt.o [1]
  .rodata               const    0x080317cc     0x18  gpt.o [1]
  .rodata               const    0x080317e4     0x18  idle_thread.o [1]
  .rodata               const    0x080317fc     0x18  interpolation.o [1]
  .rodata               const    0x08031814     0x18  interpolation.o [1]
  .rodata               const    0x0803182c     0x18  io_pins.o [1]
  .rodata               const    0x08031844     0x18  io_pins.o [1]
  .rodata               const    0x0803185c     0x18  joystick.o [1]
  .rodata               const    0x08031874     0x18  lcd_HD44780.o [1]
  .rodata               const    0x0803188c     0x18  main_trigger_callback.o [1]
  .rodata               const    0x080318a4     0x18  main_trigger_callback.o [1]
  .rodata               const    0x080318bc     0x18  main_trigger_callback.o [1]
  .rodata               const    0x080318d4     0x18  main_trigger_callback.o [1]
  .rodata               const    0x080318ec     0x18  main_trigger_callback.o [1]
  .rodata               const    0x08031904     0x18  map.o [1]
  .rodata               const    0x0803191c     0x18  map.o [1]
  .rodata               const    0x08031934     0x18  map.o [1]
  .rodata               const    0x0803194c     0x18  max31855.o [1]
  .rodata               const    0x08031964     0x18  mmc_spi.o [1]
  .rodata               const    0x0803197c     0x18  mmc_spi.o [1]
  .rodata               const    0x08031994     0x18  neo6m.o [1]
  .rodata               const    0x080319ac     0x18  neo6m.o [1]
  .rodata               const    0x080319c4     0x18  obd2.o [1]
  .rodata               const    0x080319dc     0x18  obd2.o [1]
  .rodata               const    0x080319f4     0x18  pin_repository.o [1]
  .rodata               const    0x08031a0c     0x18  poten.o [1]
  .rodata               const    0x08031a24     0x18  pwm_generator_logic.o [1]
  .rodata               const    0x08031a3c     0x18  pwm_generator_logic.o [1]
  .rodata               const    0x08031a54     0x18  sensor_chart.o [1]
[...]
                        0x080157c5    0x64  Code  Lc  injector_central.o [1]
speedInfo()             0x0801c4d5    0x64  Code  Lc  vehicle_speed.o [1]
spiConfig               0x20013a20    0x60  Data  Lc  max31855.o [1]
spiCount                0x2000a8f4     0x4  Data  Lc  HIP9011.o [1]
spiExchange             0x08022997    0x7e  Code  Gb  spi.o [1]
spiIgnore               0x08022929    0x6e  Code  Gb  spi.o [1]
spiInit                 0x080227e5     0x8  Code  Gb  spi.o [1]
spiMtx                  0x20010f50    0x10  Data  Lc  hardware.o [1]
spiObjectInit           0x080227ed    0x1a  Code  Gb  spi.o [1]
spiReceive              0x08022a8b    0x76  Code  Gb  spi.o [1]
spiSelect               0x080228a9    0x40  Code  Gb  spi.o [1]
spiSend                 0x08022a15    0x76  Code  Gb  spi.o [1]
spiStart                0x08022807    0x52  Code  Gb  spi.o [1]
spiStop                 0x08022859    0x50  Code  Gb  spi.o [1]
spiUnselect             0x080228e9    0x40  Code  Gb  spi.o [1]
spi_lld_exchange        0x0802257f    0x56  Code  Gb  spi_lld.o [1]
spi_lld_ignore          0x08022531    0x4e  Code  Gb  spi_lld.o [1]
spi_lld_init            0x080222d3    0xa0  Code  Gb  spi_lld.o [1]
spi_lld_receive         0x08022629    0x54  Code  Gb  spi_lld.o [1]
spi_lld_select          0x08022511    0x10  Code  Gb  spi_lld.o [1]
spi_lld_send            0x080225d5    0x54  Code  Gb  spi_lld.o [1]
spi_lld_serve_rx_interrupt
                        0x0802221d    0xb0  Code  Lc  spi_lld.o [1]
spi_lld_serve_tx_interrupt
                        0x080222cd     0x6  Code  Lc  spi_lld.o [1]
spi_lld_start           0x08022373   0x144  Code  Gb  spi_lld.o [1]
spi_lld_stop            0x080224b7    0x5a  Code  Gb  spi_lld.o [1]
spi_lld_unselect        0x08022521    0x10  Code  Gb  spi_lld.o [1]
spicfg                  0x20001008     0xc  Data  Lc  HIP9011.o [1]
sr                      0x20017e2c     0xc  Data  Lc  trigger_emulator_algo.o [1]
stThread(StepperMotor *)
                        0x0801f2a5    0x8a  Code  Lc  stepper.o [1]
startAveraging(void *)  0x08015c87    0x54  Code  Lc  map_averaging.o [1]
startConsole(Logging *, void (*)(char *))
                        0x0800ac59    0x84  Code  Gb  console_io.o [1]
startIdleThread(Logging *, Engine *)
                        0x08017029   0x120  Code  Gb  idle_thread.o [1]
startIgnitionPins()     0x08015931    0x54  Code  Gb  injector_central.o [1]
startInjectionPins()    0x08015985    0x56  Code  Gb  injector_central.o [1]
startInputDriver(digital_input_s *, bool)
                        0x0801ee4d    0x48  Code  Gb  digital_input_hw.o [1]
startIntegration()      0x0801a411    0x1e  Code  Lc  HIP9011.o [1]
startSimplePwm(PwmConfig *, char const *, OutputPin *, float, float, void (*)(PwmConfig *, int))
                        0x08014d19    0xa6  Code  Gb  pwm_generator.o [1]
startSimplePwmExt(PwmConfig *, char const *, brain_pin_e, OutputPin *, float, float, void (*)(PwmConfig *, int))
                        0x08014ddd    0x54  Code  Gb  pwm_generator.o [1]
startSimultaniousInjection(Engine *)
                        0x08016101    0x26  Code  Lc  main_trigger_callback.o [1]
startStatusThreads(Engine *)
                        0x08012b63    0x2e  Code  Gb  status_loop.o [1]
startTimer              0x200018b0    0x30  Data  Lc  HIP9011.o [1]
startTimer              0x20007af0    0x30  Data  Lc  map_averaging.o [1]
startTsPort()           0x0801ab59    0x5e  Code  Gb  tunerstudio_io.o [1]
startTunerStudioConnectivity()
                        0x0800ff8d    0x6a  Code  Gb  tunerstudio.o [1]
state                   0x2001c650     0x1  Data  Lc  HIP9011.o [1]
states                  0x20017984    0x28  Data  Lc  tps.o [1]
stepCoutner             0x2000aefc     0x4  Data  Lc  board_test.o [1]
stm32_clock_init        0x08029e2b    0xde  Code  Gb  hal_lld.o [1]
stm32_rtc_bcd2tm        0x08018341    0xd6  Code  Lc  chrtclib.o [1]
stm32_rtc_tm2bcd        0x08018417   0x11c  Code  Lc  chrtclib.o [1]
stopEmulationAtIndex    0x20001830     0x4  Data  Lc  trigger_emulator_algo.o [1]
stopEngine()            0x08001e81    0x12  Code  Gb  settings.o [1]
stopIgnitionPins()      0x080158b1    0x3c  Code  Gb  injector_central.o [1]
stopInjectionPins()     0x080158ed    0x3c  Code  Gb  injector_central.o [1]
stopPin(NamedOutputPin *)
                        0x08013bfb    0x36  Code  Lc  engine.o [1]
stopTriggerInputPins()  0x0801f9a3    0x36  Code  Gb  trigger_input.o [1]
str2int                 0x080263d3    0x24  Code  Gb  nmea.o [1]
strEqual                0x08002e5d    0x38  Code  Gb  efilib.o [1]
strEqualCaseInsensitive
                        0x08002e01    0x5c  Code  Gb  efilib.o [1]
str_till_comma          0x0802656d    0x36  Code  Gb  nmea.o [1]
strcat                  0x08018e27    0x1c  Code  Gb  strcat.o [3]
strchr                  0x08028f39          Code  Gb  strchr.o [6]
strcpy                  0x0800a3e5          Code  Gb  strcpy.o [6]
strlen                  0x0800adbd          Code  Gb  strlen.o [6]
strncmp                 0x08018dfd    0x2a  Code  Gb  strncmp.o [3]
strncpy                 0x08018291          Code  Gb  strncpy.o [6]
strrchr                 0x08028f5f    0x10  Code  Gb  nmea.o [1]
strstr                  0x08028f4f    0x10  Code  Gb  nmea.o [1]
subscribe(int)          0x08012ac9     0x8  Code  Lc  status_loop.o [1]
subscription            0x200170e8    0x10  Data  Lc  status_loop.o [1]
subyDenso               0x200139b4     0x8  Data  Lc  map.o [1]
sum_sfn                 0x0802360d    0x1e  Code  Lc  ff.o [1]
swapOutputBuffers(int *)
                        0x0800ae55    0x50  Code  Gb  loggingcentral.o [1]
switchToBinaryProtocol()
                        0x0800ac45    0x14  Code  Lc  console_io.o [1]
swo_init()              0x08008c71     0x2  Code  Gb  rusefi.o [1]
swtchTms                0x20017e38   0x3f0  Data  Lc  trigger_emulator_algo.o [1]
sync                    0x08022d1f    0xd8  Code  Lc  ff.o [1]
sync                    0x080251f3    0x36  Code  Lc  mmc_spi.o [1]
syncTunerStudioCopy()   0x0800fad1    0x14  Code  Gb  tunerstudio.o [1]
sysElements             0x2000fae0   0x800  Data  Lc  fsio_impl.o [1]
sysPool                 0x200102e0     0xc  Data  Gb  fsio_impl.o [1]
tdcMarkCallback(trigger_event_e, unsigned int)
                        0x08013015    0x7e  Code  Lc  rpm_calculator.o [1]
tdcScheduler            0x200083c0    0x30  Data  Lc  rpm_calculator.o [1]
testBinary()            0x08008e35    0xe4  Code  Lc  interpolation.o [1]
testCltByR(float)       0x08006421    0x5c  Code  Lc  thermistors.o [1]
testMil()               0x08015c0f    0x10  Code  Lc  malfunction_indicator.o [1]
timeBuffer              0x2001c624     0xc  Data  Lc  wave_chart.o [1]
timeOfPreviousPrintVersion
                        0x200017d0     0x4  Data  Lc  status_loop.o [1]
timeOfPreviousReport    0x200017d4     0x4  Data  Lc  status_loop.o [1]
timeOfPreviousWarning   0x2000169c     0x4  Data  Lc  error_handling.o [1]
timerCallback(PwmConfig *)
                        0x080187f9    0x3e  Code  Lc  pwm_generator_logic.o [1]
timerCallbackCounter    0x20013a84     0x4  Data  Lc  microsecond_timer.o [1]
timerRestartCounter     0x20013a88     0x4  Data  Lc  microsecond_timer.o [1]
todofixthismesswithcopy
                        0x2000ef20    0x64  Data  Lc  efilib.o [1]
togglePwmState(PwmConfig *)
                        0x0801879d    0x5c  Code  Lc  pwm_generator_logic.o [1]
tokenLength             0x0800a085    0x1a  Code  Gb  cli_registry.o [1]
totalLoggedBytes        0x20014274     0x4  Data  Lc  mmc_card.o [1]
totalPinsUsed           0x200148d8     0x4  Data  Lc  pin_repository.o [1]
tpsFastAdc              0x200179ac     0x4  Data  Gb  tps.o [1]
tpsRocIndex             0x200179b0     0x4  Data  Lc  tps.o [1]
tpsSampleIndex          0x20010f70     0x4  Data  Lc  hardware.o [1]
tps_advance_table       0x0802af14   0x400  Data  Lc  citroenBerlingoTU3JP.o [1]
tps_fuel_table          0x0802ab14   0x400  Data  Lc  citroenBerlingoTU3JP.o [1]
tree                    0x20011424    0x10  Data  Lc  lcd_controller.o [1]
triggerCallback         0x200088c0   0xe20  Data  Lc  trigger_central.o [1]
triggerCentral          0x200096e0   0x158  Data  Gb  trigger_central.o [1]
triggerDecoderErrorPin  0x200179dc    0x10  Data  Lc  trigger_decoder.o [1]
triggerDuration         0x200179c4     0x4  Data  Gb  trigger_central.o [1]
triggerHanlderEntryTime
                        0x200179b8     0x4  Data  Gb  trigger_central.o [1]
triggerInfo()           0x0801d42d   0x3d4  Code  Gb  trigger_central.o [1]
triggerMaxDuration      0x200179c8     0x4  Data  Gb  trigger_central.o [1]
triggerReentraint       0x200179bc     0x4  Data  Gb  trigger_central.o [1]
triggerShapeInfo()      0x0801d3af    0x7e  Code  Lc  trigger_central.o [1]
triggerSignal           0x20009838    0x60  Data  Gb  trigger_emulator_algo.o [1]
triggerVersion          0x2001384c     0x4  Data  Lc  main_trigger_callback.o [1]
trigger_shape_helper::trigger_shape_helper()
                        0x08007d89    0x40  Code  Gb  trigger_structure.o [1]
tsChannel               0x20018344   0x134  Data  Gb  tunerstudio.o [1]
tsCrcWriteBuffer        0x2001c12c   0x12c  Data  Lc  tunerstudio.o [1]
tsLogger                0x2001823c   0x104  Data  Gb  tunerstudio.o [1]
tsOutputChannels        0x200184b0    0xc4  Data  Gb  tunerstudio.o [1]
tsSendResponse(ts_channel_s *, ts_response_format_e, unsigned char const *, int)
                        0x0801acb7    0x30  Code  Gb  tunerstudio_io.o [1]
tsSerialConfig          0x20001858     0xc  Data  Lc  tunerstudio_io.o [1]
tsState                 0x20018488    0x28  Data  Gb  tunerstudio.o [1]
tsThreadEntryPoint(void *)
                        0x0800fab1    0x20  Code  Lc  tunerstudio.o [1]
tsThreadStack           0x20009898   0x5e8  Data  Lc  tunerstudio.o [1]
ts_serial_ready(bool)   0x0800f2cd    0x1a  Code  Lc  tunerstudio.o [1]
tunerStudioDebug(char const *)
                        0x0800f3bf    0x12  Code  Gb  tunerstudio.o [1]
tunerStudioError(char const *)
                        0x0800fae5    0x1e  Code  Gb  tunerstudio.o [1]
tunerStudioHandleCrcCommand(ts_channel_s *, char *, int)
                        0x0800fdfd   0x17c  Code  Gb  tunerstudio.o [1]
tunerStudioWriteCrcPacket(ts_channel_s *, unsigned char, void const *, unsigned short)
                        0x0801ac3d    0x7a  Code  Gb  tunerstudio_io.o [1]
tunerStudioWriteData(ts_channel_s *, unsigned char const *, int)
                        0x0801abc9    0x3e  Code  Gb  tunerstudio_io.o [1]
turnAllPinsOff()        0x0800962d    0x3a  Code  Gb  io_pins.o [1]
turnOffTriggerInputPin(brain_pin_e)
                        0x0801f931    0x36  Code  Lc  trigger_input.o [1]
turnOnCapturePin(char const *, brain_pin_e)
                        0x0801ede7    0x42  Code  Gb  digital_input_hw.o [1]
turnOnHardware(Logging *)
                        0x08018071     0xc  Code  Gb  hardware.o [1]
turnOnSpi(spi_device_e)
                        0x0800a4e9    0x7a  Code  Gb  mpu_util.o [1]
turnOnTriggerInputPin(brain_pin_e)
                        0x0801f8d9    0x58  Code  Lc  trigger_input.o [1]
turnOnTriggerInputPins(Logging *)
                        0x0801f97b    0x28  Code  Gb  trigger_input.o [1]
turnPinHigh(NamedOutputPin *)
                        0x0801f02b    0x8a  Code  Gb  signal_executor.o [1]
turnPinLow(NamedOutputPin *)
                        0x0801f0b5    0x8a  Code  Gb  signal_executor.o [1]
tx_buff                 0x2001c64e     0x1  Data  Lc  HIP9011.o [1]
txmsg                   0x2000b028    0x10  Data  Gb  can_hw.o [1]
uartErrors              0x200143dc     0x4  Data  Lc  neo6m.o [1]
unlockAnyContext        0x0800ad21    0x22  Code  Gb  console_io.o [1]
unlockOutputBuffer      0x0800adb5     0x8  Code  Gb  console_io.o [1]
unlockSpi()             0x08017f0b     0x8  Code  Gb  hardware.o [1]
unmarkPin(brain_pin_e)  0x0800359d    0x3a  Code  Gb  pin_repository.o [1]
unquote                 0x08009d97    0x2c  Code  Gb  cli_registry.o [1]
unregister(brain_pin_e, OutputPin *)
                        0x08015889    0x28  Code  Lc  injector_central.o [1]
unsubscribe(int)        0x08012ad5     0x8  Code  Lc  status_loop.o [1]
updateAndSet(State64 *, unsigned int)
                        0x08013fdf    0x18  Code  Gb  efilib2.o [1]
updateDevConsoleState(Engine *)
                        0x080122b1    0x9c  Code  Gb  status_loop.o [1]
updateErrorCodes()      0x08006657    0x2c  Code  Lc  engine_controller.o [1]
updateHD44780lcd(Engine *)
                        0x080176fd    0xc8  Code  Gb  lcd_controller.o [1]
updateTriggerShapeIfNeeded(PwmConfig *)
                        0x08026bd1    0x76  Code  Lc  trigger_emulator_algo.o [1]
updateTunerStudioState(TunerStudioOutputChannels *)
                        0x08012795   0x32a  Code  Gb  status_loop.o [1]
usTimerWatchDog()       0x08025863    0x76  Code  Lc  microsecond_timer.o [1]
usart_init              0x08021d41    0x52  Code  Lc  serial_lld.o [1]
usbInit                 0x080213f1     0x8  Code  Gb  usb.o [1]
usbInitEndpointI        0x08021489    0x72  Code  Gb  usb.o [1]
usbObjectInit           0x080213f9    0x2e  Code  Gb  usb.o [1]
usbPrepareQueuedReceive
                        0x0802156f    0x3a  Code  Gb  usb.o [1]
usbPrepareQueuedTransmit
                        0x080215a9    0x3a  Code  Gb  usb.o [1]
usbPrepareReceive       0x080214fb    0x3a  Code  Gb  usb.o [1]
usbPrepareTransmit      0x08021535    0x3a  Code  Gb  usb.o [1]
usbStart                0x08021427    0x62  Code  Gb  usb.o [1]
usbStartReceiveI        0x080215e3    0x40  Code  Gb  usb.o [1]
usbStartTransmitI       0x08021623    0x40  Code  Gb  usb.o [1]
usb_event               0x0802da83    0x5a  Code  Lc  usbcfg.o [1]
usb_lld_clear_in        0x0802809b    0x1e  Code  Gb  usb_lld.o [1]
usb_lld_clear_out       0x0802807d    0x1e  Code  Gb  usb_lld.o [1]
usb_lld_get_status_in   0x08027ee9    0x24  Code  Gb  usb_lld.o [1]
usb_lld_get_status_out  0x08027ec5    0x24  Code  Gb  usb_lld.o [1]
usb_lld_init            0x08027b03    0x48  Code  Gb  usb_lld.o [1]
usb_lld_init_endpoint   0x08027cfb   0x184  Code  Gb  usb_lld.o [1]
usb_lld_prepare_receive
                        0x08027f29    0x5c  Code  Gb  usb_lld.o [1]
usb_lld_prepare_transmit
                        0x08027f85    0x6e  Code  Gb  usb_lld.o [1]
usb_lld_pump            0x080279fd    0xee  Code  Lc  usb_lld.o [1]
usb_lld_read_setup      0x08027f0d    0x1c  Code  Gb  usb_lld.o [1]
usb_lld_reset           0x08027c01    0xe2  Code  Gb  usb_lld.o [1]
usb_lld_serve_interrupt
                        0x0802791f    0xde  Code  Lc  usb_lld.o [1]
usb_lld_set_address     0x08027ce3    0x18  Code  Gb  usb_lld.o [1]
usb_lld_stall_in        0x0802805f    0x1e  Code  Gb  usb_lld.o [1]
usb_lld_stall_out       0x08028041    0x1e  Code  Gb  usb_lld.o [1]
usb_lld_start           0x08027b4b    0xb6  Code  Gb  usb_lld.o [1]
usb_lld_start_in        0x08028011    0x30  Code  Gb  usb_lld.o [1]
usb_lld_start_out       0x08027ff3    0x1e  Code  Gb  usb_lld.o [1]
usb_lld_wakeup_pump     0x0802726d    0x16  Code  Lc  usb_lld.o [1]
usb_serial_start        0x080197c5    0x54  Code  Gb  usbconsole.o [1]
usbcfg                  0x080340b0    0x10  Data  Gb  usbcfg.o [1]
userElements            0x200102ec   0x800  Data  Lc  fsio_impl.o [1]
userPool                0x20010aec     0xc  Data  Gb  fsio_impl.o [1]
v_averagedMapValue      0x20013a14     0x4  Data  Lc  map_averaging.o [1]
validate                0x080243cf    0x2e  Code  Lc  ff.o [1]
validateBuffer(Logging *, unsigned int)
                        0x080025e1    0x3c  Code  Lc  datalogging.o [1]
validateSecureLine      0x0800a0b9    0x6a  Code  Gb  cli_registry.o [1]
vappendPrintf           0x080026cd    0x46  Code  Gb  datalogging.o [1]
vappendPrintfI(Logging *, char const *, _VA_LIST)
                        0x08002685    0x48  Code  Lc  datalogging.o [1]
vcom_configuration_descriptor
                        0x08035484     0x8  Data  Lc  usbcfg.o [1]
vcom_configuration_descriptor_data
                        0x0802e3c4    0x44  Data  Lc  usbcfg.o [1]
vcom_device_descriptor  0x0803547c     0x8  Data  Lc  usbcfg.o [1]
vcom_device_descriptor_data
                        0x08033264    0x14  Data  Lc  usbcfg.o [1]
vcom_string0            0x08035528     0x4  Data  Lc  usbcfg.o [1]
vcom_string1            0x0802f84c    0x28  Data  Lc  usbcfg.o [1]
vcom_string2            0x0802eab4    0x38  Data  Lc  usbcfg.o [1]
vcom_string3            0x0803548c     0x8  Data  Lc  usbcfg.o [1]
vcom_strings            0x080307a0    0x20  Data  Lc  usbcfg.o [1]
ve2Map                  0x20016fa4    0x4c  Data  Gb  speed_density.o [1]
veDefaultTable          0x0802bb14   0x400  Data  Lc  dodge_neon.o [1]
veMap                   0x20016f58    0x4c  Data  Gb  speed_density.o [1]
versionForConfigurationListeners
                        0x2000f30c     0x4  Data  Lc  engine_controller.o [1]
vmt                     0x08033a60    0x10  Data  Lc  memstreams.o [1]
vmt                     0x08030440    0x20  Data  Lc  serial.o [1]
vmt                     0x08030460    0x20  Data  Lc  serial_usb.o [1]
vsAnaWidthCallback()    0x0801c4ab    0x2a  Code  Lc  vehicle_speed.o [1]
vssCounter              0x2001c50c     0x4  Data  Lc  vehicle_speed.o [1]
vssDiff                 0x2000a428     0x8  Data  Lc  vehicle_speed.o [1]
vtlist                  0x2000b534    0x10  Data  Gb  chvt.o [1]
waAnaWidthCallback(WaveReader *)
                        0x08014f91    0x42  Code  Lc  wave_analyzer.o [1]
waIcuPeriodCallback(WaveReader *)
                        0x08015051     0xc  Code  Lc  wave_analyzer.o [1]
waThread(void *)        0x0801511f    0x1c  Code  Lc  wave_analyzer.o [1]
waThreadStack           0x2000a5f0   0x2c8  Data  Lc  wave_analyzer.o [1]
wait                    0x08024feb    0x42  Code  Lc  mmc_spi.o [1]
waitForKey()            0x08018b35    0x20  Code  Lc  board_test.o [1]
wakeup                  0x0801eabf    0x56  Code  Lc  chschd.o [1]
warning                 0x0800a319    0x7e  Code  Gb  error_handling.o [1]
warningBuffer           0x2000f42c    0x50  Data  Lc  error_handling.o [1]
warningEnabled          0x200017c8     0x4  Data  Gb  status_loop.o [1]
warningPin              0x200178dc    0x10  Data  Gb  status_loop.o [1]
warningStream           0x2000f47c    0x14  Data  Lc  error_handling.o [1]
waveChart               0x20008870    0x50  Data  Gb  trigger_central.o [1]
waveChartUsedSize       0x2001c518     0x4  Data  Gb  wave_chart.o [1]
waveReaderCount         0x2001c510     0x4  Data  Lc  wave_analyzer.o [1]
wave_icucfg             0x20001594    0x1c  Data  Lc  digital_input_hw.o [1]
waves                   0x20017e20     0xc  Data  Lc  trigger_emulator_algo.o [1]
write                   0x08019841    0x1a  Code  Lc  serial.o [1]
write                   0x08020c85    0x1a  Code  Lc  serial_usb.o [1]
writeChunkRequest       0x20018480     0x8  Data  Lc  tunerstudio.o [1]
writeLogLine()          0x08011ff5    0x4a  Code  Gb  status_loop.o [1]
writeStateToCan()       0x0801fe6f    0x22  Code  Lc  can_hw.o [1]
writeToFlashIfPending()
                        0x080052a1    0x20  Code  Gb  flash_main.o [1]
writeToFlashNow()       0x080052c1    0x96  Code  Gb  flash_main.o [1]
writes                  0x0800af05    0x34  Code  Lc  memstreams.o [1]
writet                  0x080198c9    0x1a  Code  Lc  serial.o [1]
writet                  0x08020d0d    0x1a  Code  Lc  serial_usb.o [1]
yellowMagic(int, int, int)
                        0x0800f431    0x36  Code  Gb  tunerstudio.o [1]
zero_status             0x0800b17a     0x2  Data  Lc  usb.o [1]


[1] = F:\stuff\rusefi_sourceforge\firmware\iar\Debug\Obj
[2] = command line
[3] = dl7M_tln.a
[4] = dlpp7M_tl_ne.a
[5] = m7M_tlv.a
[6] = rt7M_tl.a
[7] = shb_l.a

  173 882 bytes of readonly  code memory
   46 158 bytes of readonly  data memory
  182 038 bytes of readwrite data memory

Errors: none
Warnings: 3
