Archive member included because of file (symbol)

c:/progra~2/codesourcery/sourcery_codebench_lite_for_arm_eabi/bin/../lib/gcc/arm-none-eabi/4.8.1/../../../../arm-none-eabi/lib/thumb2\libstdc++.a(atexit_arm.o)
                              ./controllers/trigger/main_trigger_callback.o (symbol from plugin) (__aeabi_atexit)
c:/progra~2/codesourcery/sourcery_codebench_lite_for_arm_eabi/bin/../lib/gcc/arm-none-eabi/4.8.1/../../../../arm-none-eabi/lib/thumb2\libm.a(lib_a-s_fpclassify.o)
                              ./chibios/os/various/chprintf.o (symbol from plugin) (__fpclassifyd)
c:/progra~2/codesourcery/sourcery_codebench_lite_for_arm_eabi/bin/../lib/gcc/arm-none-eabi/4.8.1/../../../../arm-none-eabi/lib/thumb2\libm.a(lib_a-sf_fpclassify.o)
                              ./controllers/trigger/main_trigger_callback.o (symbol from plugin) (__fpclassifyf)
c:/progra~2/codesourcery/sourcery_codebench_lite_for_arm_eabi/bin/../lib/gcc/arm-none-eabi/4.8.1/../../../../arm-none-eabi/lib/thumb2\libc.a(lib_a-cxa_atexit.o)
                              c:/progra~2/codesourcery/sourcery_codebench_lite_for_arm_eabi/bin/../lib/gcc/arm-none-eabi/4.8.1/../../../../arm-none-eabi/lib/thumb2\libstdc++.a(atexit_arm.o) (__cxa_atexit)
c:/progra~2/codesourcery/sourcery_codebench_lite_for_arm_eabi/bin/../lib/gcc/arm-none-eabi/4.8.1/../../../../arm-none-eabi/lib/thumb2\libc.a(lib_a-lcltime_r.o)
                              ./chibios/os/various/chrtclib.o (symbol from plugin) (localtime_r)
c:/progra~2/codesourcery/sourcery_codebench_lite_for_arm_eabi/bin/../lib/gcc/arm-none-eabi/4.8.1/../../../../arm-none-eabi/lib/thumb2\libc.a(lib_a-mktime.o)
                              ./chibios/os/various/chrtclib.o (symbol from plugin) (mktime)
c:/progra~2/codesourcery/sourcery_codebench_lite_for_arm_eabi/bin/../lib/gcc/arm-none-eabi/4.8.1/../../../../arm-none-eabi/lib/thumb2\libc.a(lib_a-mktm_r.o)
                              c:/progra~2/codesourcery/sourcery_codebench_lite_for_arm_eabi/bin/../lib/gcc/arm-none-eabi/4.8.1/../../../../arm-none-eabi/lib/thumb2\libc.a(lib_a-mktime.o) (__tzcalc_limits)
c:/progra~2/codesourcery/sourcery_codebench_lite_for_arm_eabi/bin/../lib/gcc/arm-none-eabi/4.8.1/../../../../arm-none-eabi/lib/thumb2\libc.a(lib_a-tzlock.o)
                              c:/progra~2/codesourcery/sourcery_codebench_lite_for_arm_eabi/bin/../lib/gcc/arm-none-eabi/4.8.1/../../../../arm-none-eabi/lib/thumb2\libc.a(lib_a-mktime.o) (__tz_lock)
c:/progra~2/codesourcery/sourcery_codebench_lite_for_arm_eabi/bin/../lib/gcc/arm-none-eabi/4.8.1/../../../../arm-none-eabi/lib/thumb2\libc.a(lib_a-tzvars.o)
                              c:/progra~2/codesourcery/sourcery_codebench_lite_for_arm_eabi/bin/../lib/gcc/arm-none-eabi/4.8.1/../../../../arm-none-eabi/lib/thumb2\libc.a(lib_a-mktime.o) (_daylight)
c:/progra~2/codesourcery/sourcery_codebench_lite_for_arm_eabi/bin/../lib/gcc/arm-none-eabi/4.8.1/../../../../arm-none-eabi/lib/thumb2\libc.a(lib_a-__atexit.o)
                              c:/progra~2/codesourcery/sourcery_codebench_lite_for_arm_eabi/bin/../lib/gcc/arm-none-eabi/4.8.1/../../../../arm-none-eabi/lib/thumb2\libc.a(lib_a-cxa_atexit.o) (__register_exitproc)
c:/progra~2/codesourcery/sourcery_codebench_lite_for_arm_eabi/bin/../lib/gcc/arm-none-eabi/4.8.1/../../../../arm-none-eabi/lib/thumb2\libc.a(lib_a-div.o)
                              c:/progra~2/codesourcery/sourcery_codebench_lite_for_arm_eabi/bin/../lib/gcc/arm-none-eabi/4.8.1/../../../../arm-none-eabi/lib/thumb2\libc.a(lib_a-mktime.o) (div)
c:/progra~2/codesourcery/sourcery_codebench_lite_for_arm_eabi/bin/../lib/gcc/arm-none-eabi/4.8.1/../../../../arm-none-eabi/lib/thumb2\libc.a(lib_a-gettzinfo.o)
                              c:/progra~2/codesourcery/sourcery_codebench_lite_for_arm_eabi/bin/../lib/gcc/arm-none-eabi/4.8.1/../../../../arm-none-eabi/lib/thumb2\libc.a(lib_a-mktime.o) (__gettzinfo)
c:/progra~2/codesourcery/sourcery_codebench_lite_for_arm_eabi/bin/../lib/gcc/arm-none-eabi/4.8.1/../../../../arm-none-eabi/lib/thumb2\libc.a(lib_a-impure.o)
                              c:/progra~2/codesourcery/sourcery_codebench_lite_for_arm_eabi/bin/../lib/gcc/arm-none-eabi/4.8.1/../../../../arm-none-eabi/lib/thumb2\libc.a(lib_a-__atexit.o) (_global_impure_ptr)
c:/progra~2/codesourcery/sourcery_codebench_lite_for_arm_eabi/bin/../lib/gcc/arm-none-eabi/4.8.1/thumb2\libgcc.a(_divsi3.o)
                              c:/progra~2/codesourcery/sourcery_codebench_lite_for_arm_eabi/bin/../lib/gcc/arm-none-eabi/4.8.1/../../../../arm-none-eabi/lib/thumb2\libc.a(lib_a-div.o) (__aeabi_idiv)
c:/progra~2/codesourcery/sourcery_codebench_lite_for_arm_eabi/bin/../lib/gcc/arm-none-eabi/4.8.1/thumb2\libgcc.a(_dvmd_tls.o)
                              c:/progra~2/codesourcery/sourcery_codebench_lite_for_arm_eabi/bin/../lib/gcc/arm-none-eabi/4.8.1/thumb2\libgcc.a(_divsi3.o) (__aeabi_idiv0)
[...]
Memory Configuration

Name             Origin             Length             Attributes
flash            0x08000000         0x00100000
ram              0x20000000         0x0001c000
ethram           0x2001c000         0x00004000
ccmram           0x10000000         0x00010000
*default*        0x00000000         0xffffffff

Linker script and memory map

LOAD c:/progra~2/codesourcery/sourcery_codebench_lite_for_arm_eabi/bin/../lib/gcc/arm-none-eabi/4.8.1/thumb2/crti.o
LOAD c:/progra~2/codesourcery/sourcery_codebench_lite_for_arm_eabi/bin/../lib/gcc/arm-none-eabi/4.8.1/thumb2/crtbegin.o
LOAD ./util/LocalVersionHolder.o
LOAD C:\Users\pc\AppData\Local\Temp\cc0WCHvR.ltrans0.ltrans.o
LOAD C:\Users\pc\AppData\Local\Temp\cc0WCHvR.ltrans1.ltrans.o
LOAD C:\Users\pc\AppData\Local\Temp\cc0WCHvR.ltrans2.ltrans.o
LOAD C:\Users\pc\AppData\Local\Temp\cc0WCHvR.ltrans3.ltrans.o
LOAD C:\Users\pc\AppData\Local\Temp\cc0WCHvR.ltrans4.ltrans.o
LOAD C:\Users\pc\AppData\Local\Temp\cc0WCHvR.ltrans5.ltrans.o
LOAD C:\Users\pc\AppData\Local\Temp\cc0WCHvR.ltrans6.ltrans.o
LOAD C:\Users\pc\AppData\Local\Temp\cc0WCHvR.ltrans7.ltrans.o
LOAD C:\Users\pc\AppData\Local\Temp\cc0WCHvR.ltrans8.ltrans.o
LOAD C:\Users\pc\AppData\Local\Temp\cc0WCHvR.ltrans9.ltrans.o
LOAD C:\Users\pc\AppData\Local\Temp\cc0WCHvR.ltrans10.ltrans.o
LOAD C:\Users\pc\AppData\Local\Temp\cc0WCHvR.ltrans11.ltrans.o
LOAD C:\Users\pc\AppData\Local\Temp\cc0WCHvR.ltrans12.ltrans.o
LOAD C:\Users\pc\AppData\Local\Temp\cc0WCHvR.ltrans13.ltrans.o
LOAD C:\Users\pc\AppData\Local\Temp\cc0WCHvR.ltrans14.ltrans.o
LOAD C:\Users\pc\AppData\Local\Temp\cc0WCHvR.ltrans15.ltrans.o
LOAD C:\Users\pc\AppData\Local\Temp\cc0WCHvR.ltrans16.ltrans.o
LOAD C:\Users\pc\AppData\Local\Temp\cc0WCHvR.ltrans17.ltrans.o
LOAD C:\Users\pc\AppData\Local\Temp\cc0WCHvR.ltrans18.ltrans.o
LOAD C:\Users\pc\AppData\Local\Temp\cc0WCHvR.ltrans19.ltrans.o
LOAD C:\Users\pc\AppData\Local\Temp\cc0WCHvR.ltrans20.ltrans.o
LOAD C:\Users\pc\AppData\Local\Temp\cc0WCHvR.ltrans21.ltrans.o
LOAD C:\Users\pc\AppData\Local\Temp\cc0WCHvR.ltrans22.ltrans.o
LOAD C:\Users\pc\AppData\Local\Temp\cc0WCHvR.ltrans23.ltrans.o
LOAD C:\Users\pc\AppData\Local\Temp\cc0WCHvR.ltrans24.ltrans.o
LOAD C:\Users\pc\AppData\Local\Temp\cc0WCHvR.ltrans25.ltrans.o
LOAD C:\Users\pc\AppData\Local\Temp\cc0WCHvR.ltrans26.ltrans.o
LOAD C:\Users\pc\AppData\Local\Temp\cc0WCHvR.ltrans27.ltrans.o
LOAD C:\Users\pc\AppData\Local\Temp\cc0WCHvR.ltrans28.ltrans.o
LOAD C:\Users\pc\AppData\Local\Temp\cc0WCHvR.ltrans29.ltrans.o
LOAD C:\Users\pc\AppData\Local\Temp\cc0WCHvR.ltrans30.ltrans.o
LOAD c:/progra~2/codesourcery/sourcery_codebench_lite_for_arm_eabi/bin/../lib/gcc/arm-none-eabi/4.8.1/thumb2\libgcc.a
LOAD c:/progra~2/codesourcery/sourcery_codebench_lite_for_arm_eabi/bin/../lib/gcc/arm-none-eabi/4.8.1/../../../../arm-none-eabi/lib/thumb2\libc.a
LOAD ./util/cli_registry.o
LOAD ./util/crc.o
LOAD ./util/cyclic_buffer.o
LOAD ./util/data_buffer.o
LOAD ./util/datalogging.o
LOAD ./util/efilib.o
LOAD ./util/efilib2.o
LOAD ./util/histogram.o
LOAD ./util/listener_array.o
LOAD ./util/loggingcentral.o
LOAD ./hw_layer/stm32f4/mpu_util.o
LOAD ./hw_layer/serial_over_usb/usbcfg.o
LOAD ./hw_layer/serial_over_usb/usbconsole.o
LOAD ./hw_layer/lcd/lcd_HD44780.o
LOAD ./hw_layer/HIP9011.o
LOAD ./hw_layer/adc_inputs.o
LOAD ./hw_layer/board_test.o
LOAD ./hw_layer/can_hw.o
LOAD ./hw_layer/digital_input_hw.o
LOAD ./hw_layer/flash.o
LOAD ./hw_layer/gpio_helper.o
LOAD ./hw_layer/hardware.o
LOAD ./hw_layer/io_pins.o
LOAD ./hw_layer/joystick.o
LOAD ./hw_layer/max31855.o
LOAD ./hw_layer/mcp3208.o
LOAD ./hw_layer/microsecond_timer.o
LOAD ./hw_layer/mmc_card.o
LOAD ./hw_layer/neo6m.o
LOAD ./hw_layer/pin_repository.o
LOAD ./hw_layer/pwm_generator.o
LOAD ./hw_layer/rtc_helper.o
LOAD ./hw_layer/servo.o
LOAD ./hw_layer/stepper.o
LOAD ./hw_layer/trigger_input.o
LOAD ./hw_layer/vehicle_speed.o
LOAD ./hw_layer/wbo.o
LOAD ./development/test/test.o
LOAD ./development/test/testbmk.o
LOAD ./development/hw_layer/poten.o
LOAD ./development/engine_emulator.o
LOAD ./development/rfi_perftest.o
LOAD ./development/sensor_chart.o
LOAD ./development/trigger_emulator.o
LOAD ./development/wave_analyzer.o
LOAD ./development/wave_chart.o
LOAD ./controllers/trigger/main_trigger_callback.o
LOAD ./controllers/trigger/rpm_calculator.o
LOAD ./controllers/trigger/trigger_bmw.o
LOAD ./controllers/trigger/trigger_central.o
LOAD ./controllers/trigger/trigger_chrysler.o
LOAD ./controllers/trigger/trigger_decoder.o
LOAD ./controllers/trigger/trigger_emulator_algo.o
LOAD ./controllers/trigger/trigger_gm.o
LOAD ./controllers/trigger/trigger_mazda.o
LOAD ./controllers/trigger/trigger_mitsubishi.o
LOAD ./controllers/trigger/trigger_structure.o
LOAD ./controllers/system/SingleTimerExecutor.o
LOAD ./controllers/system/efiGpio.o
LOAD ./controllers/system/event_queue.o
LOAD ./controllers/system/pwm_generator_logic.o
LOAD ./controllers/system/signal_executor_sleep.o
LOAD ./controllers/sensors/allsensors.o
LOAD ./controllers/sensors/ego.o
LOAD ./controllers/sensors/hip9011_lookup.o
LOAD ./controllers/sensors/maf.o
LOAD ./controllers/sensors/map.o
LOAD ./controllers/sensors/thermistors.o
LOAD ./controllers/sensors/tps.o
LOAD ./controllers/sensors/voltage.o
LOAD ./controllers/math/engine_math.o
LOAD ./controllers/math/pid.o
LOAD ./controllers/math/speed_density.o
LOAD ./controllers/core/EfiWave.o
LOAD ./controllers/core/avg_values.o
LOAD ./controllers/core/fsio_core.o
LOAD ./controllers/core/fsio_impl.o
LOAD ./controllers/core/interpolation.o
LOAD ./controllers/core/signal_filtering.o
LOAD ./controllers/core/table_helper.o
LOAD ./controllers/algo/accel_enrichment.o
LOAD ./controllers/algo/advance_map.o
LOAD ./controllers/algo/algo.o
LOAD ./controllers/algo/auto_generated_enums.o
LOAD ./controllers/algo/engine.o
LOAD ./controllers/algo/engine_configuration.o
LOAD ./controllers/algo/event_registry.o
LOAD ./controllers/algo/fuel_math.o
LOAD ./controllers/algo/idle_controller.o
LOAD ./controllers/algo/lcd_menu_tree.o
LOAD ./controllers/algo/malfunction_central.o
LOAD ./controllers/algo/map_adjuster.o
LOAD ./controllers/algo/nmea.o
LOAD ./controllers/algo/signal_executor.o
LOAD ./controllers/PwmTester.o
LOAD ./controllers/alternatorController.o
LOAD ./controllers/electronic_throttle.o
LOAD ./controllers/engine_controller.o
LOAD ./controllers/error_handling.o
LOAD ./controllers/flash_main.o
LOAD ./controllers/idle_thread.o
LOAD ./controllers/injector_central.o
LOAD ./controllers/lcd_controller.o
LOAD ./controllers/malfunction_indicator.o
LOAD ./controllers/map_averaging.o
LOAD ./controllers/obd2.o
LOAD ./controllers/obd2viaCAN.o
LOAD ./controllers/settings.o
LOAD ./console_util/rfiutil.o
LOAD ./console/binary/tunerstudio.o
LOAD ./console/binary/tunerstudio_io.o
LOAD ./console/console_io.o
LOAD ./console/eficonsole.o
LOAD ./console/status_loop.o
LOAD ./config/engines/GY6_139QMB.o
LOAD ./config/engines/MiniCooperR50.o
LOAD ./config/engines/acura_rsx.o
LOAD ./config/engines/audi_aan.o
LOAD ./config/engines/bmw_e34.o
LOAD ./config/engines/citroenBerlingoTU3JP.o
LOAD ./config/engines/custom_engine.o
LOAD ./config/engines/dodge_neon.o
LOAD ./config/engines/dodge_ram.o
LOAD ./config/engines/ford_1995_inline_6.o
LOAD ./config/engines/ford_aspire.o
LOAD ./config/engines/ford_fiesta.o
LOAD ./config/engines/gm_2_2.o
LOAD ./config/engines/honda_accord.o
LOAD ./config/engines/mazda_323.o
LOAD ./config/engines/mazda_626.o
LOAD ./config/engines/mazda_miata.o
LOAD ./config/engines/mazda_miata_nb.o
LOAD ./config/engines/mitsubishi.o
LOAD ./config/engines/nissan_primera.o
LOAD ./config/engines/rover_v8.o
LOAD ./config/engines/sachs.o
LOAD ./config/engines/saturn_ion.o
LOAD ./config/engines/snow_blower.o
LOAD ./config/engines/subaru.o
LOAD ./config/engines/test_engine.o
LOAD ./config/engines/vw.o
LOAD ./chibios/os/various/fatfs_bindings/fatfs_diskio.o
LOAD ./chibios/os/various/fatfs_bindings/fatfs_syscall.o
LOAD ./chibios/os/various/cpp_wrappers/ch.o
LOAD ./chibios/os/various/chprintf.o
LOAD ./chibios/os/various/chrtclib.o
LOAD ./chibios/os/various/memstreams.o
LOAD ./chibios/os/ports/common/ARMCMx/nvic.o
LOAD ./chibios/os/ports/GCC/ARMCMx/STM32F4xx/vectors.o
LOAD ./chibios/os/ports/GCC/ARMCMx/chcore.o
LOAD ./chibios/os/ports/GCC/ARMCMx/chcore_v7m.o
LOAD ./chibios/os/ports/GCC/ARMCMx/crt0.o
LOAD ./chibios/os/kernel/src/chcond.o
LOAD ./chibios/os/kernel/src/chdebug.o
LOAD ./chibios/os/kernel/src/chdynamic.o
LOAD ./chibios/os/kernel/src/chevents.o
LOAD ./chibios/os/kernel/src/chheap.o
LOAD ./chibios/os/kernel/src/chlists.o
LOAD ./chibios/os/kernel/src/chmboxes.o
LOAD ./chibios/os/kernel/src/chmemcore.o
LOAD ./chibios/os/kernel/src/chmempools.o
LOAD ./chibios/os/kernel/src/chmsg.o
LOAD ./chibios/os/kernel/src/chmtx.o
LOAD ./chibios/os/kernel/src/chqueues.o
LOAD ./chibios/os/kernel/src/chregistry.o
LOAD ./chibios/os/kernel/src/chschd.o
LOAD ./chibios/os/kernel/src/chsem.o
LOAD ./chibios/os/kernel/src/chsys.o
LOAD ./chibios/os/kernel/src/chthreads.o
LOAD ./chibios/os/kernel/src/chvt.o
LOAD ./chibios/os/hal/src/adc.o
LOAD ./chibios/os/hal/src/can.o
LOAD ./chibios/os/hal/src/ext.o
LOAD ./chibios/os/hal/src/gpt.o
LOAD ./chibios/os/hal/src/hal.o
LOAD ./chibios/os/hal/src/i2c.o
LOAD ./chibios/os/hal/src/icu.o
LOAD ./chibios/os/hal/src/mac.o
LOAD ./chibios/os/hal/src/mmc_spi.o
LOAD ./chibios/os/hal/src/mmcsd.o
LOAD ./chibios/os/hal/src/pal.o
LOAD ./chibios/os/hal/src/pwm.o
LOAD ./chibios/os/hal/src/rtc.o
LOAD ./chibios/os/hal/src/sdc.o
LOAD ./chibios/os/hal/src/serial.o
LOAD ./chibios/os/hal/src/serial_usb.o
LOAD ./chibios/os/hal/src/spi.o
LOAD ./chibios/os/hal/src/tm.o
LOAD ./chibios/os/hal/src/uart.o
LOAD ./chibios/os/hal/src/usb.o
LOAD ./chibios/os/hal/platforms/STM32F4xx/adc_lld.o
LOAD ./chibios/os/hal/platforms/STM32F4xx/ext_lld_isr.o
LOAD ./chibios/os/hal/platforms/STM32F4xx/hal_lld.o
LOAD ./chibios/os/hal/platforms/STM32F4xx/stm32_dma.o
LOAD ./chibios/os/hal/platforms/STM32/USARTv1/serial_lld.o
LOAD ./chibios/os/hal/platforms/STM32/USARTv1/uart_lld.o
LOAD ./chibios/os/hal/platforms/STM32/TIMv1/gpt_lld.o
LOAD ./chibios/os/hal/platforms/STM32/TIMv1/icu_lld.o
LOAD ./chibios/os/hal/platforms/STM32/TIMv1/pwm_lld.o
LOAD ./chibios/os/hal/platforms/STM32/SPIv1/spi_lld.o
LOAD ./chibios/os/hal/platforms/STM32/RTCv2/rtc_lld.o
LOAD ./chibios/os/hal/platforms/STM32/OTGv1/usb_lld.o
LOAD ./chibios/os/hal/platforms/STM32/I2Cv1/i2c_lld.o
LOAD ./chibios/os/hal/platforms/STM32/GPIOv2/pal_lld.o
LOAD ./chibios/os/hal/platforms/STM32/can_lld.o
LOAD ./chibios/os/hal/platforms/STM32/ext_lld.o
LOAD ./chibios/os/hal/platforms/STM32/i2s_lld.o
LOAD ./chibios/os/hal/platforms/STM32/mac_lld.o
LOAD ./chibios/os/hal/platforms/STM32/sdc_lld.o
LOAD ./chibios/ext/fatfs/src/option/ccsbcs.o
LOAD ./chibios/ext/fatfs/src/ff.o
LOAD ./chibios/boards/ST_STM32F4_DISCOVERY/board.o
LOAD ./kill_for_coverity.o
LOAD ./main.o
LOAD ./rusefi.o
LOAD c:/progra~2/codesourcery/sourcery_codebench_lite_for_arm_eabi/bin/../lib/gcc/arm-none-eabi/4.8.1/../../../../arm-none-eabi/lib/thumb2\libstdc++.a
LOAD c:/progra~2/codesourcery/sourcery_codebench_lite_for_arm_eabi/bin/../lib/gcc/arm-none-eabi/4.8.1/../../../../arm-none-eabi/lib/thumb2\libm.a
START GROUP
LOAD c:/progra~2/codesourcery/sourcery_codebench_lite_for_arm_eabi/bin/../lib/gcc/arm-none-eabi/4.8.1/thumb2\libgcc.a
LOAD c:/progra~2/codesourcery/sourcery_codebench_lite_for_arm_eabi/bin/../lib/gcc/arm-none-eabi/4.8.1/../../../../arm-none-eabi/lib/thumb2\libc.a
END GROUP
LOAD c:/progra~2/codesourcery/sourcery_codebench_lite_for_arm_eabi/bin/../lib/gcc/arm-none-eabi/4.8.1/thumb2/crtend.o
LOAD c:/progra~2/codesourcery/sourcery_codebench_lite_for_arm_eabi/bin/../lib/gcc/arm-none-eabi/4.8.1/thumb2/crtn.o
                0x00001000                __main_stack_size__ = 0x1000
                0x00000600                __process_stack_size__ = 0x600
                0x20000000                __ram_start__ = ORIGIN (ram)
                0x0001c000                __ram_size__ = 0x1c000
                0x2001c000                __ram_end__ = (__ram_start__ + __ram_size__)
                0x00000000                . = 0x0
                0x00000000                _text = .

startup         0x08000000      0x1ac
 *(vectors)
 vectors        0x08000000      0x1ac C:\Users\pc\AppData\Local\Temp\cc0WCHvR.ltrans0.ltrans.o

constructors    0x080001ac       0xa8
                0x080001ac                PROVIDE (__init_array_start, .)
 *(SORT(.init_array.*))
 *(.init_array)
 .init_array    0x080001ac        0x4 c:/progra~2/codesourcery/sourcery_codebench_lite_for_arm_eabi/bin/../lib/gcc/arm-none-eabi/4.8.1/thumb2/crtbegin.o
 .init_array    0x080001b0        0x4 C:\Users\pc\AppData\Local\Temp\cc0WCHvR.ltrans0.ltrans.o
 .init_array    0x080001b4        0x4 C:\Users\pc\AppData\Local\Temp\cc0WCHvR.ltrans11.ltrans.o
 .init_array    0x080001b8        0x8 C:\Users\pc\AppData\Local\Temp\cc0WCHvR.ltrans12.ltrans.o
 .init_array    0x080001c0        0x4 C:\Users\pc\AppData\Local\Temp\cc0WCHvR.ltrans13.ltrans.o
 .init_array    0x080001c4       0x10 C:\Users\pc\AppData\Local\Temp\cc0WCHvR.ltrans14.ltrans.o
 .init_array    0x080001d4       0x10 C:\Users\pc\AppData\Local\Temp\cc0WCHvR.ltrans15.ltrans.o
 .init_array    0x080001e4        0x8 C:\Users\pc\AppData\Local\Temp\cc0WCHvR.ltrans16.ltrans.o
 .init_array    0x080001ec        0x4 C:\Users\pc\AppData\Local\Temp\cc0WCHvR.ltrans17.ltrans.o
 .init_array    0x080001f0        0x8 C:\Users\pc\AppData\Local\Temp\cc0WCHvR.ltrans18.ltrans.o
 .init_array    0x080001f8        0x4 C:\Users\pc\AppData\Local\Temp\cc0WCHvR.ltrans19.ltrans.o
 .init_array    0x080001fc        0x8 C:\Users\pc\AppData\Local\Temp\cc0WCHvR.ltrans20.ltrans.o
 .init_array    0x08000204        0x8 C:\Users\pc\AppData\Local\Temp\cc0WCHvR.ltrans21.ltrans.o
 .init_array    0x0800020c        0x8 C:\Users\pc\AppData\Local\Temp\cc0WCHvR.ltrans23.ltrans.o
 .init_array    0x08000214        0xc C:\Users\pc\AppData\Local\Temp\cc0WCHvR.ltrans24.ltrans.o
 .init_array    0x08000220       0x10 C:\Users\pc\AppData\Local\Temp\cc0WCHvR.ltrans25.ltrans.o
 .init_array    0x08000230       0x10 C:\Users\pc\AppData\Local\Temp\cc0WCHvR.ltrans26.ltrans.o
 .init_array    0x08000240        0xc C:\Users\pc\AppData\Local\Temp\cc0WCHvR.ltrans27.ltrans.o
 .init_array    0x0800024c        0x8 C:\Users\pc\AppData\Local\Temp\cc0WCHvR.ltrans28.ltrans.o
                0x08000254                PROVIDE (__init_array_end, .)

destructors     0x08000254        0x4
                0x08000254                PROVIDE (__fini_array_start, .)
 *(.fini_array)
 .fini_array    0x08000254        0x4 c:/progra~2/codesourcery/sourcery_codebench_lite_for_arm_eabi/bin/../lib/gcc/arm-none-eabi/4.8.1/thumb2/crtbegin.o
 *(SORT(.fini_array.*))
                0x08000258                PROVIDE (__fini_array_end, .)

.text           0x08000260    0x4da78
 *(.text.startup.*)
 *(.text)
 .text          0x08000260       0xc8 c:/progra~2/codesourcery/sourcery_codebench_lite_for_arm_eabi/bin/../lib/gcc/arm-none-eabi/4.8.1/thumb2/crtbegin.o
 *fill*         0x08000328        0x8 
 .text          0x08000330      0x370 c:/progra~2/codesourcery/sourcery_codebench_lite_for_arm_eabi/bin/../lib/gcc/arm-none-eabi/4.8.1/thumb2\libgcc.a(_arm_addsubdf3.o)
                0x08000330                __aeabi_drsub
                0x08000338                __aeabi_dsub
                0x08000338                __subdf3
                0x0800033c                __aeabi_dadd
                0x0800033c                __adddf3
                0x080005b4                __floatunsidf
                0x080005b4                __aeabi_ui2d
                0x080005d4                __floatsidf
                0x080005d4                __aeabi_i2d
                0x080005f8                __aeabi_f2d
                0x080005f8                __extendsfdf2
                0x08000634                __floatundidf
                0x08000634                __aeabi_ul2d
                0x08000644                __floatdidf
                0x08000644                __aeabi_l2d
 .text          0x080006a0      0x424 c:/progra~2/codesourcery/sourcery_codebench_lite_for_arm_eabi/bin/../lib/gcc/arm-none-eabi/4.8.1/thumb2\libgcc.a(_arm_muldivdf3.o)
                0x080006a0                __aeabi_dmul
                0x080006a0                __muldf3
                0x080008f4                __divdf3
                0x080008f4                __aeabi_ddiv
 *fill*         0x08000ac4        0xc 
 .text          0x08000ad0      0x110 c:/progra~2/codesourcery/sourcery_codebench_lite_for_arm_eabi/bin/../lib/gcc/arm-none-eabi/4.8.1/thumb2\libgcc.a(_arm_cmpdf2.o)
                0x08000ad0                __gtdf2
                0x08000ad0                __gedf2
                0x08000ad8                __ltdf2
                0x08000ad8                __ledf2
                0x08000ae0                __nedf2
                0x08000ae0                __eqdf2
                0x08000ae0                __cmpdf2
                0x08000b5c                __aeabi_cdrcmple
                0x08000b6c                __aeabi_cdcmpeq
                0x08000b6c                __aeabi_cdcmple
                0x08000b7c                __aeabi_dcmpeq
                0x08000b90                __aeabi_dcmplt
                0x08000ba4                __aeabi_dcmple
                0x08000bb8                __aeabi_dcmpge
                0x08000bcc                __aeabi_dcmpgt
 .text          0x08000be0       0x50 c:/progra~2/codesourcery/sourcery_codebench_lite_for_arm_eabi/bin/../lib/gcc/arm-none-eabi/4.8.1/thumb2\libgcc.a(_arm_fixdfsi.o)
                0x08000be0                __aeabi_d2iz
                0x08000be0                __fixdfsi
 .text          0x08000c30       0xa0 c:/progra~2/codesourcery/sourcery_codebench_lite_for_arm_eabi/bin/../lib/gcc/arm-none-eabi/4.8.1/thumb2\libgcc.a(_arm_truncdfsf2.o)
                0x08000c30                __truncdfsf2
                0x08000c30                __aeabi_d2f
 .text          0x08000cd0      0x21c c:/progra~2/codesourcery/sourcery_codebench_lite_for_arm_eabi/bin/../lib/gcc/arm-none-eabi/4.8.1/thumb2\libgcc.a(_arm_addsubsf3.o)
                0x08000cd0                __aeabi_frsub
                0x08000cd8                __subsf3
                0x08000cd8                __aeabi_fsub
                0x08000cdc                __aeabi_fadd
                0x08000cdc                __addsf3
                0x08000e3c                __aeabi_ui2f
                0x08000e3c                __floatunsisf
                0x08000e44                __aeabi_i2f
                0x08000e44                __floatsisf
                0x08000e60                __aeabi_ul2f
                0x08000e60                __floatundisf
                0x08000e70                __aeabi_l2f
                0x08000e70                __floatdisf
 *fill*         0x08000eec        0x4 
 .text          0x08000ef0       0x38 c:/progra~2/codesourcery/sourcery_codebench_lite_for_arm_eabi/bin/../lib/gcc/arm-none-eabi/4.8.1/thumb2\libgcc.a(_aeabi_ldivmod.o)
                0x08000ef0                __aeabi_ldivmod
 *fill*         0x08000f28        0x8 
 .text          0x08000f30       0x28 c:/progra~2/codesourcery/sourcery_codebench_lite_for_arm_eabi/bin/../lib/gcc/arm-none-eabi/4.8.1/thumb2\libgcc.a(_fixsfdi.o)
                0x08000f30                __fixsfdi
                0x08000f30                __aeabi_f2lz
 *fill*         0x08000f58        0x8 
 .text          0x08000f60       0x48 c:/progra~2/codesourcery/sourcery_codebench_lite_for_arm_eabi/bin/../lib/gcc/arm-none-eabi/4.8.1/thumb2\libgcc.a(_fixunssfdi.o)
                0x08000f60                __fixunssfdi
                0x08000f60                __aeabi_f2ulz
 *fill*         0x08000fa8        0x8 
 .text          0x08000fb0       0x60 c:/progra~2/codesourcery/sourcery_codebench_lite_for_arm_eabi/bin/../lib/gcc/arm-none-eabi/4.8.1/thumb2\libgcc.a(bpabi.o)
                0x08000fb0                __gnu_ldivmod_helper
                0x08000fe0                __gnu_uldivmod_helper
 .text          0x08001010       0x40 c:/progra~2/codesourcery/sourcery_codebench_lite_for_arm_eabi/bin/../lib/gcc/arm-none-eabi/4.8.1/thumb2\libgcc.a(_arm_fixunsdfsi.o)
                0x08001010                __aeabi_d2uiz
                0x08001010                __fixunsdfsi
 .text          0x08001050       0xec c:/progra~2/codesourcery/sourcery_codebench_lite_for_arm_eabi/bin/../lib/gcc/arm-none-eabi/4.8.1/thumb2\libgcc.a(_arm_cmpsf2.o)
                0x08001050                __gesf2
                0x08001050                __gtsf2
                0x08001058                __lesf2
                0x08001058                __ltsf2
                0x08001060                __nesf2
                0x08001060                __eqsf2
                0x08001060                __cmpsf2
                0x080010c0                __aeabi_cfrcmple
                0x080010c8                __aeabi_cfcmpeq
                0x080010c8                __aeabi_cfcmple
                0x080010d8                __aeabi_fcmpeq
                0x080010ec                __aeabi_fcmplt
                0x08001100                __aeabi_fcmple
                0x08001114                __aeabi_fcmpge
                0x08001128                __aeabi_fcmpgt
 *fill*         0x0800113c        0x4 
 .text          0x08001140      0x354 c:/progra~2/codesourcery/sourcery_codebench_lite_for_arm_eabi/bin/../lib/gcc/arm-none-eabi/4.8.1/thumb2\libgcc.a(_divdi3.o)
                0x08001140                __divdi3
 *fill*         0x08001494        0xc 
 .text          0x080014a0      0x300 c:/progra~2/codesourcery/sourcery_codebench_lite_for_arm_eabi/bin/../lib/gcc/arm-none-eabi/4.8.1/thumb2\libgcc.a(_udivdi3.o)
                0x080014a0                __udivdi3
 .text          0x080017a0      0x278 c:/progra~2/codesourcery/sourcery_codebench_lite_for_arm_eabi/bin/../lib/gcc/arm-none-eabi/4.8.1/thumb2\libgcc.a(_udivsi3.o)
                0x080017a0                __aeabi_uidiv
                0x080017a0                __udivsi3
                0x080019fc                __aeabi_uidivmod
 *fill*         0x08001a18        0x8 
 .text          0x08001a20       0x64 c:/progra~2/codesourcery/sourcery_codebench_lite_for_arm_eabi/bin/../lib/gcc/arm-none-eabi/4.8.1/../../../../arm-none-eabi/lib/thumb2\libc.a(lib_a-memcmp.o)
                0x08001a20                memcmp
 *fill*         0x08001a84        0xc 
 .text          0x08001a90       0xa8 c:/progra~2/codesourcery/sourcery_codebench_lite_for_arm_eabi/bin/../lib/gcc/arm-none-eabi/4.8.1/../../../../arm-none-eabi/lib/thumb2\libc.a(lib_a-memcpy-stub.o)
                0x08001a90                memcpy
 *fill*         0x08001b38        0x8 
 .text          0x08001b40       0xa0 c:/progra~2/codesourcery/sourcery_codebench_lite_for_arm_eabi/bin/../lib/gcc/arm-none-eabi/4.8.1/../../../../arm-none-eabi/lib/thumb2\libc.a(lib_a-memset.o)
                0x08001b40                memset
 .text          0x08001be0       0xac c:/progra~2/codesourcery/sourcery_codebench_lite_for_arm_eabi/bin/../lib/gcc/arm-none-eabi/4.8.1/../../../../arm-none-eabi/lib/thumb2\libc.a(lib_a-s_modf.o)
                0x08001be0                modf
 *fill*         0x08001c8c        0x4 
 .text          0x08001c90       0x4c c:/progra~2/codesourcery/sourcery_codebench_lite_for_arm_eabi/bin/../lib/gcc/arm-none-eabi/4.8.1/../../../../arm-none-eabi/lib/thumb2\libc.a(lib_a-strcat.o)
                0x08001c90                strcat
 *fill*         0x08001cdc        0x4 
 .text          0x08001ce0       0xf8 c:/progra~2/codesourcery/sourcery_codebench_lite_for_arm_eabi/bin/../lib/gcc/arm-none-eabi/4.8.1/../../../../arm-none-eabi/lib/thumb2\libc.a(lib_a-strchr.o)
                0x08001ce0                strchr
 *fill*         0x08001dd8        0x8 
 .text          0x08001de0       0xbc c:/progra~2/codesourcery/sourcery_codebench_lite_for_arm_eabi/bin/../lib/gcc/arm-none-eabi/4.8.1/../../../../arm-none-eabi/lib/thumb2\libc.a(lib_a-strcpy.o)
                0x08001de0                strcpy
 *fill*         0x08001e9c        0x4 
 .text          0x08001ea0       0x60 c:/progra~2/codesourcery/sourcery_codebench_lite_for_arm_eabi/bin/../lib/gcc/arm-none-eabi/4.8.1/../../../../arm-none-eabi/lib/thumb2\libc.a(lib_a-strlen.o)
                0x08001ea0                strlen
 .text          0x08001f00       0xb8 c:/progra~2/codesourcery/sourcery_codebench_lite_for_arm_eabi/bin/../lib/gcc/arm-none-eabi/4.8.1/../../../../arm-none-eabi/lib/thumb2\libc.a(lib_a-strncmp.o)
                0x08001f00                strncmp
 *fill*         0x08001fb8        0x8 
 .text          0x08001fc0       0x68 c:/progra~2/codesourcery/sourcery_codebench_lite_for_arm_eabi/bin/../lib/gcc/arm-none-eabi/4.8.1/../../../../arm-none-eabi/lib/thumb2\libc.a(lib_a-strncpy.o)
                0x08001fc0                strncpy
 *fill*         0x08002028        0x8 
 .text          0x08002030       0x28 c:/progra~2/codesourcery/sourcery_codebench_lite_for_arm_eabi/bin/../lib/gcc/arm-none-eabi/4.8.1/../../../../arm-none-eabi/lib/thumb2\libc.a(lib_a-strrchr.o)
                0x08002030                strrchr
 *fill*         0x08002058        0x8 
 .text          0x08002060      0x508 c:/progra~2/codesourcery/sourcery_codebench_lite_for_arm_eabi/bin/../lib/gcc/arm-none-eabi/4.8.1/../../../../arm-none-eabi/lib/thumb2\libc.a(lib_a-strstr.o)
                0x08002344                strstr
 *fill*         0x08002568        0x8 
 .text          0x08002570       0x90 c:/progra~2/codesourcery/sourcery_codebench_lite_for_arm_eabi/bin/../lib/gcc/arm-none-eabi/4.8.1/../../../../arm-none-eabi/lib/thumb2\libc.a(lib_a-memchr-stub.o)
                0x08002570                memchr
 .text          0x08002600       0x50 c:/progra~2/codesourcery/sourcery_codebench_lite_for_arm_eabi/bin/../lib/gcc/arm-none-eabi/4.8.1/../../../../arm-none-eabi/lib/thumb2\libm.a(lib_a-s_fpclassify.o)
                0x08002600                __fpclassifyd
 .text          0x08002650       0x34 c:/progra~2/codesourcery/sourcery_codebench_lite_for_arm_eabi/bin/../lib/gcc/arm-none-eabi/4.8.1/../../../../arm-none-eabi/lib/thumb2\libm.a(lib_a-sf_fpclassify.o)
                0x08002650                __fpclassifyf
 *fill*         0x08002684        0xc 
 .text          0x08002690       0x14 c:/progra~2/codesourcery/sourcery_codebench_lite_for_arm_eabi/bin/../lib/gcc/arm-none-eabi/4.8.1/../../../../arm-none-eabi/lib/thumb2\libc.a(lib_a-cxa_atexit.o)
                0x08002690                __cxa_atexit
 *fill*         0x080026a4        0xc 
 .text          0x080026b0        0x8 c:/progra~2/codesourcery/sourcery_codebench_lite_for_arm_eabi/bin/../lib/gcc/arm-none-eabi/4.8.1/../../../../arm-none-eabi/lib/thumb2\libc.a(lib_a-lcltime_r.o)
                0x080026b0                localtime_r
 *fill*         0x080026b8        0x8 
 .text          0x080026c0      0x5bc c:/progra~2/codesourcery/sourcery_codebench_lite_for_arm_eabi/bin/../lib/gcc/arm-none-eabi/4.8.1/../../../../arm-none-eabi/lib/thumb2\libc.a(lib_a-mktime.o)
                0x080028ec                mktime
 *fill*         0x08002c7c        0x4 
 .text          0x08002c80      0x510 c:/progra~2/codesourcery/sourcery_codebench_lite_for_arm_eabi/bin/../lib/gcc/arm-none-eabi/4.8.1/../../../../arm-none-eabi/lib/thumb2\libc.a(lib_a-mktm_r.o)
                0x08002c80                __tzcalc_limits
                0x08002e24                _mktm_r
 .text          0x08003190        0x8 c:/progra~2/codesourcery/sourcery_codebench_lite_for_arm_eabi/bin/../lib/gcc/arm-none-eabi/4.8.1/../../../../arm-none-eabi/lib/thumb2\libc.a(lib_a-tzlock.o)
                0x08003190                __tz_lock
                0x08003194                __tz_unlock
 *fill*         0x08003198        0x8 
 .text          0x080031a0       0xe4 c:/progra~2/codesourcery/sourcery_codebench_lite_for_arm_eabi/bin/../lib/gcc/arm-none-eabi/4.8.1/../../../../arm-none-eabi/lib/thumb2\libc.a(lib_a-__atexit.o)
                0x080031a0                __register_exitproc
 *fill*         0x08003284        0xc 
 .text          0x08003290       0x44 c:/progra~2/codesourcery/sourcery_codebench_lite_for_arm_eabi/bin/../lib/gcc/arm-none-eabi/4.8.1/../../../../arm-none-eabi/lib/thumb2\libc.a(lib_a-div.o)
                0x08003290                div
 *fill*         0x080032d4        0xc 
 .text          0x080032e0        0xc c:/progra~2/codesourcery/sourcery_codebench_lite_for_arm_eabi/bin/../lib/gcc/arm-none-eabi/4.8.1/../../../../arm-none-eabi/lib/thumb2\libc.a(lib_a-gettzinfo.o)
                0x080032e0                __gettzinfo
 *fill*         0x080032ec        0x4 
 .text          0x080032f0      0x2b0 c:/progra~2/codesourcery/sourcery_codebench_lite_for_arm_eabi/bin/../lib/gcc/arm-none-eabi/4.8.1/thumb2\libgcc.a(_divsi3.o)
                0x080032f0                __divsi3
                0x080032f0                __aeabi_idiv
                0x08003584                __aeabi_idivmod
 .text          0x080035a0        0x4 c:/progra~2/codesourcery/sourcery_codebench_lite_for_arm_eabi/bin/../lib/gcc/arm-none-eabi/4.8.1/thumb2\libgcc.a(_dvmd_tls.o)
                0x080035a0                __aeabi_idiv0
                0x080035a0                __aeabi_ldiv0
 *fill*         0x080035a4        0xc 
 .text          0x080035b0       0x9c c:/progra~2/codesourcery/sourcery_codebench_lite_for_arm_eabi/bin/../lib/gcc/arm-none-eabi/4.8.1/../../../../arm-none-eabi/lib/thumb2\libm.a(lib_a-s_round.o)
                0x080035b0                round
 *fill*         0x0800364c        0x4 
 .text          0x08003650       0xe0 c:/progra~2/codesourcery/sourcery_codebench_lite_for_arm_eabi/bin/../lib/gcc/arm-none-eabi/4.8.1/../../../../arm-none-eabi/lib/thumb2\libm.a(lib_a-wf_log.o)
                0x08003650                logf
 .text          0x08003730      0x300 c:/progra~2/codesourcery/sourcery_codebench_lite_for_arm_eabi/bin/../lib/gcc/arm-none-eabi/4.8.1/../../../../arm-none-eabi/lib/thumb2\libm.a(lib_a-ef_log.o)
                0x08003730                __ieee754_logf
 .text          0x08003a30        0x4 c:/progra~2/codesourcery/sourcery_codebench_lite_for_arm_eabi/bin/../lib/gcc/arm-none-eabi/4.8.1/../../../../arm-none-eabi/lib/thumb2\libm.a(lib_a-s_matherr.o)
                0x08003a30                matherr
 *fill*         0x08003a34        0xc 
 .text          0x08003a40        0xc c:/progra~2/codesourcery/sourcery_codebench_lite_for_arm_eabi/bin/../lib/gcc/arm-none-eabi/4.8.1/../../../../arm-none-eabi/lib/thumb2\libm.a(lib_a-s_nan.o)
                0x08003a40                nan
 *fill*         0x08003a4c        0x4 
 .text          0x08003a50      0x2a0 c:/progra~2/codesourcery/sourcery_codebench_lite_for_arm_eabi/bin/../lib/gcc/arm-none-eabi/4.8.1/thumb2\libgcc.a(_arm_muldivsf3.o)
                0x08003a50                __mulsf3
                0x08003a50                __aeabi_fmul
                0x08003bb8                __aeabi_fdiv
                0x08003bb8                __divsf3
 .text          0x08003cf0        0xc c:/progra~2/codesourcery/sourcery_codebench_lite_for_arm_eabi/bin/../lib/gcc/arm-none-eabi/4.8.1/../../../../arm-none-eabi/lib/thumb2\libc.a(lib_a-errno.o)
                0x08003cf0                __errno
 *(.text.*)
 *fill*         0x08003cfc        0x4 
 .text.f_mount  0x08003d00       0x5c C:\Users\pc\AppData\Local\Temp\cc0WCHvR.ltrans0.ltrans.o
                0x08003d00                f_mount
 *fill*         0x08003d5c        0x4 
 .text.f_open   0x08003d60      0x2f8 C:\Users\pc\AppData\Local\Temp\cc0WCHvR.ltrans0.ltrans.o
                0x08003d60                f_open
 *fill*         0x08004058        0x8 
 .text.f_read   0x08004060      0x2bc C:\Users\pc\AppData\Local\Temp\cc0WCHvR.ltrans0.ltrans.o
                0x08004060                f_read
 *fill*         0x0800431c        0x4 
 .text.f_write  0x08004320      0x320 C:\Users\pc\AppData\Local\Temp\cc0WCHvR.ltrans0.ltrans.o
                0x08004320                f_write
 .text.f_sync   0x08004640      0x184 C:\Users\pc\AppData\Local\Temp\cc0WCHvR.ltrans0.ltrans.o
                0x08004640                f_sync
 *fill*         0x080047c4        0xc 
 .text.f_close  0x080047d0       0x28 C:\Users\pc\AppData\Local\Temp\cc0WCHvR.ltrans0.ltrans.o
                0x080047d0                f_close
 *fill*         0x080047f8        0x8 
 .text.f_lseek  0x08004800      0x2b4 C:\Users\pc\AppData\Local\Temp\cc0WCHvR.ltrans0.ltrans.o
                0x08004800                f_lseek
 *fill*         0x08004ab4        0xc 
 .text.f_opendir
                0x08004ac0       0xe8 C:\Users\pc\AppData\Local\Temp\cc0WCHvR.ltrans0.ltrans.o
                0x08004ac0                f_opendir
 *fill*         0x08004ba8        0x8 
 .text.f_readdir
                0x08004bb0       0xb0 C:\Users\pc\AppData\Local\Temp\cc0WCHvR.ltrans0.ltrans.o
                0x08004bb0                f_readdir
 .text.f_unlink
                0x08004c60      0x19c C:\Users\pc\AppData\Local\Temp\cc0WCHvR.ltrans0.ltrans.o
                0x08004c60                f_unlink
 *fill*         0x08004dfc        0x4 
 .text.__early_init
                0x08004e00        0xc C:\Users\pc\AppData\Local\Temp\cc0WCHvR.ltrans0.ltrans.o
                0x08004e00                __early_init
 *fill*         0x08004e0c        0x4 
 .text.mmc_lld_is_card_inserted
                0x08004e10       0x18 C:\Users\pc\AppData\Local\Temp\cc0WCHvR.ltrans0.ltrans.o
                0x08004e10                mmc_lld_is_card_inserted
 *fill*         0x08004e28        0x8 
 .text.mmc_lld_is_write_protected
                0x08004e30       0x18 C:\Users\pc\AppData\Local\Temp\cc0WCHvR.ltrans0.ltrans.o
                0x08004e30                mmc_lld_is_write_protected
 *fill*         0x08004e48        0x8 
 .text.boardInit
                0x08004e50        0xc C:\Users\pc\AppData\Local\Temp\cc0WCHvR.ltrans0.ltrans.o
                0x08004e50                boardInit
 *fill*         0x08004e5c        0x4 
 .text.main     0x08004e60       0x1c C:\Users\pc\AppData\Local\Temp\cc0WCHvR.ltrans0.ltrans.o
                0x08004e60                main
 *fill*         0x08004e7c        0x4 
 .text.NVIC_SystemReset.96165.4122
                0x08004e80       0x30 C:\Users\pc\AppData\Local\Temp\cc0WCHvR.ltrans0.ltrans.o
 .text._ZL9rebootNowv.96168.4118
                0x08004eb0        0xc C:\Users\pc\AppData\Local\Temp\cc0WCHvR.ltrans0.ltrans.o
 *fill*         0x08004ebc        0x4 
 .text._ZL14scheduleRebootv.96170.4110
                0x08004ec0       0x3c C:\Users\pc\AppData\Local\Temp\cc0WCHvR.ltrans0.ltrans.o
 *fill*         0x08004efc        0x4 
 .text._Z8swo_initv.4116
                0x08004f00        0xc C:\Users\pc\AppData\Local\Temp\cc0WCHvR.ltrans0.ltrans.o
 *fill*         0x08004f0c        0x4 
 .text._ZL28rememberCurrentConfigurationv.96177.4114
                0x08004f10       0x24 C:\Users\pc\AppData\Local\Temp\cc0WCHvR.ltrans0.ltrans.o
 *fill*         0x08004f34        0xc 
 .text.applyNewConfiguration
                0x08004f40       0x10 C:\Users\pc\AppData\Local\Temp\cc0WCHvR.ltrans0.ltrans.o
                0x08004f40                applyNewConfiguration
 .text.runRusEfi.4108
                0x08004f50      0x158 C:\Users\pc\AppData\Local\Temp\cc0WCHvR.ltrans0.ltrans.o
 *fill*         0x080050a8        0x8 
 .text.chDbgStackOverflowPanic
                0x080050b0       0x54 C:\Users\pc\AppData\Local\Temp\cc0WCHvR.ltrans0.ltrans.o
                0x080050b0                chDbgStackOverflowPanic
 *fill*         0x08005104        0xc 
 .text.firmwareError
                0x08005110       0xb8 C:\Users\pc\AppData\Local\Temp\cc0WCHvR.ltrans0.ltrans.o
                0x08005110                firmwareError
 *fill*         0x080051c8        0x8 
 .text.getRusEfiVersion
                0x080051d0       0x28 C:\Users\pc\AppData\Local\Temp\cc0WCHvR.ltrans0.ltrans.o
                0x080051d0                getRusEfiVersion
 *fill*         0x080051f8        0x8 
 .text._Z41__static_initialization_and_destruction_0ii.96274.4010
                0x08005200       0x34 C:\Users\pc\AppData\Local\Temp\cc0WCHvR.ltrans0.ltrans.o
 *fill*         0x08005234        0xc 
 .text._GLOBAL__sub_I_main_loop_started.96278.4008
                0x08005240       0x10 C:\Users\pc\AppData\Local\Temp\cc0WCHvR.ltrans0.ltrans.o
 .text.sync.95668
                0x08005250      0x14c C:\Users\pc\AppData\Local\Temp\cc0WCHvR.ltrans1.ltrans.o
                0x08005250                sync.95668
 *fill*         0x0800539c        0x4 
 .text.clust2sect
                0x080053a0       0x3c C:\Users\pc\AppData\Local\Temp\cc0WCHvR.ltrans1.ltrans.o
                0x080053a0                clust2sect
 *fill*         0x080053dc        0x4 
 .text.get_fat  0x080053e0      0x14c C:\Users\pc\AppData\Local\Temp\cc0WCHvR.ltrans1.ltrans.o
                0x080053e0                get_fat
 *fill*         0x0800552c        0x4 
 .text.put_fat  0x08005530      0x1f0 C:\Users\pc\AppData\Local\Temp\cc0WCHvR.ltrans1.ltrans.o
                0x08005530                put_fat
 .text.remove_chain.95684
                0x08005720       0x98 C:\Users\pc\AppData\Local\Temp\cc0WCHvR.ltrans1.ltrans.o
                0x08005720                remove_chain.95684
 *fill*         0x080057b8        0x8 
 .text.create_chain.95688
                0x080057c0      0x114 C:\Users\pc\AppData\Local\Temp\cc0WCHvR.ltrans1.ltrans.o
                0x080057c0                create_chain.95688
 *fill*         0x080058d4        0xc 
 .text.dir_sdi.95692
                0x080058e0      0x100 C:\Users\pc\AppData\Local\Temp\cc0WCHvR.ltrans1.ltrans.o
                0x080058e0                dir_sdi.95692
 .text.dir_next.95709
                0x080059e0      0x1a8 C:\Users\pc\AppData\Local\Temp\cc0WCHvR.ltrans1.ltrans.o
                0x080059e0                dir_next.95709
 *fill*         0x08005b88        0x8 
 .text.cmp_lfn.95713.4120
                0x08005b90       0xdc C:\Users\pc\AppData\Local\Temp\cc0WCHvR.ltrans1.ltrans.o
 *fill*         0x08005c6c        0x4 
 .text.pick_lfn.95717.4116
                0x08005c70       0xcc C:\Users\pc\AppData\Local\Temp\cc0WCHvR.ltrans1.ltrans.o
 *fill*         0x08005d3c        0x4 
 .text.fit_lfn.95721.4110
                0x08005d40       0xe8 C:\Users\pc\AppData\Local\Temp\cc0WCHvR.ltrans1.ltrans.o
 *fill*         0x08005e28        0x8 
 .text.gen_numname.4102
                0x08005e30       0xe4 C:\Users\pc\AppData\Local\Temp\cc0WCHvR.ltrans1.ltrans.o
 *fill*         0x08005f14        0xc 
 .text.sum_sfn.95733.4097
                0x08005f20       0x44 C:\Users\pc\AppData\Local\Temp\cc0WCHvR.ltrans1.ltrans.o
 *fill*         0x08005f64        0xc 
 .text.dir_find.95736.4094
                0x08005f70      0x150 C:\Users\pc\AppData\Local\Temp\cc0WCHvR.ltrans1.ltrans.o
 .text.dir_read.95739
                0x080060c0      0x124 C:\Users\pc\AppData\Local\Temp\cc0WCHvR.ltrans1.ltrans.o
                0x080060c0                dir_read.95739
 *fill*         0x080061e4        0xc 
 .text.dir_register.95742
                0x080061f0      0x268 C:\Users\pc\AppData\Local\Temp\cc0WCHvR.ltrans1.ltrans.o
                0x080061f0                dir_register.95742
 *fill*         0x08006458        0x8 
 .text.dir_remove.95745
                0x08006460       0x90 C:\Users\pc\AppData\Local\Temp\cc0WCHvR.ltrans1.ltrans.o
                0x08006460                dir_remove.95745
 .text.create_name.95748.4081
                0x080064f0      0x364 C:\Users\pc\AppData\Local\Temp\cc0WCHvR.ltrans1.ltrans.o
 *fill*         0x08006854        0xc 
 .text.get_fileinfo.95753
                0x08006860      0x1d0 C:\Users\pc\AppData\Local\Temp\cc0WCHvR.ltrans1.ltrans.o
                0x08006860                get_fileinfo.95753
 .text.follow_path.95766
                0x08006a30       0xec C:\Users\pc\AppData\Local\Temp\cc0WCHvR.ltrans1.ltrans.o
                0x08006a30                follow_path.95766
 *fill*         0x08006b1c        0x4 
 .text.check_fs.95770.4046
                0x08006b20       0xc8 C:\Users\pc\AppData\Local\Temp\cc0WCHvR.ltrans1.ltrans.o
 *fill*         0x08006be8        0x8 
 .text.chk_mounted.95774
                0x08006bf0      0x554 C:\Users\pc\AppData\Local\Temp\cc0WCHvR.ltrans1.ltrans.o
                0x08006bf0                chk_mounted.95774
 *fill*         0x08007144        0xc 
 .text.validate.95779
                0x08007150       0x4c C:\Users\pc\AppData\Local\Temp\cc0WCHvR.ltrans1.ltrans.o
                0x08007150                validate.95779
 *fill*         0x0800719c        0x4 
 .text.usb_lld_set_address
                0x080071a0       0x34 C:\Users\pc\AppData\Local\Temp\cc0WCHvR.ltrans2.ltrans.o
                0x080071a0                usb_lld_set_address
 *fill*         0x080071d4        0xc 
 .text.usb_lld_init_endpoint
                0x080071e0      0x228 C:\Users\pc\AppData\Local\Temp\cc0WCHvR.ltrans2.ltrans.o
                0x080071e0                usb_lld_init_endpoint
 *fill*         0x08007408        0x8 
 .text.usb_lld_get_status_out
                0x08007410       0x48 C:\Users\pc\AppData\Local\Temp\cc0WCHvR.ltrans2.ltrans.o
                0x08007410                usb_lld_get_status_out
 *fill*         0x08007458        0x8 
 .text.usb_lld_get_status_in
                0x08007460       0x48 C:\Users\pc\AppData\Local\Temp\cc0WCHvR.ltrans2.ltrans.o
                0x08007460                usb_lld_get_status_in
 *fill*         0x080074a8        0x8 
 .text.usb_lld_read_setup
                0x080074b0       0x2c C:\Users\pc\AppData\Local\Temp\cc0WCHvR.ltrans2.ltrans.o
                0x080074b0                usb_lld_read_setup
 *fill*         0x080074dc        0x4 
 .text.usb_lld_prepare_receive
                0x080074e0       0x8c C:\Users\pc\AppData\Local\Temp\cc0WCHvR.ltrans2.ltrans.o
                0x080074e0                usb_lld_prepare_receive
 *fill*         0x0800756c        0x4 
 .text.usb_lld_prepare_transmit
                0x08007570       0xa4 C:\Users\pc\AppData\Local\Temp\cc0WCHvR.ltrans2.ltrans.o
                0x08007570                usb_lld_prepare_transmit
 *fill*         0x08007614        0xc 
 .text.usb_lld_start_out
                0x08007620       0x38 C:\Users\pc\AppData\Local\Temp\cc0WCHvR.ltrans2.ltrans.o
                0x08007620                usb_lld_start_out
 *fill*         0x08007658        0x8 
 .text.usb_lld_start_in
                0x08007660       0x50 C:\Users\pc\AppData\Local\Temp\cc0WCHvR.ltrans2.ltrans.o
                0x08007660                usb_lld_start_in
 .text.usb_lld_stall_out
                0x080076b0       0x38 C:\Users\pc\AppData\Local\Temp\cc0WCHvR.ltrans2.ltrans.o
                0x080076b0                usb_lld_stall_out
 *fill*         0x080076e8        0x8 
 .text.usb_lld_stall_in
                0x080076f0       0x38 C:\Users\pc\AppData\Local\Temp\cc0WCHvR.ltrans2.ltrans.o
                0x080076f0                usb_lld_stall_in
 *fill*         0x08007728        0x8 
 .text.usb_lld_clear_out
                0x08007730       0x38 C:\Users\pc\AppData\Local\Temp\cc0WCHvR.ltrans2.ltrans.o
                0x08007730                usb_lld_clear_out
 *fill*         0x08007768        0x8 
 .text.usb_lld_clear_in
                0x08007770       0x38 C:\Users\pc\AppData\Local\Temp\cc0WCHvR.ltrans2.ltrans.o
                0x08007770                usb_lld_clear_in
 *fill*         0x080077a8        0x8 
 .text.i2c_lld_serve_event_interrupt.94980.4547
                0x080077b0      0x1c8 C:\Users\pc\AppData\Local\Temp\cc0WCHvR.ltrans2.ltrans.o
 *fill*         0x08007978        0x8 
 .text.i2c_lld_serve_error_interrupt.94983.4543
                0x08007980      0x188 C:\Users\pc\AppData\Local\Temp\cc0WCHvR.ltrans2.ltrans.o
 *fill*         0x08007b08        0x8 
 .text.VectorBC
                0x08007b10       0x20 C:\Users\pc\AppData\Local\Temp\cc0WCHvR.ltrans2.ltrans.o
                0x08007b10                VectorBC
 .text.VectorC0
                0x08007b30       0x54 C:\Users\pc\AppData\Local\Temp\cc0WCHvR.ltrans2.ltrans.o
                0x08007b30                VectorC0
 *fill*         0x08007b84        0xc 
 .text.i2c_lld_init
                0x08007b90       0x50 C:\Users\pc\AppData\Local\Temp\cc0WCHvR.ltrans2.ltrans.o
                0x08007b90                i2c_lld_init
 .text.initgpio.95104.4432
                0x08007be0       0x4c C:\Users\pc\AppData\Local\Temp\cc0WCHvR.ltrans2.ltrans.o
 *fill*         0x08007c2c        0x4 
 .text._pal_lld_init
                0x08007c30       0xe4 C:\Users\pc\AppData\Local\Temp\cc0WCHvR.ltrans2.ltrans.o
                0x08007c30                _pal_lld_init
 *fill*         0x08007d14        0xc 
 .text._pal_lld_setgroupmode
                0x08007d20      0x12c C:\Users\pc\AppData\Local\Temp\cc0WCHvR.ltrans2.ltrans.o
                0x08007d20                _pal_lld_setgroupmode
 *fill*         0x08007e4c        0x4 
 .text.can_lld_set_filters.95195.4375
                0x08007e50      0x280 C:\Users\pc\AppData\Local\Temp\cc0WCHvR.ltrans2.ltrans.o
 .text.can_lld_tx_handler.95211.4372
                0x080080d0       0x50 C:\Users\pc\AppData\Local\Temp\cc0WCHvR.ltrans2.ltrans.o
 .text.can_lld_rx0_handler.95364.4369
                0x08008120       0x98 C:\Users\pc\AppData\Local\Temp\cc0WCHvR.ltrans2.ltrans.o
 *fill*         0x080081b8        0x8 
 .text.can_lld_rx1_handler.95367.4366
                0x080081c0       0x98 C:\Users\pc\AppData\Local\Temp\cc0WCHvR.ltrans2.ltrans.o
 *fill*         0x08008258        0x8 
 .text.can_lld_sce_handler.95370.4363
                0x08008260       0xc4 C:\Users\pc\AppData\Local\Temp\cc0WCHvR.ltrans2.ltrans.o
 *fill*         0x08008324        0xc 
 .text.Vector8C
                0x08008330       0x20 C:\Users\pc\AppData\Local\Temp\cc0WCHvR.ltrans2.ltrans.o
                0x08008330                Vector8C
 .text.Vector90
                0x08008350       0x20 C:\Users\pc\AppData\Local\Temp\cc0WCHvR.ltrans2.ltrans.o
                0x08008350                Vector90
 .text.Vector94
                0x08008370       0x20 C:\Users\pc\AppData\Local\Temp\cc0WCHvR.ltrans2.ltrans.o
                0x08008370                Vector94
 .text.Vector98
                0x08008390       0x20 C:\Users\pc\AppData\Local\Temp\cc0WCHvR.ltrans2.ltrans.o
                0x08008390                Vector98
 .text.Vector13C
                0x080083b0       0x20 C:\Users\pc\AppData\Local\Temp\cc0WCHvR.ltrans2.ltrans.o
                0x080083b0                Vector13C
 .text.Vector140
                0x080083d0       0x20 C:\Users\pc\AppData\Local\Temp\cc0WCHvR.ltrans2.ltrans.o
                0x080083d0                Vector140
 .text.Vector144
                0x080083f0       0x20 C:\Users\pc\AppData\Local\Temp\cc0WCHvR.ltrans2.ltrans.o
                0x080083f0                Vector144
 .text.Vector148
                0x08008410       0x20 C:\Users\pc\AppData\Local\Temp\cc0WCHvR.ltrans2.ltrans.o
                0x08008410                Vector148
 .text.can_lld_init
                0x08008430       0x4c C:\Users\pc\AppData\Local\Temp\cc0WCHvR.ltrans2.ltrans.o
                0x08008430                can_lld_init
 *fill*         0x0800847c        0x4 
 .text.can_lld_start
                0x08008480      0x100 C:\Users\pc\AppData\Local\Temp\cc0WCHvR.ltrans2.ltrans.o
                0x08008480                can_lld_start
 .text.can_lld_is_tx_empty
                0x08008580       0x90 C:\Users\pc\AppData\Local\Temp\cc0WCHvR.ltrans2.ltrans.o
                0x08008580                can_lld_is_tx_empty
 .text.can_lld_transmit
                0x08008610       0xe4 C:\Users\pc\AppData\Local\Temp\cc0WCHvR.ltrans2.ltrans.o
                0x08008610                can_lld_transmit
 *fill*         0x080086f4        0xc 
 .text.can_lld_is_rx_nonempty
                0x08008700       0x80 C:\Users\pc\AppData\Local\Temp\cc0WCHvR.ltrans2.ltrans.o
                0x08008700                can_lld_is_rx_nonempty
 .text.can_lld_receive
                0x08008780      0x18c C:\Users\pc\AppData\Local\Temp\cc0WCHvR.ltrans2.ltrans.o
                0x08008780                can_lld_receive
 *fill*         0x0800890c        0x4 
 .text.ext_lld_init
                0x08008910       0x14 C:\Users\pc\AppData\Local\Temp\cc0WCHvR.ltrans2.ltrans.o
                0x08008910                ext_lld_init
 *fill*         0x08008924        0xc 
 .text.ext_lld_start
                0x08008930       0x50 C:\Users\pc\AppData\Local\Temp\cc0WCHvR.ltrans2.ltrans.o
                0x08008930                ext_lld_start
 .text.ext_lld_channel_enable
                0x08008980      0x1ac C:\Users\pc\AppData\Local\Temp\cc0WCHvR.ltrans2.ltrans.o
                0x08008980                ext_lld_channel_enable
 *fill*         0x08008b2c        0x4 
 .text.ext_lld_channel_disable
                0x08008b30       0xa8 C:\Users\pc\AppData\Local\Temp\cc0WCHvR.ltrans2.ltrans.o
                0x08008b30                ext_lld_channel_disable
 *fill*         0x08008bd8        0x8 
 .text.ff_convert
                0x08008be0       0x7c C:\Users\pc\AppData\Local\Temp\cc0WCHvR.ltrans2.ltrans.o
                0x08008be0                ff_convert
 *fill*         0x08008c5c        0x4 
 .text.ff_wtoupper
                0x08008c60       0x6c C:\Users\pc\AppData\Local\Temp\cc0WCHvR.ltrans2.ltrans.o
                0x08008c60                ff_wtoupper
 *fill*         0x08008ccc        0x4 
 .text.mem_cpy.95617
                0x08008cd0       0x3c C:\Users\pc\AppData\Local\Temp\cc0WCHvR.ltrans2.ltrans.o
                0x08008cd0                mem_cpy.95617
 *fill*         0x08008d0c        0x4 
 .text.mem_set.95624
                0x08008d10       0x34 C:\Users\pc\AppData\Local\Temp\cc0WCHvR.ltrans2.ltrans.o
                0x08008d10                mem_set.95624
 *fill*         0x08008d44        0xc 
 .text.mem_cmp.95629
                0x08008d50       0x4c C:\Users\pc\AppData\Local\Temp\cc0WCHvR.ltrans2.ltrans.o
                0x08008d50                mem_cmp.95629
 *fill*         0x08008d9c        0x4 
 .text.chk_chr.95634
                0x08008da0       0x38 C:\Users\pc\AppData\Local\Temp\cc0WCHvR.ltrans2.ltrans.o
                0x08008da0                chk_chr.95634
 *fill*         0x08008dd8        0x8 
 .text.move_window.95639
                0x08008de0       0xbc C:\Users\pc\AppData\Local\Temp\cc0WCHvR.ltrans2.ltrans.o
                0x08008de0                move_window.95639
 *fill*         0x08008e9c        0x4 
 .text.VectorB8
                0x08008ea0       0x20 C:\Users\pc\AppData\Local\Temp\cc0WCHvR.ltrans3.ltrans.o
                0x08008ea0                VectorB8
 .text.VectorF0
                0x08008ec0       0x38 C:\Users\pc\AppData\Local\Temp\cc0WCHvR.ltrans3.ltrans.o
                0x08008ec0                VectorF0
 *fill*         0x08008ef8        0x8 
 .text.VectorF8
                0x08008f00       0xc8 C:\Users\pc\AppData\Local\Temp\cc0WCHvR.ltrans3.ltrans.o
                0x08008f00                VectorF8
 *fill*         0x08008fc8        0x8 
 .text.pwm_lld_init
                0x08008fd0       0x44 C:\Users\pc\AppData\Local\Temp\cc0WCHvR.ltrans3.ltrans.o
                0x08008fd0                pwm_lld_init
 *fill*         0x08009014        0xc 
 .text.pwm_lld_start
                0x08009020      0x25c C:\Users\pc\AppData\Local\Temp\cc0WCHvR.ltrans3.ltrans.o
                0x08009020                pwm_lld_start
 *fill*         0x0800927c        0x4 
 .text.spi_lld_serve_rx_interrupt.94109.4587
                0x08009280       0xe4 C:\Users\pc\AppData\Local\Temp\cc0WCHvR.ltrans3.ltrans.o
 *fill*         0x08009364        0xc 
 .text.spi_lld_serve_tx_interrupt.93951.4591
                0x08009370       0x14 C:\Users\pc\AppData\Local\Temp\cc0WCHvR.ltrans3.ltrans.o
 *fill*         0x08009384        0xc 
 .text.spi_lld_init
                0x08009390      0x130 C:\Users\pc\AppData\Local\Temp\cc0WCHvR.ltrans3.ltrans.o
                0x08009390                spi_lld_init
 .text.spi_lld_start
                0x080094c0      0x22c C:\Users\pc\AppData\Local\Temp\cc0WCHvR.ltrans3.ltrans.o
                0x080094c0                spi_lld_start
 *fill*         0x080096ec        0x4 
 .text.spi_lld_stop
                0x080096f0       0xac C:\Users\pc\AppData\Local\Temp\cc0WCHvR.ltrans3.ltrans.o
                0x080096f0                spi_lld_stop
 *fill*         0x0800979c        0x4 
 .text.spi_lld_select
                0x080097a0       0x28 C:\Users\pc\AppData\Local\Temp\cc0WCHvR.ltrans3.ltrans.o
                0x080097a0                spi_lld_select
 *fill*         0x080097c8        0x8 
 .text.spi_lld_unselect
                0x080097d0       0x28 C:\Users\pc\AppData\Local\Temp\cc0WCHvR.ltrans3.ltrans.o
                0x080097d0                spi_lld_unselect
 *fill*         0x080097f8        0x8 
 .text.spi_lld_ignore
                0x08009800       0x88 C:\Users\pc\AppData\Local\Temp\cc0WCHvR.ltrans3.ltrans.o
                0x08009800                spi_lld_ignore
 *fill*         0x08009888        0x8 
 .text.spi_lld_exchange
                0x08009890       0x88 C:\Users\pc\AppData\Local\Temp\cc0WCHvR.ltrans3.ltrans.o
                0x08009890                spi_lld_exchange
 *fill*         0x08009918        0x8 
 .text.spi_lld_send
                0x08009920       0x88 C:\Users\pc\AppData\Local\Temp\cc0WCHvR.ltrans3.ltrans.o
                0x08009920                spi_lld_send
 *fill*         0x080099a8        0x8 
 .text.spi_lld_receive
                0x080099b0       0x88 C:\Users\pc\AppData\Local\Temp\cc0WCHvR.ltrans3.ltrans.o
                0x080099b0                spi_lld_receive
 *fill*         0x08009a38        0x8 
 .text.rtc_lld_init
                0x08009a40       0xf0 C:\Users\pc\AppData\Local\Temp\cc0WCHvR.ltrans3.ltrans.o
                0x08009a40                rtc_lld_init
 .text.rtc_lld_set_time
                0x08009b30       0xdc C:\Users\pc\AppData\Local\Temp\cc0WCHvR.ltrans3.ltrans.o
                0x08009b30                rtc_lld_set_time
 *fill*         0x08009c0c        0x4 
 .text.rtc_lld_get_time
                0x08009c10       0x9c C:\Users\pc\AppData\Local\Temp\cc0WCHvR.ltrans3.ltrans.o
                0x08009c10                rtc_lld_get_time
 *fill*         0x08009cac        0x4 
 .text.rtc_lld_get_time_fat
                0x08009cb0      0x14c C:\Users\pc\AppData\Local\Temp\cc0WCHvR.ltrans3.ltrans.o
                0x08009cb0                rtc_lld_get_time_fat
 *fill*         0x08009dfc        0x4 
 .text.fifo_remove.94302.4380
                0x08009e00       0x2c C:\Users\pc\AppData\Local\Temp\cc0WCHvR.ltrans3.ltrans.o
 *fill*         0x08009e2c        0x4 
 .text.usb_lld_wakeup_pump.94384.4377
                0x08009e30       0x28 C:\Users\pc\AppData\Local\Temp\cc0WCHvR.ltrans3.ltrans.o
 *fill*         0x08009e58        0x8 
 .text.otg_core_reset.94584.4374
                0x08009e60       0x3c C:\Users\pc\AppData\Local\Temp\cc0WCHvR.ltrans3.ltrans.o
 *fill*         0x08009e9c        0x4 
 .text.otg_disable_ep.94587
                0x08009ea0      0x10c C:\Users\pc\AppData\Local\Temp\cc0WCHvR.ltrans3.ltrans.o
                0x08009ea0                otg_disable_ep.94587
 *fill*         0x08009fac        0x4 
 .text.otg_rxfifo_flush.94590.4368
                0x08009fb0       0x2c C:\Users\pc\AppData\Local\Temp\cc0WCHvR.ltrans3.ltrans.o
 *fill*         0x08009fdc        0x4 
 .text.otg_txfifo_flush.94593
                0x08009fe0       0x34 C:\Users\pc\AppData\Local\Temp\cc0WCHvR.ltrans3.ltrans.o
                0x08009fe0                otg_txfifo_flush.94593
 *fill*         0x0800a014        0xc 
 .text.otg_ram_reset.94597
                0x0800a020       0x1c C:\Users\pc\AppData\Local\Temp\cc0WCHvR.ltrans3.ltrans.o
                0x0800a020                otg_ram_reset.94597
 *fill*         0x0800a03c        0x4 
 .text.otg_ram_alloc.94600
                0x0800a040       0x40 C:\Users\pc\AppData\Local\Temp\cc0WCHvR.ltrans3.ltrans.o
                0x0800a040                otg_ram_alloc.94600
 .text.otg_do_push.94604.4352
                0x0800a080       0x38 C:\Users\pc\AppData\Local\Temp\cc0WCHvR.ltrans3.ltrans.o
 *fill*         0x0800a0b8        0x8 
 .text.otg_fifo_write_from_buffer.94609.4347
                0x0800a0c0       0x24 C:\Users\pc\AppData\Local\Temp\cc0WCHvR.ltrans3.ltrans.o
 *fill*         0x0800a0e4        0xc 
 .text.otg_fifo_write_from_queue.94614.4342
                0x0800a0f0      0x128 C:\Users\pc\AppData\Local\Temp\cc0WCHvR.ltrans3.ltrans.o
 *fill*         0x0800a218        0x8 
 .text.otg_do_pop.94619.4337
                0x0800a220       0x3c C:\Users\pc\AppData\Local\Temp\cc0WCHvR.ltrans3.ltrans.o
 *fill*         0x0800a25c        0x4 
 .text.otg_fifo_read_to_buffer.94624.4331
                0x0800a260       0x54 C:\Users\pc\AppData\Local\Temp\cc0WCHvR.ltrans3.ltrans.o
 *fill*         0x0800a2b4        0xc 
 .text.otg_fifo_read_to_queue.94630.4326
                0x0800a2c0      0x10c C:\Users\pc\AppData\Local\Temp\cc0WCHvR.ltrans3.ltrans.o
 *fill*         0x0800a3cc        0x4 
 .text.otg_rxfifo_handler.94635.4323
                0x0800a3d0      0x144 C:\Users\pc\AppData\Local\Temp\cc0WCHvR.ltrans3.ltrans.o
 *fill*         0x0800a514        0xc 
 .text.otg_txfifo_handler.94638.4319
                0x0800a520      0x150 C:\Users\pc\AppData\Local\Temp\cc0WCHvR.ltrans3.ltrans.o
 .text.otg_epin_handler.94701.4315
                0x0800a670      0x140 C:\Users\pc\AppData\Local\Temp\cc0WCHvR.ltrans3.ltrans.o
 .text.otg_epout_handler.94693.4311
                0x0800a7b0      0x10c C:\Users\pc\AppData\Local\Temp\cc0WCHvR.ltrans3.ltrans.o
 *fill*         0x0800a8bc        0x4 
 .text.usb_lld_serve_interrupt.94705.4308
                0x0800a8c0      0x15c C:\Users\pc\AppData\Local\Temp\cc0WCHvR.ltrans3.ltrans.o
 *fill*         0x0800aa1c        0x4 
 .text.usb_lld_pump.94642.4301
                0x0800aa20      0x13c C:\Users\pc\AppData\Local\Temp\cc0WCHvR.ltrans3.ltrans.o
 *fill*         0x0800ab5c        0x4 
 .text.Vector14C
                0x0800ab60       0x20 C:\Users\pc\AppData\Local\Temp\cc0WCHvR.ltrans3.ltrans.o
                0x0800ab60                Vector14C
 .text.usb_lld_init
                0x0800ab80       0x7c C:\Users\pc\AppData\Local\Temp\cc0WCHvR.ltrans3.ltrans.o
                0x0800ab80                usb_lld_init
 *fill*         0x0800abfc        0x4 
 .text.usb_lld_start
                0x0800ac00      0x12c C:\Users\pc\AppData\Local\Temp\cc0WCHvR.ltrans3.ltrans.o
                0x0800ac00                usb_lld_start
 *fill*         0x0800ad2c        0x4 
 .text.usb_lld_reset
                0x0800ad30      0x12c C:\Users\pc\AppData\Local\Temp\cc0WCHvR.ltrans3.ltrans.o
                0x0800ad30                usb_lld_reset
 *fill*         0x0800ae5c        0x4 
 .text.adc_lld_start_conversion
                0x0800ae60      0x10c C:\Users\pc\AppData\Local\Temp\cc0WCHvR.ltrans4.ltrans.o
                0x0800ae60                adc_lld_start_conversion
 *fill*         0x0800af6c        0x4 
 .text.adc_lld_stop_conversion
                0x0800af70       0x64 C:\Users\pc\AppData\Local\Temp\cc0WCHvR.ltrans4.ltrans.o
                0x0800af70                adc_lld_stop_conversion
 *fill*         0x0800afd4        0xc 
 .text.Vector58
                0x0800afe0       0x38 C:\Users\pc\AppData\Local\Temp\cc0WCHvR.ltrans4.ltrans.o
                0x0800afe0                Vector58
 *fill*         0x0800b018        0x8 
 .text.Vector5C
                0x0800b020       0x38 C:\Users\pc\AppData\Local\Temp\cc0WCHvR.ltrans4.ltrans.o
                0x0800b020                Vector5C
 *fill*         0x0800b058        0x8 
 .text.Vector60
                0x0800b060       0x38 C:\Users\pc\AppData\Local\Temp\cc0WCHvR.ltrans4.ltrans.o
                0x0800b060                Vector60
 *fill*         0x0800b098        0x8 
 .text.Vector64
                0x0800b0a0       0x38 C:\Users\pc\AppData\Local\Temp\cc0WCHvR.ltrans4.ltrans.o
                0x0800b0a0                Vector64
 *fill*         0x0800b0d8        0x8 
 .text.Vector68
                0x0800b0e0       0x38 C:\Users\pc\AppData\Local\Temp\cc0WCHvR.ltrans4.ltrans.o
                0x0800b0e0                Vector68
 *fill*         0x0800b118        0x8 
 .text.Vector9C
                0x0800b120       0xe0 C:\Users\pc\AppData\Local\Temp\cc0WCHvR.ltrans4.ltrans.o
                0x0800b120                Vector9C
 .text.VectorE0
                0x0800b200      0x100 C:\Users\pc\AppData\Local\Temp\cc0WCHvR.ltrans4.ltrans.o
                0x0800b200                VectorE0
 .text.Vector44
                0x0800b300       0x3c C:\Users\pc\AppData\Local\Temp\cc0WCHvR.ltrans4.ltrans.o
                0x0800b300                Vector44
 *fill*         0x0800b33c        0x4 
 .text.VectorE4
                0x0800b340       0x3c C:\Users\pc\AppData\Local\Temp\cc0WCHvR.ltrans4.ltrans.o
                0x0800b340                VectorE4
 *fill*         0x0800b37c        0x4 
 .text.VectorE8
                0x0800b380       0x3c C:\Users\pc\AppData\Local\Temp\cc0WCHvR.ltrans4.ltrans.o
                0x0800b380                VectorE8
 *fill*         0x0800b3bc        0x4 
 .text.Vector138
                0x0800b3c0       0x3c C:\Users\pc\AppData\Local\Temp\cc0WCHvR.ltrans4.ltrans.o
                0x0800b3c0                Vector138
 *fill*         0x0800b3fc        0x4 
 .text.Vector170
                0x0800b400       0x3c C:\Users\pc\AppData\Local\Temp\cc0WCHvR.ltrans4.ltrans.o
                0x0800b400                Vector170
 *fill*         0x0800b43c        0x4 
 .text.Vector4C
                0x0800b440       0x3c C:\Users\pc\AppData\Local\Temp\cc0WCHvR.ltrans4.ltrans.o
                0x0800b440                Vector4C
 *fill*         0x0800b47c        0x4 
 .text.ext_lld_exti_irq_enable
                0x0800b480       0x78 C:\Users\pc\AppData\Local\Temp\cc0WCHvR.ltrans4.ltrans.o
                0x0800b480                ext_lld_exti_irq_enable
 *fill*         0x0800b4f8        0x8 
 .text.hal_lld_backup_domain_init.93148.4422
                0x0800b500       0xf4 C:\Users\pc\AppData\Local\Temp\cc0WCHvR.ltrans4.ltrans.o
 *fill*         0x0800b5f4        0xc 
 .text.hal_lld_init
                0x0800b600      0x110 C:\Users\pc\AppData\Local\Temp\cc0WCHvR.ltrans4.ltrans.o
                0x0800b600                hal_lld_init
 .text.stm32_clock_init
                0x0800b710      0x1d0 C:\Users\pc\AppData\Local\Temp\cc0WCHvR.ltrans4.ltrans.o
                0x0800b710                stm32_clock_init
 .text.Vector6C
                0x0800b8e0       0x5c C:\Users\pc\AppData\Local\Temp\cc0WCHvR.ltrans4.ltrans.o
                0x0800b8e0                Vector6C
 *fill*         0x0800b93c        0x4 
 .text.Vector70
                0x0800b940       0x60 C:\Users\pc\AppData\Local\Temp\cc0WCHvR.ltrans4.ltrans.o
                0x0800b940                Vector70
 .text.Vector74
                0x0800b9a0       0x60 C:\Users\pc\AppData\Local\Temp\cc0WCHvR.ltrans4.ltrans.o
                0x0800b9a0                Vector74
 .text.Vector78
                0x0800ba00       0x60 C:\Users\pc\AppData\Local\Temp\cc0WCHvR.ltrans4.ltrans.o
                0x0800ba00                Vector78
 .text.Vector7C
                0x0800ba60       0x5c C:\Users\pc\AppData\Local\Temp\cc0WCHvR.ltrans4.ltrans.o
                0x0800ba60                Vector7C
 *fill*         0x0800babc        0x4 
 .text.Vector80
                0x0800bac0       0x60 C:\Users\pc\AppData\Local\Temp\cc0WCHvR.ltrans4.ltrans.o
                0x0800bac0                Vector80
 .text.Vector84
                0x0800bb20       0x60 C:\Users\pc\AppData\Local\Temp\cc0WCHvR.ltrans4.ltrans.o
                0x0800bb20                Vector84
 .text.VectorFC
                0x0800bb80       0x60 C:\Users\pc\AppData\Local\Temp\cc0WCHvR.ltrans4.ltrans.o
                0x0800bb80                VectorFC
 .text.Vector120
                0x0800bbe0       0x5c C:\Users\pc\AppData\Local\Temp\cc0WCHvR.ltrans4.ltrans.o
                0x0800bbe0                Vector120
 *fill*         0x0800bc3c        0x4 
 .text.Vector124
                0x0800bc40       0x60 C:\Users\pc\AppData\Local\Temp\cc0WCHvR.ltrans4.ltrans.o
                0x0800bc40                Vector124
 .text.Vector128
                0x0800bca0       0x60 C:\Users\pc\AppData\Local\Temp\cc0WCHvR.ltrans4.ltrans.o
                0x0800bca0                Vector128
 .text.Vector12C
                0x0800bd00       0x60 C:\Users\pc\AppData\Local\Temp\cc0WCHvR.ltrans4.ltrans.o
                0x0800bd00                Vector12C
 .text.Vector130
                0x0800bd60       0x5c C:\Users\pc\AppData\Local\Temp\cc0WCHvR.ltrans4.ltrans.o
                0x0800bd60                Vector130
 *fill*         0x0800bdbc        0x4 
 .text.Vector150
                0x0800bdc0       0x60 C:\Users\pc\AppData\Local\Temp\cc0WCHvR.ltrans4.ltrans.o
                0x0800bdc0                Vector150
 .text.Vector154
                0x0800be20       0x60 C:\Users\pc\AppData\Local\Temp\cc0WCHvR.ltrans4.ltrans.o
                0x0800be20                Vector154
 .text.Vector158
                0x0800be80       0x60 C:\Users\pc\AppData\Local\Temp\cc0WCHvR.ltrans4.ltrans.o
                0x0800be80                Vector158
 .text.dmaInit.4383
                0x0800bee0       0x90 C:\Users\pc\AppData\Local\Temp\cc0WCHvR.ltrans4.ltrans.o
 .text.dmaStreamAllocate
                0x0800bf70      0x148 C:\Users\pc\AppData\Local\Temp\cc0WCHvR.ltrans4.ltrans.o
                0x0800bf70                dmaStreamAllocate
 *fill*         0x0800c0b8        0x8 
 .text.dmaStreamRelease
                0x0800c0c0       0xd4 C:\Users\pc\AppData\Local\Temp\cc0WCHvR.ltrans4.ltrans.o
                0x0800c0c0                dmaStreamRelease
 *fill*         0x0800c194        0xc 
 .text.usart_init.93447.4348
                0x0800c1a0       0xa4 C:\Users\pc\AppData\Local\Temp\cc0WCHvR.ltrans4.ltrans.o
 *fill*         0x0800c244        0xc 
 .text.set_error.93510.4341
                0x0800c250       0x6c C:\Users\pc\AppData\Local\Temp\cc0WCHvR.ltrans4.ltrans.o
 *fill*         0x0800c2bc        0x4 
 .text.serve_interrupt.93514.4338
                0x0800c2c0      0x170 C:\Users\pc\AppData\Local\Temp\cc0WCHvR.ltrans4.ltrans.o
 .text.notify1.93347.4323
                0x0800c430       0x30 C:\Users\pc\AppData\Local\Temp\cc0WCHvR.ltrans4.ltrans.o
 .text.notify2.93441.4326
                0x0800c460       0x30 C:\Users\pc\AppData\Local\Temp\cc0WCHvR.ltrans4.ltrans.o
 .text.notify3.93444.4329
                0x0800c490       0x30 C:\Users\pc\AppData\Local\Temp\cc0WCHvR.ltrans4.ltrans.o
 .text.VectorD4
                0x0800c4c0       0x20 C:\Users\pc\AppData\Local\Temp\cc0WCHvR.ltrans4.ltrans.o
                0x0800c4c0                VectorD4
 .text.VectorD8
                0x0800c4e0       0x20 C:\Users\pc\AppData\Local\Temp\cc0WCHvR.ltrans4.ltrans.o
                0x0800c4e0                VectorD8
 .text.VectorDC
                0x0800c500       0x20 C:\Users\pc\AppData\Local\Temp\cc0WCHvR.ltrans4.ltrans.o
                0x0800c500                VectorDC
 .text.sd_lld_init
                0x0800c520       0x80 C:\Users\pc\AppData\Local\Temp\cc0WCHvR.ltrans4.ltrans.o
                0x0800c520                sd_lld_init
 .text.sd_lld_start
                0x0800c5a0       0xbc C:\Users\pc\AppData\Local\Temp\cc0WCHvR.ltrans4.ltrans.o
                0x0800c5a0                sd_lld_start
 *fill*         0x0800c65c        0x4 
 .text.gpt_lld_serve_interrupt.93639.4162
                0x0800c660       0x34 C:\Users\pc\AppData\Local\Temp\cc0WCHvR.ltrans4.ltrans.o
 *fill*         0x0800c694        0xc 
 .text.Vector108
                0x0800c6a0       0x20 C:\Users\pc\AppData\Local\Temp\cc0WCHvR.ltrans4.ltrans.o
                0x0800c6a0                Vector108
 .text.gpt_lld_init
                0x0800c6c0       0x24 C:\Users\pc\AppData\Local\Temp\cc0WCHvR.ltrans4.ltrans.o
                0x0800c6c0                gpt_lld_init
 *fill*         0x0800c6e4        0xc 
 .text.gpt_lld_start
                0x0800c6f0       0xd8 C:\Users\pc\AppData\Local\Temp\cc0WCHvR.ltrans4.ltrans.o
                0x0800c6f0                gpt_lld_start
 *fill*         0x0800c7c8        0x8 
 .text.gpt_lld_start_timer
                0x0800c7d0       0x50 C:\Users\pc\AppData\Local\Temp\cc0WCHvR.ltrans4.ltrans.o
                0x0800c7d0                gpt_lld_start_timer
 .text.gpt_lld_stop_timer
                0x0800c820       0x34 C:\Users\pc\AppData\Local\Temp\cc0WCHvR.ltrans4.ltrans.o
                0x0800c820                gpt_lld_stop_timer
 *fill*         0x0800c854        0xc 
 .text.icu_lld_serve_interrupt.93692.4120
                0x0800c860       0xe4 C:\Users\pc\AppData\Local\Temp\cc0WCHvR.ltrans4.ltrans.o
 *fill*         0x0800c944        0xc 
 .text.VectorA4
                0x0800c950       0x20 C:\Users\pc\AppData\Local\Temp\cc0WCHvR.ltrans4.ltrans.o
                0x0800c950                VectorA4
 .text.VectorAC
                0x0800c970       0x20 C:\Users\pc\AppData\Local\Temp\cc0WCHvR.ltrans4.ltrans.o
                0x0800c970                VectorAC
 .text.VectorB0
                0x0800c990       0x20 C:\Users\pc\AppData\Local\Temp\cc0WCHvR.ltrans4.ltrans.o
                0x0800c990                VectorB0
 .text.VectorB4
                0x0800c9b0       0x20 C:\Users\pc\AppData\Local\Temp\cc0WCHvR.ltrans4.ltrans.o
                0x0800c9b0                VectorB4
 .text.VectorA0
                0x0800c9d0       0x20 C:\Users\pc\AppData\Local\Temp\cc0WCHvR.ltrans4.ltrans.o
                0x0800c9d0                VectorA0
 .text.icu_lld_init
                0x0800c9f0       0x78 C:\Users\pc\AppData\Local\Temp\cc0WCHvR.ltrans4.ltrans.o
                0x0800c9f0                icu_lld_init
 *fill*         0x0800ca68        0x8 
 .text.icu_lld_start
                0x0800ca70      0x2dc C:\Users\pc\AppData\Local\Temp\cc0WCHvR.ltrans4.ltrans.o
                0x0800ca70                icu_lld_start
 *fill*         0x0800cd4c        0x4 
 .text.icu_lld_stop
                0x0800cd50       0xe4 C:\Users\pc\AppData\Local\Temp\cc0WCHvR.ltrans4.ltrans.o
                0x0800cd50                icu_lld_stop
 *fill*         0x0800ce34        0xc 
 .text.icu_lld_enable
                0x0800ce40       0xc0 C:\Users\pc\AppData\Local\Temp\cc0WCHvR.ltrans4.ltrans.o
                0x0800ce40                icu_lld_enable
 .text.icu_lld_disable
                0x0800cf00       0x34 C:\Users\pc\AppData\Local\Temp\cc0WCHvR.ltrans4.ltrans.o
                0x0800cf00                icu_lld_disable
 *fill*         0x0800cf34        0xc 
 .text.pwm_lld_serve_interrupt.93816
                0x0800cf40       0x98 C:\Users\pc\AppData\Local\Temp\cc0WCHvR.ltrans4.ltrans.o
                0x0800cf40                pwm_lld_serve_interrupt.93816
 *fill*         0x0800cfd8        0x8 
 .text.sduInterruptTransmitted
                0x0800cfe0       0x18 C:\Users\pc\AppData\Local\Temp\cc0WCHvR.ltrans5.ltrans.o
                0x0800cfe0                sduInterruptTransmitted
 *fill*         0x0800cff8        0x8 
 .text.spiInit  0x0800d000        0xc C:\Users\pc\AppData\Local\Temp\cc0WCHvR.ltrans5.ltrans.o
                0x0800d000                spiInit
 *fill*         0x0800d00c        0x4 
 .text.spiObjectInit
                0x0800d010       0x2c C:\Users\pc\AppData\Local\Temp\cc0WCHvR.ltrans5.ltrans.o
                0x0800d010                spiObjectInit
 *fill*         0x0800d03c        0x4 
 .text.spiStart
                0x0800d040       0x74 C:\Users\pc\AppData\Local\Temp\cc0WCHvR.ltrans5.ltrans.o
                0x0800d040                spiStart
 *fill*         0x0800d0b4        0xc 
 .text.spiStop  0x0800d0c0       0x6c C:\Users\pc\AppData\Local\Temp\cc0WCHvR.ltrans5.ltrans.o
                0x0800d0c0                spiStop
 *fill*         0x0800d12c        0x4 
 .text.spiSelect
                0x0800d130       0x58 C:\Users\pc\AppData\Local\Temp\cc0WCHvR.ltrans5.ltrans.o
                0x0800d130                spiSelect
 *fill*         0x0800d188        0x8 
 .text.spiUnselect
                0x0800d190       0x58 C:\Users\pc\AppData\Local\Temp\cc0WCHvR.ltrans5.ltrans.o
                0x0800d190                spiUnselect
 *fill*         0x0800d1e8        0x8 
 .text.spiIgnore
                0x0800d1f0       0xa8 C:\Users\pc\AppData\Local\Temp\cc0WCHvR.ltrans5.ltrans.o
                0x0800d1f0                spiIgnore
 *fill*         0x0800d298        0x8 
 .text.spiExchange
                0x0800d2a0       0xbc C:\Users\pc\AppData\Local\Temp\cc0WCHvR.ltrans5.ltrans.o
                0x0800d2a0                spiExchange
 *fill*         0x0800d35c        0x4 
 .text.spiSend  0x0800d360       0xb4 C:\Users\pc\AppData\Local\Temp\cc0WCHvR.ltrans5.ltrans.o
                0x0800d360                spiSend
 *fill*         0x0800d414        0xc 
 .text.spiReceive
                0x0800d420       0xb4 C:\Users\pc\AppData\Local\Temp\cc0WCHvR.ltrans5.ltrans.o
                0x0800d420                spiReceive
 *fill*         0x0800d4d4        0xc 
 .text.set_address.92414.4462
                0x0800d4e0       0x3c C:\Users\pc\AppData\Local\Temp\cc0WCHvR.ltrans5.ltrans.o
 *fill*         0x0800d51c        0x4 
 .text.default_handler.92693.4459
                0x0800d520      0x3bc C:\Users\pc\AppData\Local\Temp\cc0WCHvR.ltrans5.ltrans.o
 *fill*         0x0800d8dc        0x4 
 .text.usbInit  0x0800d8e0        0xc C:\Users\pc\AppData\Local\Temp\cc0WCHvR.ltrans5.ltrans.o
                0x0800d8e0                usbInit
 *fill*         0x0800d8ec        0x4 
 .text.usbObjectInit
                0x0800d8f0       0x58 C:\Users\pc\AppData\Local\Temp\cc0WCHvR.ltrans5.ltrans.o
                0x0800d8f0                usbObjectInit
 *fill*         0x0800d948        0x8 
 .text.usbStart
                0x0800d950       0x98 C:\Users\pc\AppData\Local\Temp\cc0WCHvR.ltrans5.ltrans.o
                0x0800d950                usbStart
 *fill*         0x0800d9e8        0x8 
 .text.usbInitEndpointI
                0x0800d9f0       0xb0 C:\Users\pc\AppData\Local\Temp\cc0WCHvR.ltrans5.ltrans.o
                0x0800d9f0                usbInitEndpointI
 .text.usbPrepareReceive.4433
                0x0800daa0       0x48 C:\Users\pc\AppData\Local\Temp\cc0WCHvR.ltrans5.ltrans.o
 *fill*         0x0800dae8        0x8 
 .text.usbPrepareTransmit.4427
                0x0800daf0       0x48 C:\Users\pc\AppData\Local\Temp\cc0WCHvR.ltrans5.ltrans.o
 *fill*         0x0800db38        0x8 
 .text.usbPrepareQueuedReceive
                0x0800db40       0x48 C:\Users\pc\AppData\Local\Temp\cc0WCHvR.ltrans5.ltrans.o
                0x0800db40                usbPrepareQueuedReceive
 *fill*         0x0800db88        0x8 
 .text.usbPrepareQueuedTransmit
                0x0800db90       0x48 C:\Users\pc\AppData\Local\Temp\cc0WCHvR.ltrans5.ltrans.o
                0x0800db90                usbPrepareQueuedTransmit
 *fill*         0x0800dbd8        0x8 
 .text.usbStartReceiveI
                0x0800dbe0       0x74 C:\Users\pc\AppData\Local\Temp\cc0WCHvR.ltrans5.ltrans.o
                0x0800dbe0                usbStartReceiveI
 *fill*         0x0800dc54        0xc 
 .text.usbStartTransmitI
                0x0800dc60       0x74 C:\Users\pc\AppData\Local\Temp\cc0WCHvR.ltrans5.ltrans.o
                0x0800dc60                usbStartTransmitI
 *fill*         0x0800dcd4        0xc 
 .text._usb_reset
                0x0800dce0       0x68 C:\Users\pc\AppData\Local\Temp\cc0WCHvR.ltrans5.ltrans.o
                0x0800dce0                _usb_reset
 *fill*         0x0800dd48        0x8 
 .text._usb_ep0setup
                0x0800dd50      0x1ac C:\Users\pc\AppData\Local\Temp\cc0WCHvR.ltrans5.ltrans.o
                0x0800dd50                _usb_ep0setup
 *fill*         0x0800defc        0x4 
 .text._usb_ep0in
                0x0800df00      0x108 C:\Users\pc\AppData\Local\Temp\cc0WCHvR.ltrans5.ltrans.o
                0x0800df00                _usb_ep0in
 *fill*         0x0800e008        0x8 
 .text._usb_ep0out
                0x0800e010       0xa8 C:\Users\pc\AppData\Local\Temp\cc0WCHvR.ltrans5.ltrans.o
                0x0800e010                _usb_ep0out
 *fill*         0x0800e0b8        0x8 
 .text.adc_lld_serve_rx_interrupt.92996.4182
                0x0800e0c0      0x1c8 C:\Users\pc\AppData\Local\Temp\cc0WCHvR.ltrans5.ltrans.o
 *fill*         0x0800e288        0x8 
 .text.Vector88
                0x0800e290      0x1f8 C:\Users\pc\AppData\Local\Temp\cc0WCHvR.ltrans5.ltrans.o
                0x0800e290                Vector88
 *fill*         0x0800e488        0x8 
 .text.adc_lld_init
                0x0800e490       0x90 C:\Users\pc\AppData\Local\Temp\cc0WCHvR.ltrans5.ltrans.o
                0x0800e490                adc_lld_init
 .text.adc_lld_start
                0x0800e520      0x110 C:\Users\pc\AppData\Local\Temp\cc0WCHvR.ltrans5.ltrans.o
                0x0800e520                adc_lld_start
 .text.send_command_R3.91143.4853
                0x0800e630       0x4c C:\Users\pc\AppData\Local\Temp\cc0WCHvR.ltrans6.ltrans.o
 *fill*         0x0800e67c        0x4 
 .text.read_CxD.91149.4848
                0x0800e680       0xf8 C:\Users\pc\AppData\Local\Temp\cc0WCHvR.ltrans6.ltrans.o
 *fill*         0x0800e778        0x8 
 .text.sync.91157.4845
                0x0800e780       0x48 C:\Users\pc\AppData\Local\Temp\cc0WCHvR.ltrans6.ltrans.o
 *fill*         0x0800e7c8        0x8 
 .text.mmcInit  0x0800e7d0        0xc C:\Users\pc\AppData\Local\Temp\cc0WCHvR.ltrans6.ltrans.o
                0x0800e7d0                mmcInit
 *fill*         0x0800e7dc        0x4 
 .text.mmcObjectInit
                0x0800e7e0       0x34 C:\Users\pc\AppData\Local\Temp\cc0WCHvR.ltrans6.ltrans.o
                0x0800e7e0                mmcObjectInit
 *fill*         0x0800e814        0xc 
 .text.mmcStart
                0x0800e820       0x5c C:\Users\pc\AppData\Local\Temp\cc0WCHvR.ltrans6.ltrans.o
                0x0800e820                mmcStart
 *fill*         0x0800e87c        0x4 
 .text.mmcStop  0x0800e880       0x5c C:\Users\pc\AppData\Local\Temp\cc0WCHvR.ltrans6.ltrans.o
                0x0800e880                mmcStop
 *fill*         0x0800e8dc        0x4 
 .text.mmcConnect
                0x0800e8e0      0x1d4 C:\Users\pc\AppData\Local\Temp\cc0WCHvR.ltrans6.ltrans.o
                0x0800e8e0                mmcConnect
 *fill*         0x0800eab4        0xc 
 .text.mmcDisconnect
                0x0800eac0       0xa8 C:\Users\pc\AppData\Local\Temp\cc0WCHvR.ltrans6.ltrans.o
                0x0800eac0                mmcDisconnect
 *fill*         0x0800eb68        0x8 
 .text.mmcStartSequentialRead
                0x0800eb70       0xb4 C:\Users\pc\AppData\Local\Temp\cc0WCHvR.ltrans6.ltrans.o
                0x0800eb70                mmcStartSequentialRead
 *fill*         0x0800ec24        0xc 
 .text.mmcSequentialRead
                0x0800ec30       0xb4 C:\Users\pc\AppData\Local\Temp\cc0WCHvR.ltrans6.ltrans.o
                0x0800ec30                mmcSequentialRead
 *fill*         0x0800ece4        0xc 
 .text.mmcStopSequentialRead
                0x0800ecf0       0x6c C:\Users\pc\AppData\Local\Temp\cc0WCHvR.ltrans6.ltrans.o
                0x0800ecf0                mmcStopSequentialRead
 *fill*         0x0800ed5c        0x4 
 .text.mmcStartSequentialWrite
                0x0800ed60       0xb4 C:\Users\pc\AppData\Local\Temp\cc0WCHvR.ltrans6.ltrans.o
                0x0800ed60                mmcStartSequentialWrite
 *fill*         0x0800ee14        0xc 
 .text.mmcSequentialWrite
                0x0800ee20       0xc0 C:\Users\pc\AppData\Local\Temp\cc0WCHvR.ltrans6.ltrans.o
                0x0800ee20                mmcSequentialWrite
 .text.mmcStopSequentialWrite
                0x0800eee0       0x64 C:\Users\pc\AppData\Local\Temp\cc0WCHvR.ltrans6.ltrans.o
                0x0800eee0                mmcStopSequentialWrite
 *fill*         0x0800ef44        0xc 
 .text.mmcSync  0x0800ef50       0x64 C:\Users\pc\AppData\Local\Temp\cc0WCHvR.ltrans6.ltrans.o
                0x0800ef50                mmcSync
 *fill*         0x0800efb4        0xc 
 .text.mmcGetInfo
                0x0800efc0       0x54 C:\Users\pc\AppData\Local\Temp\cc0WCHvR.ltrans6.ltrans.o
                0x0800efc0                mmcGetInfo
 *fill*         0x0800f014        0xc 
 .text.mmcsd_get_slice.91259.4703
                0x0800f020       0xa8 C:\Users\pc\AppData\Local\Temp\cc0WCHvR.ltrans6.ltrans.o
 *fill*         0x0800f0c8        0x8 
 .text.mmcsdGetCapacity.4699
                0x0800f0d0       0x70 C:\Users\pc\AppData\Local\Temp\cc0WCHvR.ltrans6.ltrans.o
 .text.pwmInit  0x0800f140        0xc C:\Users\pc\AppData\Local\Temp\cc0WCHvR.ltrans6.ltrans.o
                0x0800f140                pwmInit
 *fill*         0x0800f14c        0x4 
 .text.pwmObjectInit
                0x0800f150       0x20 C:\Users\pc\AppData\Local\Temp\cc0WCHvR.ltrans6.ltrans.o
                0x0800f150                pwmObjectInit
 .text.pwmStart
                0x0800f170       0x7c C:\Users\pc\AppData\Local\Temp\cc0WCHvR.ltrans6.ltrans.o
                0x0800f170                pwmStart
 *fill*         0x0800f1ec        0x4 
 .text.rtcInit  0x0800f1f0        0xc C:\Users\pc\AppData\Local\Temp\cc0WCHvR.ltrans6.ltrans.o
                0x0800f1f0                rtcInit
 *fill*         0x0800f1fc        0x4 
 .text.rtcSetTime
                0x0800f200       0x50 C:\Users\pc\AppData\Local\Temp\cc0WCHvR.ltrans6.ltrans.o
                0x0800f200                rtcSetTime
 .text.rtcGetTime
                0x0800f250       0x50 C:\Users\pc\AppData\Local\Temp\cc0WCHvR.ltrans6.ltrans.o
                0x0800f250                rtcGetTime
 .text.rtcGetTimeFat
                0x0800f2a0       0x34 C:\Users\pc\AppData\Local\Temp\cc0WCHvR.ltrans6.ltrans.o
                0x0800f2a0                rtcGetTimeFat
 *fill*         0x0800f2d4        0xc 
 .text.write.91501
                0x0800f2e0       0x28 C:\Users\pc\AppData\Local\Temp\cc0WCHvR.ltrans6.ltrans.o
                0x0800f2e0                write.91501
 *fill*         0x0800f308        0x8 
 .text.read.91517
                0x0800f310       0x28 C:\Users\pc\AppData\Local\Temp\cc0WCHvR.ltrans6.ltrans.o
                0x0800f310                read.91517
 *fill*         0x0800f338        0x8 
 .text.put.91528
                0x0800f340       0x2c C:\Users\pc\AppData\Local\Temp\cc0WCHvR.ltrans6.ltrans.o
                0x0800f340                put.91528
 *fill*         0x0800f36c        0x4 
 .text.get.91539
                0x0800f370       0x20 C:\Users\pc\AppData\Local\Temp\cc0WCHvR.ltrans6.ltrans.o
                0x0800f370                get.91539
 .text.putt.91534
                0x0800f390       0x2c C:\Users\pc\AppData\Local\Temp\cc0WCHvR.ltrans6.ltrans.o
                0x0800f390                putt.91534
 *fill*         0x0800f3bc        0x4 
 .text.gett.91542
                0x0800f3c0       0x20 C:\Users\pc\AppData\Local\Temp\cc0WCHvR.ltrans6.ltrans.o
                0x0800f3c0                gett.91542
 .text.writet.91509
                0x0800f3e0       0x28 C:\Users\pc\AppData\Local\Temp\cc0WCHvR.ltrans6.ltrans.o
                0x0800f3e0                writet.91509
 *fill*         0x0800f408        0x8 
 .text.readt.91522
                0x0800f410       0x28 C:\Users\pc\AppData\Local\Temp\cc0WCHvR.ltrans6.ltrans.o
                0x0800f410                readt.91522
 *fill*         0x0800f438        0x8 
 .text.sdInit   0x0800f440        0xc C:\Users\pc\AppData\Local\Temp\cc0WCHvR.ltrans6.ltrans.o
                0x0800f440                sdInit
 *fill*         0x0800f44c        0x4 
 .text.sdObjectInit
                0x0800f450       0x60 C:\Users\pc\AppData\Local\Temp\cc0WCHvR.ltrans6.ltrans.o
                0x0800f450                sdObjectInit
 .text.sdStart  0x0800f4b0       0x6c C:\Users\pc\AppData\Local\Temp\cc0WCHvR.ltrans6.ltrans.o
                0x0800f4b0                sdStart
 *fill*         0x0800f51c        0x4 
 .text.sdIncomingDataI
                0x0800f520       0x68 C:\Users\pc\AppData\Local\Temp\cc0WCHvR.ltrans6.ltrans.o
                0x0800f520                sdIncomingDataI
 *fill*         0x0800f588        0x8 
 .text.write.91737
                0x0800f590       0x28 C:\Users\pc\AppData\Local\Temp\cc0WCHvR.ltrans6.ltrans.o
                0x0800f590                write.91737
 *fill*         0x0800f5b8        0x8 
 .text.read.91753
                0x0800f5c0       0x28 C:\Users\pc\AppData\Local\Temp\cc0WCHvR.ltrans6.ltrans.o
                0x0800f5c0                read.91753
 *fill*         0x0800f5e8        0x8 
 .text.put.91764
                0x0800f5f0       0x2c C:\Users\pc\AppData\Local\Temp\cc0WCHvR.ltrans6.ltrans.o
                0x0800f5f0                put.91764
 *fill*         0x0800f61c        0x4 
 .text.get.91775
                0x0800f620       0x20 C:\Users\pc\AppData\Local\Temp\cc0WCHvR.ltrans6.ltrans.o
                0x0800f620                get.91775
 .text.putt.91770
                0x0800f640       0x2c C:\Users\pc\AppData\Local\Temp\cc0WCHvR.ltrans6.ltrans.o
                0x0800f640                putt.91770
 *fill*         0x0800f66c        0x4 
 .text.gett.91778
                0x0800f670       0x20 C:\Users\pc\AppData\Local\Temp\cc0WCHvR.ltrans6.ltrans.o
                0x0800f670                gett.91778
 .text.writet.91745
                0x0800f690       0x28 C:\Users\pc\AppData\Local\Temp\cc0WCHvR.ltrans6.ltrans.o
                0x0800f690                writet.91745
 *fill*         0x0800f6b8        0x8 
 .text.readt.91758
                0x0800f6c0       0x28 C:\Users\pc\AppData\Local\Temp\cc0WCHvR.ltrans6.ltrans.o
                0x0800f6c0                readt.91758
 *fill*         0x0800f6e8        0x8 
 .text.inotify.91782.4353
                0x0800f6f0       0xe0 C:\Users\pc\AppData\Local\Temp\cc0WCHvR.ltrans6.ltrans.o
 .text.onotify.91869.4356
                0x0800f7d0       0xb4 C:\Users\pc\AppData\Local\Temp\cc0WCHvR.ltrans6.ltrans.o
 *fill*         0x0800f884        0xc 
 .text.sduInit  0x0800f890        0xc C:\Users\pc\AppData\Local\Temp\cc0WCHvR.ltrans6.ltrans.o
                0x0800f890                sduInit
 *fill*         0x0800f89c        0x4 
 .text.sduObjectInit
                0x0800f8a0       0x70 C:\Users\pc\AppData\Local\Temp\cc0WCHvR.ltrans6.ltrans.o
                0x0800f8a0                sduObjectInit
 .text.sduStart
                0x0800f910       0xa4 C:\Users\pc\AppData\Local\Temp\cc0WCHvR.ltrans6.ltrans.o
                0x0800f910                sduStart
 *fill*         0x0800f9b4        0xc 
 .text.sduConfigureHookI
                0x0800f9c0       0x70 C:\Users\pc\AppData\Local\Temp\cc0WCHvR.ltrans6.ltrans.o
                0x0800f9c0                sduConfigureHookI
 .text.sduRequestsHook
                0x0800fa30       0x8c C:\Users\pc\AppData\Local\Temp\cc0WCHvR.ltrans6.ltrans.o
                0x0800fa30                sduRequestsHook
 *fill*         0x0800fabc        0x4 
 .text.sduDataTransmitted
                0x0800fac0      0x100 C:\Users\pc\AppData\Local\Temp\cc0WCHvR.ltrans6.ltrans.o
                0x0800fac0                sduDataTransmitted
 .text.sduDataReceived
                0x0800fbc0       0xb4 C:\Users\pc\AppData\Local\Temp\cc0WCHvR.ltrans6.ltrans.o
                0x0800fbc0                sduDataReceived
 *fill*         0x0800fc74        0xc 
 .text.chSemWaitTimeoutS
                0x0800fc80       0xbc C:\Users\pc\AppData\Local\Temp\cc0WCHvR.ltrans7.ltrans.o
                0x0800fc80                chSemWaitTimeoutS
 *fill*         0x0800fd3c        0x4 
 .text.chSemSignalI
                0x0800fd40       0x88 C:\Users\pc\AppData\Local\Temp\cc0WCHvR.ltrans7.ltrans.o
                0x0800fd40                chSemSignalI
 *fill*         0x0800fdc8        0x8 
 .text._idle_thread.4828
                0x0800fdd0       0x20 C:\Users\pc\AppData\Local\Temp\cc0WCHvR.ltrans7.ltrans.o
 .text.chSysInit
                0x0800fdf0       0xa0 C:\Users\pc\AppData\Local\Temp\cc0WCHvR.ltrans7.ltrans.o
                0x0800fdf0                chSysInit
 .text.chSysTimerHandlerI
                0x0800fe90       0xe0 C:\Users\pc\AppData\Local\Temp\cc0WCHvR.ltrans7.ltrans.o
                0x0800fe90                chSysTimerHandlerI
 .text._thread_init.4819
                0x0800ff70       0xa8 C:\Users\pc\AppData\Local\Temp\cc0WCHvR.ltrans7.ltrans.o
 *fill*         0x08010018        0x8 
 .text._thread_memfill
                0x08010020       0x2c C:\Users\pc\AppData\Local\Temp\cc0WCHvR.ltrans7.ltrans.o
                0x08010020                _thread_memfill
 *fill*         0x0801004c        0x4 
 .text.chThdCreateI
                0x08010050       0x84 C:\Users\pc\AppData\Local\Temp\cc0WCHvR.ltrans7.ltrans.o
                0x08010050                chThdCreateI
 *fill*         0x080100d4        0xc 
 .text.chThdCreateStatic
                0x080100e0       0x6c C:\Users\pc\AppData\Local\Temp\cc0WCHvR.ltrans7.ltrans.o
                0x080100e0                chThdCreateStatic
 *fill*         0x0801014c        0x4 
 .text.chThdSleep
                0x08010150       0x48 C:\Users\pc\AppData\Local\Temp\cc0WCHvR.ltrans7.ltrans.o
                0x08010150                chThdSleep
 *fill*         0x08010198        0x8 
 .text.chThdExit
                0x080101a0       0x20 C:\Users\pc\AppData\Local\Temp\cc0WCHvR.ltrans7.ltrans.o
                0x080101a0                chThdExit
 .text.chThdExitS
                0x080101c0       0x54 C:\Users\pc\AppData\Local\Temp\cc0WCHvR.ltrans7.ltrans.o
                0x080101c0                chThdExitS
 *fill*         0x08010214        0xc 
 .text._vt_init.4770
                0x08010220       0x4c C:\Users\pc\AppData\Local\Temp\cc0WCHvR.ltrans7.ltrans.o
 *fill*         0x0801026c        0x4 
 .text.chVTSetI
                0x08010270       0xb4 C:\Users\pc\AppData\Local\Temp\cc0WCHvR.ltrans7.ltrans.o
                0x08010270                chVTSetI
 *fill*         0x08010324        0xc 
 .text.chVTResetI
                0x08010330       0x80 C:\Users\pc\AppData\Local\Temp\cc0WCHvR.ltrans7.ltrans.o
                0x08010330                chVTResetI
 .text.adcInit.4748
                0x080103b0        0xc C:\Users\pc\AppData\Local\Temp\cc0WCHvR.ltrans7.ltrans.o
 *fill*         0x080103bc        0x4 
 .text.adcObjectInit
                0x080103c0       0x3c C:\Users\pc\AppData\Local\Temp\cc0WCHvR.ltrans7.ltrans.o
                0x080103c0                adcObjectInit
 *fill*         0x080103fc        0x4 
 .text.adcStart
                0x08010400       0x70 C:\Users\pc\AppData\Local\Temp\cc0WCHvR.ltrans7.ltrans.o
                0x08010400                adcStart
 .text.adcStartConversionI
                0x08010470       0x94 C:\Users\pc\AppData\Local\Temp\cc0WCHvR.ltrans7.ltrans.o
                0x08010470                adcStartConversionI
 *fill*         0x08010504        0xc 
 .text.canInit.4645
                0x08010510        0xc C:\Users\pc\AppData\Local\Temp\cc0WCHvR.ltrans7.ltrans.o
 *fill*         0x0801051c        0x4 
 .text.canObjectInit
                0x08010520       0x64 C:\Users\pc\AppData\Local\Temp\cc0WCHvR.ltrans7.ltrans.o
                0x08010520                canObjectInit
 *fill*         0x08010584        0xc 
 .text.canStart
                0x08010590       0x90 C:\Users\pc\AppData\Local\Temp\cc0WCHvR.ltrans7.ltrans.o
                0x08010590                canStart
 .text.canTransmit
                0x08010620       0xbc C:\Users\pc\AppData\Local\Temp\cc0WCHvR.ltrans7.ltrans.o
                0x08010620                canTransmit
 *fill*         0x080106dc        0x4 
 .text.canReceive
                0x080106e0       0xbc C:\Users\pc\AppData\Local\Temp\cc0WCHvR.ltrans7.ltrans.o
                0x080106e0                canReceive
 *fill*         0x0801079c        0x4 
 .text.extInit.4506
                0x080107a0        0xc C:\Users\pc\AppData\Local\Temp\cc0WCHvR.ltrans7.ltrans.o
 *fill*         0x080107ac        0x4 
 .text.extObjectInit
                0x080107b0       0x20 C:\Users\pc\AppData\Local\Temp\cc0WCHvR.ltrans7.ltrans.o
                0x080107b0                extObjectInit
 .text.extStart
                0x080107d0       0x74 C:\Users\pc\AppData\Local\Temp\cc0WCHvR.ltrans7.ltrans.o
                0x080107d0                extStart
 *fill*         0x08010844        0xc 
 .text.gptInit.4464
                0x08010850        0xc C:\Users\pc\AppData\Local\Temp\cc0WCHvR.ltrans7.ltrans.o
 *fill*         0x0801085c        0x4 
 .text.gptObjectInit
                0x08010860       0x20 C:\Users\pc\AppData\Local\Temp\cc0WCHvR.ltrans7.ltrans.o
                0x08010860                gptObjectInit
 .text.gptStart
                0x08010880       0x74 C:\Users\pc\AppData\Local\Temp\cc0WCHvR.ltrans7.ltrans.o
                0x08010880                gptStart
 *fill*         0x080108f4        0xc 
 .text.gptStartOneShotI
                0x08010900       0x54 C:\Users\pc\AppData\Local\Temp\cc0WCHvR.ltrans7.ltrans.o
                0x08010900                gptStartOneShotI
 *fill*         0x08010954        0xc 
 .text.gptStopTimerI
                0x08010960       0x60 C:\Users\pc\AppData\Local\Temp\cc0WCHvR.ltrans7.ltrans.o
                0x08010960                gptStopTimerI
 .text.halInit  0x080109c0       0x50 C:\Users\pc\AppData\Local\Temp\cc0WCHvR.ltrans7.ltrans.o
                0x080109c0                halInit
 .text.halIsCounterWithin.4401
                0x08010a10       0x64 C:\Users\pc\AppData\Local\Temp\cc0WCHvR.ltrans7.ltrans.o
 *fill*         0x08010a74        0xc 
 .text.halPolledDelay
                0x08010a80       0x30 C:\Users\pc\AppData\Local\Temp\cc0WCHvR.ltrans7.ltrans.o
                0x08010a80                halPolledDelay
 .text.i2cInit  0x08010ab0        0xc C:\Users\pc\AppData\Local\Temp\cc0WCHvR.ltrans7.ltrans.o
                0x08010ab0                i2cInit
 *fill*         0x08010abc        0x4 
 .text.i2cObjectInit
                0x08010ac0       0x24 C:\Users\pc\AppData\Local\Temp\cc0WCHvR.ltrans7.ltrans.o
                0x08010ac0                i2cObjectInit
 *fill*         0x08010ae4        0xc 
 .text.icuInit.4307
                0x08010af0        0xc C:\Users\pc\AppData\Local\Temp\cc0WCHvR.ltrans7.ltrans.o
 *fill*         0x08010afc        0x4 
 .text.icuObjectInit
                0x08010b00       0x20 C:\Users\pc\AppData\Local\Temp\cc0WCHvR.ltrans7.ltrans.o
                0x08010b00                icuObjectInit
 .text.icuStart
                0x08010b20       0x74 C:\Users\pc\AppData\Local\Temp\cc0WCHvR.ltrans7.ltrans.o
                0x08010b20                icuStart