Archive member included because of file (symbol)

/usr/i686-pc-mingw32/sys-root/mingw/lib/libws2_32.a(dwlns00084.o)
                              build/obj/hal_lld.o (WSAStartup@8)
/usr/i686-pc-mingw32/sys-root/mingw/lib/libws2_32.a(dwlns00159.o)
                              build/obj/serial_lld.o (recv@16)
/usr/i686-pc-mingw32/sys-root/mingw/lib/libws2_32.a(dwlns00043.o)
                              build/obj/serial_lld.o (WSAGetLastError@0)
/usr/i686-pc-mingw32/sys-root/mingw/lib/libws2_32.a(dwlns00134.o)
                              build/obj/serial_lld.o (closesocket@4)
/usr/i686-pc-mingw32/sys-root/mingw/lib/libws2_32.a(dwlns00132.o)
                              build/obj/serial_lld.o (accept@12)
/usr/i686-pc-mingw32/sys-root/mingw/lib/libws2_32.a(dwlns00155.o)
                              build/obj/serial_lld.o (ioctlsocket@12)
/usr/i686-pc-mingw32/sys-root/mingw/lib/libws2_32.a(dwlns00026.o)
                              build/obj/serial_lld.o (WSACleanup@0)
/usr/i686-pc-mingw32/sys-root/mingw/lib/libws2_32.a(dwlns00162.o)
                              build/obj/serial_lld.o (send@16)
/usr/i686-pc-mingw32/sys-root/mingw/lib/libws2_32.a(dwlns00143.o)
                              build/obj/serial_lld.o (getprotobyname@4)
/usr/i686-pc-mingw32/sys-root/mingw/lib/libws2_32.a(dwlns00166.o)
                              build/obj/serial_lld.o (socket@12)
/usr/i686-pc-mingw32/sys-root/mingw/lib/libws2_32.a(dwlns00150.o)
                              build/obj/serial_lld.o (htons@4)
/usr/i686-pc-mingw32/sys-root/mingw/lib/libws2_32.a(dwlns00133.o)
                              build/obj/serial_lld.o (bind@12)
/usr/i686-pc-mingw32/sys-root/mingw/lib/libws2_32.a(dwlns00156.o)
                              build/obj/serial_lld.o (listen@8)
/usr/i686-pc-mingw32/sys-root/mingw/lib/libws2_32.a(dwlnh.o)
                              /usr/i686-pc-mingw32/sys-root/mingw/lib/libws2_32.a(dwlns00084.o) (_head_libws2_32_a)
/usr/i686-pc-mingw32/sys-root/mingw/lib/libws2_32.a(dwlnt.o)
                              /usr/i686-pc-mingw32/sys-root/mingw/lib/libws2_32.a(dwlnh.o) (_libws2_32_a_iname)
/usr/i686-pc-mingw32/sys-root/mingw/lib/libmingw32.a(tlssup.o)
                              /usr/lib/gcc/i686-pc-mingw32/4.7.3/../../../../i686-pc-mingw32/lib/crt2.o (__dyn_tls_init_callback)
/usr/i686-pc-mingw32/sys-root/mingw/lib/libmingw32.a(CRTglob.o)
                              /usr/lib/gcc/i686-pc-mingw32/4.7.3/../../../../i686-pc-mingw32/lib/crt2.o (_CRT_glob)
/usr/i686-pc-mingw32/sys-root/mingw/lib/libmingw32.a(CRTfmode.o)
                              /usr/lib/gcc/i686-pc-mingw32/4.7.3/../../../../i686-pc-mingw32/lib/crt2.o (_CRT_fmode)
/usr/i686-pc-mingw32/sys-root/mingw/lib/libmingw32.a(txtmode.o)
                              /usr/lib/gcc/i686-pc-mingw32/4.7.3/../../../../i686-pc-mingw32/lib/crt2.o (_fmode)
/usr/i686-pc-mingw32/sys-root/mingw/lib/libmingw32.a(cpu_features.o)
                              /usr/lib/gcc/i686-pc-mingw32/4.7.3/../../../../i686-pc-mingw32/lib/crt2.o (__cpu_features_init)
/usr/i686-pc-mingw32/sys-root/mingw/lib/libmingw32.a(CRT_fp10.o)
                              /usr/lib/gcc/i686-pc-mingw32/4.7.3/../../../../i686-pc-mingw32/lib/crt2.o (_fpreset)
/usr/i686-pc-mingw32/sys-root/mingw/lib/libmingw32.a(pseudo-reloc.o)
                              /usr/lib/gcc/i686-pc-mingw32/4.7.3/../../../../i686-pc-mingw32/lib/crt2.o (_pei386_runtime_relocator)
/usr/i686-pc-mingw32/sys-root/mingw/lib/libmingw32.a(gccmain.o)
                              /usr/lib/gcc/i686-pc-mingw32/4.7.3/../../../../i686-pc-mingw32/lib/crt2.o (__main)
/usr/i686-pc-mingw32/sys-root/mingw/lib/libmingw32.a(crtst.o)
                              /usr/i686-pc-mingw32/sys-root/mingw/lib/libmingw32.a(tlssup.o) (_CRT_MT)
/usr/i686-pc-mingw32/sys-root/mingw/lib/libmingw32.a(tlsthrd.o)
                              /usr/i686-pc-mingw32/sys-root/mingw/lib/libmingw32.a(tlssup.o) (__mingw_TLScallback)
/usr/i686-pc-mingw32/sys-root/mingw/lib/libmingw32.a(pseudo-reloc-list.o)
                              /usr/i686-pc-mingw32/sys-root/mingw/lib/libmingw32.a(pseudo-reloc.o) (__RUNTIME_PSEUDO_RELOC_LIST__)
/usr/lib/gcc/i686-pc-mingw32/4.7.3/libgcc.a(_chkstk_ms.o)
                              /usr/lib/gcc/i686-pc-mingw32/4.7.3/../../../../i686-pc-mingw32/lib/crt2.o (__chkstk_ms)
/usr/lib/gcc/i686-pc-mingw32/4.7.3/libgcc.a(_divdi3.o)
                              build/obj/hal_lld.o (__divdi3)
/usr/lib/gcc/i686-pc-mingw32/4.7.3/libgcc.a(_ctors.o)
                              /usr/i686-pc-mingw32/sys-root/mingw/lib/libmingw32.a(gccmain.o) (__DTOR_LIST__)
/usr/i686-pc-mingw32/sys-root/mingw/lib/libmingwex.a(glob.o)
                              /usr/lib/gcc/i686-pc-mingw32/4.7.3/../../../../i686-pc-mingw32/lib/crt2.o (__mingw_glob)
/usr/i686-pc-mingw32/sys-root/mingw/lib/libmingwex.a(round.o)
                              build/obj/nmea.o (round)
/usr/i686-pc-mingw32/sys-root/mingw/lib/libmingwex.a(logf.o)
[...]
Memory Configuration

Name             Origin             Length             Attributes
*default*        0x00000000         0xffffffff

Linker script and memory map

                0x00400000                __image_base__ = 0x400000
                0x00000000                __dll__ = 0x0
                0x00400000                ___ImageBase = 0x400000
                0x00001000                __section_alignment__ = 0x1000
                0x00000200                __file_alignment__ = 0x200
                0x00000004                __major_os_version__ = 0x4
                0x00000000                __minor_os_version__ = 0x0
                0x00000001                __major_image_version__ = 0x1
                0x00000000                __minor_image_version__ = 0x0
                0x00000004                __major_subsystem_version__ = 0x4
                0x00000000                __minor_subsystem_version__ = 0x0
                0x00000003                __subsystem__ = 0x3
                0x00200000                __size_of_stack_reserve__ = 0x200000
                0x00001000                __size_of_stack_commit__ = 0x1000
                0x00100000                __size_of_heap_reserve__ = 0x100000
                0x00001000                __size_of_heap_commit__ = 0x1000
                0x00000000                __loader_flags__ = 0x0
                0x00000000                __dll_characteristics__ = 0x0
LOAD /usr/lib/gcc/i686-pc-mingw32/4.7.3/../../../../i686-pc-mingw32/lib/crt2.o
LOAD /usr/lib/gcc/i686-pc-mingw32/4.7.3/crtbegin.o
LOAD build/obj/chcore.o
LOAD build/obj/chsys.o
LOAD build/obj/chdebug.o
LOAD build/obj/chlists.o
LOAD build/obj/chvt.o
LOAD build/obj/chschd.o
LOAD build/obj/chthreads.o
LOAD build/obj/chdynamic.o
LOAD build/obj/chregistry.o
LOAD build/obj/chsem.o
LOAD build/obj/chmtx.o
LOAD build/obj/chcond.o
LOAD build/obj/chevents.o
LOAD build/obj/chmsg.o
LOAD build/obj/chmboxes.o
LOAD build/obj/chqueues.o
LOAD build/obj/chmemcore.o
LOAD build/obj/chheap.o
LOAD build/obj/chmempools.o
LOAD build/obj/hal.o
LOAD build/obj/adc.o
LOAD build/obj/can.o
LOAD build/obj/ext.o
LOAD build/obj/gpt.o
LOAD build/obj/i2c.o
LOAD build/obj/icu.o
LOAD build/obj/mac.o
LOAD build/obj/mmc_spi.o
LOAD build/obj/mmcsd.o
LOAD build/obj/pal.o
LOAD build/obj/pwm.o
LOAD build/obj/rtc.o
LOAD build/obj/sdc.o
LOAD build/obj/serial.o
LOAD build/obj/serial_usb.o
LOAD build/obj/spi.o
LOAD build/obj/tm.o
LOAD build/obj/uart.o
LOAD build/obj/usb.o
LOAD build/obj/hal_lld.o
LOAD build/obj/pal_lld.o
LOAD build/obj/serial_lld.o
LOAD build/obj/rfiutil.o
LOAD build/obj/map_adjuster.o
LOAD build/obj/malfunction_central.o
LOAD build/obj/nmea.o
LOAD build/obj/board.o
LOAD build/obj/chprintf.o
LOAD build/obj/memstreams.o
LOAD build/obj/crc.o
LOAD build/obj/data_buffer.o
LOAD build/obj/histogram.o
LOAD build/obj/main.o
LOAD build/obj/cyclic_buffer.o
LOAD build/obj/datalogging.o
LOAD build/obj/loggingcentral.o
LOAD build/obj/listener_array.o
LOAD build/obj/cli_registry.o
LOAD build/obj/efilib.o
LOAD build/obj/efilib2.o
LOAD build/obj/LocalVersionHolder.o
LOAD build/obj/advance_map.o
LOAD build/obj/idle_controller.o
LOAD build/obj/auto_generated_enums.o
LOAD build/obj/fuel_math.o
LOAD build/obj/accel_enrichment.o
LOAD build/obj/engine_configuration.o
LOAD build/obj/engine.o
LOAD build/obj/lcd_menu_tree.o
LOAD build/obj/event_registry.o
LOAD build/obj/algo.o
LOAD build/obj/signal_executor.o
LOAD build/obj/settings.o
LOAD build/obj/engine_controller.o
LOAD build/obj/sensor_chart.o
LOAD build/obj/trigger_emulator_algo.o
LOAD build/obj/rpm_calculator.o
LOAD build/obj/trigger_central.o
LOAD build/obj/main_trigger_callback.o
LOAD build/obj/trigger_bmw.o
LOAD build/obj/trigger_mazda.o
LOAD build/obj/trigger_chrysler.o
LOAD build/obj/trigger_structure.o
LOAD build/obj/trigger_decoder.o
LOAD build/obj/trigger_mitsubishi.o
LOAD build/obj/trigger_gm.o
LOAD build/obj/pwm_generator_logic.o
LOAD build/obj/signal_executor_sleep.o
LOAD build/obj/event_queue.o
LOAD build/obj/efiGpio.o
LOAD build/obj/SingleTimerExecutor.o
LOAD build/obj/tunerstudio_io.o
LOAD build/obj/tunerstudio.o
LOAD build/obj/status_loop.o
LOAD build/obj/console_io.o
LOAD build/obj/eficonsole.o
LOAD build/obj/thermistors.o
LOAD build/obj/allsensors.o
LOAD build/obj/map.o
LOAD build/obj/voltage.o
LOAD build/obj/maf.o
LOAD build/obj/tps.o
LOAD build/obj/ego.o
LOAD build/obj/hip9011_lookup.o
LOAD build/obj/EfiWave.o
LOAD build/obj/avg_values.o
LOAD build/obj/table_helper.o
LOAD build/obj/fsio_core.o
LOAD build/obj/interpolation.o
LOAD build/obj/fsio_impl.o
LOAD build/obj/engine_math.o
LOAD build/obj/pid.o
LOAD build/obj/speed_density.o
LOAD build/obj/wave_chart.o
LOAD build/obj/ford_aspire.o
LOAD build/obj/custom_engine.o
LOAD build/obj/MiniCooperR50.o
LOAD build/obj/acura_rsx.o
LOAD build/obj/audi_aan.o
LOAD build/obj/bmw_e34.o
LOAD build/obj/mazda_miata.o
LOAD build/obj/citroenBerlingoTU3JP.o
LOAD build/obj/dodge_neon.o
LOAD build/obj/ford_fiesta.o
LOAD build/obj/ford_1995_inline_6.o
LOAD build/obj/nissan_primera.o
LOAD build/obj/mazda_miata_nb.o
LOAD build/obj/honda_accord.o
LOAD build/obj/subaru.o
LOAD build/obj/snow_blower.o
LOAD build/obj/GY6_139QMB.o
LOAD build/obj/rover_v8.o
LOAD build/obj/mazda_323.o
LOAD build/obj/mazda_626.o
LOAD build/obj/saturn_ion.o
LOAD build/obj/sachs.o
LOAD build/obj/test_engine.o
LOAD build/obj/mitsubishi.o
LOAD build/obj/gm_2_2.o
LOAD build/obj/dodge_ram.o
LOAD build/obj/vw.o
LOAD build/obj/rusEfiFunctionalTest.o
LOAD build/obj/framework.o
LOAD build/obj/map_averaging.o
LOAD build/obj/trigger_emulator.o
LOAD build/obj/boards.o
LOAD /usr/i686-pc-mingw32/sys-root/mingw/lib/libws2_32.a
LOAD /usr/i686-pc-mingw32/sys-root/mingw/lib/libm.a
LOAD /usr/lib/gcc/i686-pc-mingw32/4.7.3/libstdc++.a
LOAD /usr/i686-pc-mingw32/sys-root/mingw/lib/libmingw32.a
LOAD /usr/lib/gcc/i686-pc-mingw32/4.7.3/libgcc_eh.a
LOAD /usr/lib/gcc/i686-pc-mingw32/4.7.3/libgcc.a
LOAD /usr/i686-pc-mingw32/sys-root/mingw/lib/libmoldname.a
LOAD /usr/i686-pc-mingw32/sys-root/mingw/lib/libmingwex.a
LOAD /usr/i686-pc-mingw32/sys-root/mingw/lib/libmsvcrt.a
LOAD /usr/i686-pc-mingw32/sys-root/mingw/lib/libadvapi32.a
LOAD /usr/i686-pc-mingw32/sys-root/mingw/lib/libshell32.a
LOAD /usr/i686-pc-mingw32/sys-root/mingw/lib/libuser32.a
LOAD /usr/i686-pc-mingw32/sys-root/mingw/lib/libkernel32.a
LOAD /usr/i686-pc-mingw32/sys-root/mingw/lib/libmingw32.a
LOAD /usr/lib/gcc/i686-pc-mingw32/4.7.3/libgcc_eh.a
LOAD /usr/lib/gcc/i686-pc-mingw32/4.7.3/libgcc.a
LOAD /usr/i686-pc-mingw32/sys-root/mingw/lib/libmoldname.a
LOAD /usr/i686-pc-mingw32/sys-root/mingw/lib/libmingwex.a
LOAD /usr/i686-pc-mingw32/sys-root/mingw/lib/libmsvcrt.a
LOAD /usr/lib/gcc/i686-pc-mingw32/4.7.3/crtend.o
                0x000003f8                . = SIZEOF_HEADERS
                0x00001000                . = ALIGN (__section_alignment__)

.text           0x00401000    0x27a00
 *(.init)
 *(.text)
 .text          0x00401000      0x560 /usr/lib/gcc/i686-pc-mingw32/4.7.3/../../../../i686-pc-mingw32/lib/crt2.o
                0x00401500                mainCRTStartup
                0x00401520                WinMainCRTStartup
                0x00401540                atexit
                0x00401550                _onexit
 .text          0x00401560       0xe0 /usr/lib/gcc/i686-pc-mingw32/4.7.3/crtbegin.o
                0x00401560                __gcc_register_frame
                0x004015f0                __gcc_deregister_frame
 .text          0x00401640        0x0 build/obj/chcore.o
 .text          0x00401640        0x0 build/obj/chsys.o
 .text          0x00401640        0x0 build/obj/chdebug.o
 .text          0x00401640        0x0 build/obj/chlists.o
 .text          0x00401640        0x0 build/obj/chvt.o
 .text          0x00401640        0x0 build/obj/chschd.o
 .text          0x00401640        0x0 build/obj/chthreads.o
 .text          0x00401640        0x0 build/obj/chdynamic.o
 .text          0x00401640        0x0 build/obj/chregistry.o
 .text          0x00401640        0x0 build/obj/chsem.o
 .text          0x00401640        0x0 build/obj/chmtx.o
 .text          0x00401640        0x0 build/obj/chcond.o
 .text          0x00401640        0x0 build/obj/chevents.o
 .text          0x00401640        0x0 build/obj/chmsg.o
 .text          0x00401640        0x0 build/obj/chmboxes.o
 .text          0x00401640        0x0 build/obj/chqueues.o
 .text          0x00401640        0x0 build/obj/chmemcore.o
 .text          0x00401640        0x0 build/obj/chheap.o
 .text          0x00401640        0x0 build/obj/chmempools.o
 .text          0x00401640        0x0 build/obj/hal.o
 .text          0x00401640        0x0 build/obj/adc.o
 .text          0x00401640        0x0 build/obj/can.o
 .text          0x00401640        0x0 build/obj/ext.o
 .text          0x00401640        0x0 build/obj/gpt.o
 .text          0x00401640        0x0 build/obj/i2c.o
 .text          0x00401640        0x0 build/obj/icu.o
 .text          0x00401640        0x0 build/obj/mac.o
 .text          0x00401640        0x0 build/obj/mmc_spi.o
 .text          0x00401640        0x0 build/obj/mmcsd.o
 .text          0x00401640        0x0 build/obj/pal.o
 .text          0x00401640        0x0 build/obj/pwm.o
 .text          0x00401640        0x0 build/obj/rtc.o
 .text          0x00401640        0x0 build/obj/sdc.o
 .text          0x00401640        0x0 build/obj/serial.o
 .text          0x00401640        0x0 build/obj/serial_usb.o
 .text          0x00401640        0x0 build/obj/spi.o
 .text          0x00401640        0x0 build/obj/tm.o
 .text          0x00401640        0x0 build/obj/uart.o
 .text          0x00401640        0x0 build/obj/usb.o
 .text          0x00401640        0x0 build/obj/hal_lld.o
 .text          0x00401640        0x0 build/obj/pal_lld.o
 .text          0x00401640        0x0 build/obj/serial_lld.o
 .text          0x00401640        0x0 build/obj/rfiutil.o
 .text          0x00401640        0x0 build/obj/map_adjuster.o
 .text          0x00401640        0x0 build/obj/malfunction_central.o
 .text          0x00401640        0x0 build/obj/nmea.o
 .text          0x00401640        0x0 build/obj/board.o
 .text          0x00401640        0x0 build/obj/chprintf.o
 .text          0x00401640        0x0 build/obj/memstreams.o
 .text          0x00401640        0x0 build/obj/crc.o
 .text          0x00401640        0x0 build/obj/data_buffer.o
 .text          0x00401640        0x0 build/obj/histogram.o
 .text          0x00401640        0x0 build/obj/main.o
 .text          0x00401640        0x0 build/obj/cyclic_buffer.o
 .text          0x00401640        0x0 build/obj/datalogging.o
 .text          0x00401640        0x0 build/obj/loggingcentral.o
 .text          0x00401640        0x0 build/obj/listener_array.o
 .text          0x00401640        0x0 build/obj/cli_registry.o
 .text          0x00401640        0x0 build/obj/efilib.o
 .text          0x00401640        0x0 build/obj/efilib2.o
 .text          0x00401640        0x0 build/obj/LocalVersionHolder.o
 .text          0x00401640        0x0 build/obj/advance_map.o
 .text          0x00401640        0x0 build/obj/idle_controller.o
 .text          0x00401640        0x0 build/obj/auto_generated_enums.o
 .text          0x00401640        0x0 build/obj/fuel_math.o
 .text          0x00401640        0x0 build/obj/accel_enrichment.o
 .text          0x00401640        0x0 build/obj/engine_configuration.o
 .text          0x00401640        0x0 build/obj/engine.o
 .text          0x00401640        0x0 build/obj/lcd_menu_tree.o
 .text          0x00401640        0x0 build/obj/event_registry.o
 .text          0x00401640        0x0 build/obj/algo.o
 .text          0x00401640        0x0 build/obj/signal_executor.o
 .text          0x00401640        0x0 build/obj/settings.o
 .text          0x00401640        0x0 build/obj/engine_controller.o
 .text          0x00401640        0x0 build/obj/sensor_chart.o
 .text          0x00401640        0x0 build/obj/trigger_emulator_algo.o
 .text          0x00401640        0x0 build/obj/rpm_calculator.o
 .text          0x00401640        0x0 build/obj/trigger_central.o
 .text          0x00401640        0x0 build/obj/main_trigger_callback.o
 .text          0x00401640        0x0 build/obj/trigger_bmw.o
 .text          0x00401640        0x0 build/obj/trigger_mazda.o
 .text          0x00401640        0x0 build/obj/trigger_chrysler.o
 .text          0x00401640        0x0 build/obj/trigger_structure.o
 .text          0x00401640        0x0 build/obj/trigger_decoder.o
 .text          0x00401640        0x0 build/obj/trigger_mitsubishi.o
 .text          0x00401640        0x0 build/obj/trigger_gm.o
 .text          0x00401640        0x0 build/obj/pwm_generator_logic.o
 .text          0x00401640        0x0 build/obj/signal_executor_sleep.o
 .text          0x00401640        0x0 build/obj/event_queue.o
 .text          0x00401640        0x0 build/obj/efiGpio.o
 .text          0x00401640        0x0 build/obj/SingleTimerExecutor.o
 .text          0x00401640        0x0 build/obj/tunerstudio_io.o
 .text          0x00401640        0x0 build/obj/tunerstudio.o
 .text          0x00401640        0x0 build/obj/status_loop.o
 .text          0x00401640        0x0 build/obj/console_io.o
 .text          0x00401640        0x0 build/obj/eficonsole.o
 .text          0x00401640        0x0 build/obj/thermistors.o
 .text          0x00401640        0x0 build/obj/allsensors.o
 .text          0x00401640        0x0 build/obj/map.o
 .text          0x00401640        0x0 build/obj/voltage.o
 .text          0x00401640        0x0 build/obj/maf.o
 .text          0x00401640        0x0 build/obj/tps.o
 .text          0x00401640        0x0 build/obj/ego.o
 .text          0x00401640        0x0 build/obj/hip9011_lookup.o
 .text          0x00401640        0x0 build/obj/EfiWave.o
 .text          0x00401640        0x0 build/obj/avg_values.o
 .text          0x00401640        0x0 build/obj/table_helper.o
 .text          0x00401640        0x0 build/obj/fsio_core.o
 .text          0x00401640        0x0 build/obj/interpolation.o
 .text          0x00401640        0x0 build/obj/fsio_impl.o
 .text          0x00401640        0x0 build/obj/engine_math.o
 .text          0x00401640        0x0 build/obj/pid.o
 .text          0x00401640        0x0 build/obj/speed_density.o
 .text          0x00401640        0x0 build/obj/wave_chart.o
 .text          0x00401640        0x0 build/obj/ford_aspire.o
 .text          0x00401640        0x0 build/obj/custom_engine.o
 .text          0x00401640        0x0 build/obj/MiniCooperR50.o
 .text          0x00401640        0x0 build/obj/acura_rsx.o
 .text          0x00401640        0x0 build/obj/audi_aan.o
 .text          0x00401640        0x0 build/obj/bmw_e34.o
 .text          0x00401640        0x0 build/obj/mazda_miata.o
 .text          0x00401640        0x0 build/obj/citroenBerlingoTU3JP.o
 .text          0x00401640        0x0 build/obj/dodge_neon.o
 .text          0x00401640        0x0 build/obj/ford_fiesta.o
 .text          0x00401640        0x0 build/obj/ford_1995_inline_6.o
 .text          0x00401640        0x0 build/obj/nissan_primera.o
 .text          0x00401640        0x0 build/obj/mazda_miata_nb.o
 .text          0x00401640        0x0 build/obj/honda_accord.o
 .text          0x00401640        0x0 build/obj/subaru.o
 .text          0x00401640        0x0 build/obj/snow_blower.o
 .text          0x00401640        0x0 build/obj/GY6_139QMB.o
 .text          0x00401640        0x0 build/obj/rover_v8.o
 .text          0x00401640        0x0 build/obj/mazda_323.o
 .text          0x00401640        0x0 build/obj/mazda_626.o
 .text          0x00401640        0x0 build/obj/saturn_ion.o
 .text          0x00401640        0x0 build/obj/sachs.o
 .text          0x00401640        0x0 build/obj/test_engine.o
 .text          0x00401640        0x0 build/obj/mitsubishi.o
 .text          0x00401640        0x0 build/obj/gm_2_2.o
 .text          0x00401640        0x0 build/obj/dodge_ram.o
 .text          0x00401640        0x0 build/obj/vw.o
 .text          0x00401640        0x0 build/obj/rusEfiFunctionalTest.o
 .text          0x00401640        0x0 build/obj/framework.o
 .text          0x00401640        0x0 build/obj/map_averaging.o
 .text          0x00401640        0x0 build/obj/trigger_emulator.o
 .text          0x00401640        0x0 build/obj/boards.o
 .text          0x00401640        0x8 /usr/i686-pc-mingw32/sys-root/mingw/lib/libws2_32.a(dwlns00084.o)
                0x00401640                WSAStartup@8
 .text          0x00401648        0x8 /usr/i686-pc-mingw32/sys-root/mingw/lib/libws2_32.a(dwlns00159.o)
                0x00401648                recv@16
 .text          0x00401650        0x8 /usr/i686-pc-mingw32/sys-root/mingw/lib/libws2_32.a(dwlns00043.o)
                0x00401650                WSAGetLastError@0
 .text          0x00401658        0x8 /usr/i686-pc-mingw32/sys-root/mingw/lib/libws2_32.a(dwlns00134.o)
                0x00401658                closesocket@4
 .text          0x00401660        0x8 /usr/i686-pc-mingw32/sys-root/mingw/lib/libws2_32.a(dwlns00132.o)
                0x00401660                accept@12
 .text          0x00401668        0x8 /usr/i686-pc-mingw32/sys-root/mingw/lib/libws2_32.a(dwlns00155.o)
                0x00401668                ioctlsocket@12
 .text          0x00401670        0x8 /usr/i686-pc-mingw32/sys-root/mingw/lib/libws2_32.a(dwlns00026.o)
                0x00401670                WSACleanup@0
 .text          0x00401678        0x8 /usr/i686-pc-mingw32/sys-root/mingw/lib/libws2_32.a(dwlns00162.o)
                0x00401678                send@16
 .text          0x00401680        0x8 /usr/i686-pc-mingw32/sys-root/mingw/lib/libws2_32.a(dwlns00143.o)
                0x00401680                getprotobyname@4
 .text          0x00401688        0x8 /usr/i686-pc-mingw32/sys-root/mingw/lib/libws2_32.a(dwlns00166.o)
                0x00401688                socket@12
 .text          0x00401690        0x8 /usr/i686-pc-mingw32/sys-root/mingw/lib/libws2_32.a(dwlns00150.o)
                0x00401690                htons@4
 .text          0x00401698        0x8 /usr/i686-pc-mingw32/sys-root/mingw/lib/libws2_32.a(dwlns00133.o)
                0x00401698                bind@12
 .text          0x004016a0        0x8 /usr/i686-pc-mingw32/sys-root/mingw/lib/libws2_32.a(dwlns00156.o)
                0x004016a0                listen@8
 .text          0x004016a8        0x0 /usr/i686-pc-mingw32/sys-root/mingw/lib/libws2_32.a(dwlnh.o)
 .text          0x004016a8        0x0 /usr/i686-pc-mingw32/sys-root/mingw/lib/libws2_32.a(dwlnt.o)
 *fill*         0x004016a8        0x8 
 .text          0x004016b0       0xf0 /usr/i686-pc-mingw32/sys-root/mingw/lib/libmingw32.a(tlssup.o)
                0x00401700                __dyn_tls_init@12
                0x00401790                __tlregdtor
 .text          0x004017a0        0x0 /usr/i686-pc-mingw32/sys-root/mingw/lib/libmingw32.a(CRTglob.o)
 .text          0x004017a0        0x0 /usr/i686-pc-mingw32/sys-root/mingw/lib/libmingw32.a(CRTfmode.o)
 .text          0x004017a0        0x0 /usr/i686-pc-mingw32/sys-root/mingw/lib/libmingw32.a(txtmode.o)
 .text          0x004017a0       0xe0 /usr/i686-pc-mingw32/sys-root/mingw/lib/libmingw32.a(cpu_features.o)
                0x004017a0                __cpu_features_init
 .text          0x00401880       0x10 /usr/i686-pc-mingw32/sys-root/mingw/lib/libmingw32.a(CRT_fp10.o)
                0x00401880                _fpreset
                0x00401880                fpreset
 .text          0x00401890      0x350 /usr/i686-pc-mingw32/sys-root/mingw/lib/libmingw32.a(pseudo-reloc.o)
                0x004019f0                _pei386_runtime_relocator
 .text          0x00401be0       0xa0 /usr/i686-pc-mingw32/sys-root/mingw/lib/libmingw32.a(gccmain.o)
                0x00401be0                __do_global_dtors
                0x00401c10                __do_global_ctors
                0x00401c60                __main
 .text          0x00401c80        0x0 /usr/i686-pc-mingw32/sys-root/mingw/lib/libmingw32.a(crtst.o)
 .text          0x00401c80      0x220 /usr/i686-pc-mingw32/sys-root/mingw/lib/libmingw32.a(tlsthrd.o)
                0x00401ce0                ___w64_mingwthr_add_key_dtor
                0x00401d70                ___w64_mingwthr_remove_key_dtor
                0x00401e00                __mingw_TLScallback
 .text          0x00401ea0        0x0 /usr/i686-pc-mingw32/sys-root/mingw/lib/libmingw32.a(pseudo-reloc-list.o)
 .text          0x00401ea0       0x2c /usr/lib/gcc/i686-pc-mingw32/4.7.3/libgcc.a(_chkstk_ms.o)
                0x00401ea0                __chkstk_ms
 *fill*         0x00401ecc        0x4 
 .text          0x00401ed0      0x160 /usr/lib/gcc/i686-pc-mingw32/4.7.3/libgcc.a(_divdi3.o)
                0x00401ed0                __divdi3
 .text          0x00402030        0x0 /usr/lib/gcc/i686-pc-mingw32/4.7.3/libgcc.a(_ctors.o)
 .text          0x00402030      0xc90 /usr/i686-pc-mingw32/sys-root/mingw/lib/libmingwex.a(glob.o)
                0x00402be0                __mingw_glob
                0x00402ca0                __mingw_globfree
 .text          0x00402cc0       0x80 /usr/i686-pc-mingw32/sys-root/mingw/lib/libmingwex.a(round.o)
                0x00402cc0                round
 .text          0x00402d40       0x3c /usr/i686-pc-mingw32/sys-root/mingw/lib/libmingwex.a(logf.o)
                0x00402d50                logf
 *fill*         0x00402d7c        0x4 
 .text          0x00402d80       0x40 /usr/i686-pc-mingw32/sys-root/mingw/lib/libmingwex.a(vprintf.o)
                0x00402d80                __mingw_vprintf
 .text          0x00402dc0      0x3f0 /usr/i686-pc-mingw32/sys-root/mingw/lib/libmingwex.a(dirname.o)
                0x00402dc0                dirname
 .text          0x004031b0      0x720 /usr/i686-pc-mingw32/sys-root/mingw/lib/libmingwex.a(dirent.o)
                0x004031b0                opendir
                0x00403400                readdir
                0x004035a0                closedir
                0x004035f0                rewinddir
                0x00403740                telldir
                0x00403770                seekdir
 .text          0x004038d0       0x20 /usr/i686-pc-mingw32/sys-root/mingw/lib/libmingwex.a(fpclassify.o)
                0x004038d0                __fpclassify
 .text          0x004038f0     0x1e80 /usr/i686-pc-mingw32/sys-root/mingw/lib/libmingwex.a(pformat.o)
                0x00404ea0                __mingw_pformat
 .text          0x00405770     0x15a0 /usr/i686-pc-mingw32/sys-root/mingw/lib/libmingwex.a(gdtoa.o)
                0x00405770                __gdtoa
 .text          0x00406d10      0x270 /usr/i686-pc-mingw32/sys-root/mingw/lib/libmingwex.a(wcrtomb.o)
                0x00406db0                wcrtomb
                0x00406e40                wcsrtombs
 .text          0x00406f80      0x440 /usr/i686-pc-mingw32/sys-root/mingw/lib/libmingwex.a(mbrtowc.o)
                0x00407120                mbrtowc
                0x004071d0                mbsrtowcs
                0x00407330                mbrlen
 .text          0x004073c0      0x2c0 /usr/i686-pc-mingw32/sys-root/mingw/lib/libmingwex.a(dmisc.o)
                0x004073c0                __rv_alloc_D2A
                0x00407400                __nrv_alloc_D2A
                0x00407450                __freedtoa
                0x00407470                __quorem_D2A
 .text          0x00407680      0xb40 /usr/i686-pc-mingw32/sys-root/mingw/lib/libmingwex.a(misc.o)
                0x004077c0                __Balloc_D2A
                0x00407880                __Bfree_D2A
                0x004078d0                __multadd_D2A
                0x004079c0                __i2b_D2A
                0x004079f0                __mult_D2A
                0x00407b50                __pow5mult_D2A
                0x00407c70                __lshift_D2A
                0x00407d80                __cmp_D2A
                0x00407df0                __diff_D2A
                0x00407f80                __b2d_D2A
                0x00408080                __d2b_D2A
                0x00408190                __strcp_D2A
 .text          0x004081c0      0x150 /usr/i686-pc-mingw32/sys-root/mingw/lib/libmingwex.a(gmisc.o)
                0x004081c0                __rshift_D2A
                0x004082d0                __trailz_D2A
 .text          0x00408310        0x0 /usr/i686-pc-mingw32/sys-root/mingw/lib/libmsvcrt.a(dqons00296.o)
 .text          0x00408310        0x0 /usr/i686-pc-mingw32/sys-root/mingw/lib/libmsvcrt.a(dqons00646.o)
 .text          0x00408310        0x0 /usr/i686-pc-mingw32/sys-root/mingw/lib/libmsvcrt.a(dqons00417.o)
 .text          0x00408310        0x8 /usr/i686-pc-mingw32/sys-root/mingw/lib/libmsvcrt.a(dqons00708.o)
                0x00408310                isspace
 .text          0x00408318        0x8 /usr/i686-pc-mingw32/sys-root/mingw/lib/libmsvcrt.a(dqons00466.o)
                0x00408318                _setmode
 .text          0x00408320        0x8 /usr/i686-pc-mingw32/sys-root/mingw/lib/libmsvcrt.a(dqons00084.o)
                0x00408320                __p__fmode
 .text          0x00408328        0x8 /usr/i686-pc-mingw32/sys-root/mingw/lib/libmsvcrt.a(dqons00082.o)
                0x00408328                __p__environ
 .text          0x00408330        0x8 /usr/i686-pc-mingw32/sys-root/mingw/lib/libmsvcrt.a(dqons00154.o)
                0x00408330                _cexit
 .text          0x00408338        0x8 /usr/i686-pc-mingw32/sys-root/mingw/lib/libmsvcrt.a(dqons00059.o)
                0x00408338                __getmainargs
 .text          0x00408340        0x8 /usr/i686-pc-mingw32/sys-root/mingw/lib/libmsvcrt.a(dqons00762.o)
                0x00408340                signal
 .text          0x00408348        0x8 /usr/i686-pc-mingw32/sys-root/mingw/lib/libmsvcrt.a(dqons00660.o)
                0x00408348                exit
 .text          0x00408350        0x8 /usr/i686-pc-mingw32/sys-root/mingw/lib/libmsvcrt.a(dqons00748.o)
                0x00408350                puts
 .text          0x00408358        0x8 /usr/i686-pc-mingw32/sys-root/mingw/lib/libmsvcrt.a(dqons00666.o)
                0x00408358                fflush
 .text          0x00408360        0x8 /usr/i686-pc-mingw32/sys-root/mingw/lib/libmsvcrt.a(dqons00742.o)
                0x00408360                modf
 .text          0x00408368        0x8 /usr/i686-pc-mingw32/sys-root/mingw/lib/libmsvcrt.a(dqons00777.o)
                0x00408368                strlen
 .text          0x00408370        0x8 /usr/i686-pc-mingw32/sys-root/mingw/lib/libmsvcrt.a(dqons00770.o)
                0x00408370                strchr
 .text          0x00408378        0x8 /usr/i686-pc-mingw32/sys-root/mingw/lib/libmsvcrt.a(dqons00782.o)
                0x00408378                strrchr
 .text          0x00408380        0x8 /usr/i686-pc-mingw32/sys-root/mingw/lib/libmsvcrt.a(dqons00784.o)
                0x00408380                strstr
 .text          0x00408388        0x8 /usr/i686-pc-mingw32/sys-root/mingw/lib/libmsvcrt.a(dqons00738.o)
                0x00408388                memcpy
 .text          0x00408390        0x8 /usr/i686-pc-mingw32/sys-root/mingw/lib/libmsvcrt.a(dqons00773.o)
                0x00408390                strcpy
 .text          0x00408398        0x8 /usr/i686-pc-mingw32/sys-root/mingw/lib/libmsvcrt.a(dqons00780.o)
                0x00408398                strncpy
 .text          0x004083a0        0x8 /usr/i686-pc-mingw32/sys-root/mingw/lib/libmsvcrt.a(dqons00740.o)
                0x004083a0                memset
 .text          0x004083a8        0x8 /usr/i686-pc-mingw32/sys-root/mingw/lib/libmsvcrt.a(dqons00737.o)
                0x004083a8                memcmp
 .text          0x004083b0        0x8 /usr/i686-pc-mingw32/sys-root/mingw/lib/libmsvcrt.a(dqons00689.o)
                0x004083b0                fwrite
 .text          0x004083b8        0x8 /usr/i686-pc-mingw32/sys-root/mingw/lib/libmsvcrt.a(dqons00804.o)
                0x004083b8                vfprintf
 .text          0x004083c0        0x8 /usr/i686-pc-mingw32/sys-root/mingw/lib/libmsvcrt.a(dqons00639.o)
                0x004083c0                abort
 .text          0x004083c8        0x8 /usr/i686-pc-mingw32/sys-root/mingw/lib/libmsvcrt.a(dqons00651.o)
                0x004083c8                calloc
 .text          0x004083d0        0x8 /usr/i686-pc-mingw32/sys-root/mingw/lib/libmsvcrt.a(dqons00681.o)
                0x004083d0                free
 .text          0x004083d8        0x8 /usr/i686-pc-mingw32/sys-root/mingw/lib/libmsvcrt.a(dqons00732.o)
                0x004083d8                malloc
 .text          0x004083e0        0x8 /usr/i686-pc-mingw32/sys-root/mingw/lib/libmsvcrt.a(dqons00798.o)
                0x004083e0                tolower
 .text          0x004083e8        0x8 /usr/i686-pc-mingw32/sys-root/mingw/lib/libmsvcrt.a(dqons00754.o)
                0x004083e8                realloc
 .text          0x004083f0        0x8 /usr/i686-pc-mingw32/sys-root/mingw/lib/libmsvcrt.a(dqons00772.o)
                0x004083f0                strcoll
 .text          0x004083f8        0x8 /usr/i686-pc-mingw32/sys-root/mingw/lib/libmsvcrt.a(dqons00192.o)
                0x004083f8                _errno
 .text          0x00408400        0x8 /usr/i686-pc-mingw32/sys-root/mingw/lib/libmsvcrt.a(dqons00760.o)
                0x00408400                setlocale
 .text          0x00408408        0x8 /usr/i686-pc-mingw32/sys-root/mingw/lib/libmsvcrt.a(dqons00828.o)
                0x00408408                wcstombs
 .text          0x00408410        0x8 /usr/i686-pc-mingw32/sys-root/mingw/lib/libmsvcrt.a(dqons00734.o)
                0x00408410                mbstowcs
 .text          0x00408418        0x8 /usr/i686-pc-mingw32/sys-root/mingw/lib/libmsvcrt.a(dqons00254.o)
                0x00408418                _fullpath
 .text          0x00408420        0x8 /usr/i686-pc-mingw32/sys-root/mingw/lib/libmsvcrt.a(dqons00216.o)
                0x00408420                _findfirst
 .text          0x00408428        0x8 /usr/i686-pc-mingw32/sys-root/mingw/lib/libmsvcrt.a(dqons00222.o)
                0x00408428                _findnext
 .text          0x00408430        0x8 /usr/i686-pc-mingw32/sys-root/mingw/lib/libmsvcrt.a(dqons00215.o)
                0x00408430                _findclose
 .text          0x00408438        0x8 /usr/i686-pc-mingw32/sys-root/mingw/lib/libmsvcrt.a(dqons00676.o)
                0x00408438                fputc
 .text          0x00408440        0x8 /usr/i686-pc-mingw32/sys-root/mingw/lib/libmsvcrt.a(dqons00727.o)
                0x00408440                localeconv
 .text          0x00408448        0x8 /usr/i686-pc-mingw32/sys-root/mingw/lib/libmsvcrt.a(dqons00693.o)
                0x00408448                getenv
 .text          0x00408450        0x8 /usr/i686-pc-mingw32/sys-root/mingw/lib/libmsvcrt.a(dqons00817.o)
                0x00408450                wcslen
 .text          0x00408458        0x0 /usr/i686-pc-mingw32/sys-root/mingw/lib/libmsvcrt.a(dqons00070.o)
 .text          0x00408458        0x0 /usr/i686-pc-mingw32/sys-root/mingw/lib/libmsvcrt.a(dqonh.o)
 .text          0x00408458        0x0 /usr/i686-pc-mingw32/sys-root/mingw/lib/libmsvcrt.a(dqont.o)
 .text          0x00408458        0x8 /usr/i686-pc-mingw32/sys-root/mingw/lib/libkernel32.a(dgpms01140.o)
                0x00408458                SetUnhandledExceptionFilter@4
 .text          0x00408460        0x8 /usr/i686-pc-mingw32/sys-root/mingw/lib/libkernel32.a(dgpms00388.o)
                0x00408460                GetCommandLineA@0
 .text          0x00408468        0x8 /usr/i686-pc-mingw32/sys-root/mingw/lib/libkernel32.a(dgpms00279.o)
                0x00408468                ExitProcess@4
 .text          0x00408470        0x8 /usr/i686-pc-mingw32/sys-root/mingw/lib/libkernel32.a(dgpms00529.o)
                0x00408470                GetModuleHandleA@4
 .text          0x00408478        0x8 /usr/i686-pc-mingw32/sys-root/mingw/lib/libkernel32.a(dgpms00577.o)
                0x00408478                GetProcAddress@8
 .text          0x00408480        0x8 /usr/i686-pc-mingw32/sys-root/mingw/lib/libkernel32.a(dgpms00923.o)
                0x00408480                QueryPerformanceFrequency@4
 .text          0x00408488        0x8 /usr/i686-pc-mingw32/sys-root/mingw/lib/libkernel32.a(dgpms00922.o)
                0x00408488                QueryPerformanceCounter@4
 .text          0x00408490        0x8 /usr/i686-pc-mingw32/sys-root/mingw/lib/libkernel32.a(dgpms01215.o)
                0x00408490                VirtualQuery@12
 .text          0x00408498        0x8 /usr/i686-pc-mingw32/sys-root/mingw/lib/libkernel32.a(dgpms01213.o)
                0x00408498                VirtualProtect@16
 .text          0x004084a0        0x8 /usr/i686-pc-mingw32/sys-root/mingw/lib/libkernel32.a(dgpms00236.o)
                0x004084a0                EnterCriticalSection@4
 .text          0x004084a8        0x8 /usr/i686-pc-mingw32/sys-root/mingw/lib/libkernel32.a(dgpms01173.o)
                0x004084a8                TlsGetValue@4
 .text          0x004084b0        0x8 /usr/i686-pc-mingw32/sys-root/mingw/lib/libkernel32.a(dgpms00510.o)
                0x004084b0                GetLastError@0
 .text          0x004084b8        0x8 /usr/i686-pc-mingw32/sys-root/mingw/lib/libkernel32.a(dgpms00814.o)
                0x004084b8                LeaveCriticalSection@4
 .text          0x004084c0        0x8 /usr/i686-pc-mingw32/sys-root/mingw/lib/libkernel32.a(dgpms00207.o)
                0x004084c0                DeleteCriticalSection@4
 .text          0x004084c8        0x8 /usr/i686-pc-mingw32/sys-root/mingw/lib/libkernel32.a(dgpms00734.o)
                0x004084c8                InitializeCriticalSection@4
 .text          0x004084d0        0x8 /usr/i686-pc-mingw32/sys-root/mingw/lib/libkernel32.a(dgpms01247.o)
                0x004084d0                WideCharToMultiByte@32
 .text          0x004084d8        0x8 /usr/i686-pc-mingw32/sys-root/mingw/lib/libkernel32.a(dgpms00763.o)
                0x004084d8                IsDBCSLeadByteEx@8
 .text          0x004084e0        0x8 /usr/i686-pc-mingw32/sys-root/mingw/lib/libkernel32.a(dgpms00860.o)
                0x004084e0                MultiByteToWideChar@24
 .text          0x004084e8        0x8 /usr/i686-pc-mingw32/sys-root/mingw/lib/libkernel32.a(dgpms01152.o)
                0x004084e8                Sleep@4
 .text          0x004084f0        0x8 /usr/i686-pc-mingw32/sys-root/mingw/lib/libkernel32.a(dgpms00744.o)
                0x004084f0                InterlockedExchange@8
 .text          0x004084f8        0x0 /usr/i686-pc-mingw32/sys-root/mingw/lib/libkernel32.a(dgpmh.o)
 .text          0x004084f8        0x0 /usr/i686-pc-mingw32/sys-root/mingw/lib/libkernel32.a(dgpmt.o)
 *fill*         0x004084f8        0x8 
 .text          0x00408500      0x140 /usr/lib/gcc/i686-pc-mingw32/4.7.3/libgcc.a(_umoddi3.o)
                0x00408500                __umoddi3
 .text          0x00408640      0x110 /usr/lib/gcc/i686-pc-mingw32/4.7.3/libgcc.a(_udivdi3.o)
                0x00408640                __udivdi3
 .text          0x00408750        0x8 /usr/i686-pc-mingw32/sys-root/mingw/lib/libmoldname.a(dwjks00080.o)
                0x00408750                strdup
 .text          0x00408758        0x8 /usr/i686-pc-mingw32/sys-root/mingw/lib/libmoldname.a(dwjks00082.o)
                0x00408758                stricoll
 .text          0x00408760        0x0 /usr/i686-pc-mingw32/sys-root/mingw/lib/libmoldname.a(dwjkh.o)
 .text          0x00408760        0x0 /usr/i686-pc-mingw32/sys-root/mingw/lib/libmoldname.a(dwjkt.o)
 .text          0x00408760        0x0 /usr/lib/gcc/i686-pc-mingw32/4.7.3/crtend.o
 *(SORT(.text$*))
 .text$ChkIntSources
                0x00408760       0xa0 build/obj/hal_lld.o
                0x00408760                ChkIntSources
 .text$_Z10debugFloatP7LoggingPKcfi
                0x00408800       0x70 build/obj/datalogging.o
                0x00408800                debugFloat(Logging*, char const*, float, int)
 .text$_Z10findIndex2PKfjf
                0x00408870       0xa0 build/obj/interpolation.o
                0x00408870                findIndex2(float const*, unsigned int, float)
 .text$_Z10getAdvanceif
                0x00408910      0x190 build/obj/advance_map.o
                0x00408910                getAdvance(int, float)
 .text$_Z10getFullLogv
                0x00408aa0       0x10 build/obj/status_loop.o
                0x00408aa0                getFullLog()
 .text$_Z10getLEValueP6EngineP7FLStackIfLi32EE11le_action_e
                0x00408ab0       0xe0 build/obj/fsio_impl.o
                0x00408ab0                getLEValue(Engine*, FLStack<float, 32>*, le_action_e)
 .text$_Z10getRealMafv
                0x00408b90       0x40 build/obj/maf.o
                0x00408b90                getRealMaf()
 .text$_Z10getTChargeifff
                0x00408bd0       0xb0 build/obj/speed_density.o
                0x00408bd0                getTCharge(int, float, float, float)
 .text$_Z10isCrankingv
                0x00408c80       0x20 build/obj/rpm_calculator.o
                0x00408c80                isCranking()
 .text$_Z10setFsioExti11brain_pin_ePKci
                0x00408ca0       0x80 build/obj/fsio_impl.o
                0x00408ca0                setFsioExt(int, brain_pin_e, char const*, int)
 .text$_Z10setFullLogi
                0x00408d20       0x70 build/obj/status_loop.o
                0x00408d20                setFullLog(int)
 .text$_Z10setRoverv8v
                0x00408d90      0x100 build/obj/rover_v8.o
                0x00408d90                setRoverv8()
 .text$_Z10stopEnginev
                0x00408e90       0x20 build/obj/settings.o
                0x00408e90                stopEngine()
 .text$_Z10turnPinLowP14NamedOutputPin
                0x00408eb0       0x60 build/obj/signal_executor.o
                0x00408eb0                turnPinLow(NamedOutputPin*)
 .text$_Z11appendFloatP7Loggingfi
                0x00408f10       0xd0 build/obj/datalogging.o
                0x00408f10                appendFloat(Logging*, float, int)
 .text$_Z11avgAddValueP8AvgTableiff
                0x00408fe0       0x90 build/obj/avg_values.o
                0x00408fe0                avgAddValue(AvgTable*, int, float, float)
 .text$_Z11avgGetValueP8AvgTableif
                0x00409070       0xb0 build/obj/avg_values.o
                0x00409070                avgGetValue(AvgTable*, int, float)
 .text$_Z11getAcTogglev
                0x00409120       0x50 build/obj/allsensors.o
                0x00409120                getAcToggle()
 .text$_Z11getAdcValuePKci
                0x00409170       0x30 build/obj/boards.o
                0x00409170                getAdcValue(char const*, int)
 .text$_Z11getBaseFueli
                0x004091a0       0xa0 build/obj/fuel_math.o
                0x004091a0                getBaseFuel(int)
 .text$_Z11getTpsValuei
                0x00409240       0xa0 build/obj/tps.o
                0x00409240                getTpsValue(int)
 .text$_Z11initSensorsP7Logging
                0x004092e0       0x20 build/obj/allsensors.o
                0x004092e0                initSensors(Logging*)
 .text$_Z11interpolatefffff
                0x00409300       0x60 build/obj/interpolation.o
                0x00409300                interpolate(float, float, float, float, float)
 .text$_Z11isCrankingEP6Engine
                0x00409360       0x30 build/obj/rpm_calculator.o
                0x00409360                isCrankingE(Engine*)
 .text$_Z11parseActionPKc
                0x00409390       0x40 build/obj/fsio_core.o
                0x00409390                parseAction(char const*)
 .text$_Z11requestBurnv
                0x004093d0       0x10 build/obj/tunerstudio.o
                0x004093d0                requestBurn()
 .text$_Z11scheduleMsgP7LoggingPKcz
                0x004093e0       0x90 build/obj/datalogging.o
                0x004093e0                scheduleMsg(Logging*, char const*, ...)
 .text$_Z11setAcuraRSXP22engine_configuration_s
                0x00409470       0x20 build/obj/acura_rsx.o
                0x00409470                setAcuraRSX(engine_configuration_s*)
 .text$_Z11setTableBinPfiff
                0x00409490       0x40 build/obj/table_helper.o
                0x00409490                setTableBin(float*, int, float, float)
 .text$_Z11tokenLengthPKc
                0x004094d0       0x40 build/obj/cli_registry.o
                0x004094d0                tokenLength(char const*)
 .text$_Z11triggerInfov
                0x00409510      0x2b0 build/obj/trigger_central.o
                0x00409510                triggerInfo()
 .text$_Z11turnPinHighP14NamedOutputPin
                0x004097c0       0x50 build/obj/signal_executor.o
                0x004097c0                turnPinHigh(NamedOutputPin*)
 .text$_Z11yellowMagiciii
                0x00409810       0x70 build/obj/tunerstudio.o
                0x00409810                yellowMagic(int, int, int)
 .text$_Z12boolToStringb
                0x00409880       0x20 build/obj/efilib.o
                0x00409880                boolToString(bool)
 .text$_Z12getNextTokenPKcPci
                0x004098a0       0x80 build/obj/fsio_core.o
                0x004098a0                getNextToken(char const*, char*, int)
 .text$_Z12hasMafSensorv
                0x00409920       0x20 build/obj/maf.o
                0x00409920                hasMafSensor()
 .text$_Z12initDodgeRamP12TriggerShape
                0x00409940      0x110 build/obj/trigger_chrysler.o
                0x00409940                initDodgeRam(TriggerShape*)
 .text$_Z12initSettingsP22engine_configuration_s
                0x00409a50      0x420 build/obj/settings.o
                0x00409a50                initSettings(engine_configuration_s*)
 .text$_Z12onFatalErrorPKcS0_i
                0x00409e70       0x40 build/obj/rusEfiFunctionalTest.o
                0x00409e70                onFatalError(char const*, char const*, int)
 .text$_Z12printTsStatsv
                0x00409eb0       0x10 build/obj/tunerstudio.o
                0x00409eb0                printTsStats()
 .text$_Z12resetLoggingP7Logging
                0x00409ec0       0x30 build/obj/datalogging.o
                0x00409ec0                resetLogging(Logging*)
 .text$_Z12saveTpsStatexf
                0x00409ef0       0xc0 build/obj/tps.o
                0x00409ef0                saveTpsState(long long, float)
 .text$_Z12scheduleTaskPKcP12scheduling_siPFvPvES3_
                0x00409fb0       0xa0 build/obj/signal_executor_sleep.o
                0x00409fb0                scheduleTask(char const*, scheduling_s*, int, void (*)(void*), void*)
 .text$_Z12setAlgorithm18engine_load_mode_e
                0x0040a050       0x60 build/obj/engine_math.o
                0x0040a050                setAlgorithm(engine_load_mode_e)
 .text$_Z12setChartSizei
                0x0040a0b0       0x30 build/obj/wave_chart.o
                0x0040a0b0                setChartSize(int)
 .text$_Z12setDensoTODOP19persistent_config_s
                0x0040a0e0       0xb0 build/obj/maf.o
                0x0040a0e0                setDensoTODO(persistent_config_s*)
 .text$_Z12setEgoSensor12ego_sensor_e
                0x0040a190      0x120 build/obj/ego.o
                0x0040a190                setEgoSensor(ego_sensor_e)
 .text$_Z12setMiata1990v
                0x0040a2b0       0xb0 build/obj/mazda_miata.o
                0x0040a2b0                setMiata1990()
 .text$_Z12setMiata1996v
                0x0040a360      0x110 build/obj/mazda_miata.o
                0x0040a360                setMiata1996()
 .text$_Z12setTableBin2Pfifff
                0x0040a470       0x80 build/obj/table_helper.o
                0x0040a470                setTableBin2(float*, int, float, float, float)
 .text$_Z12setTimingMapPA16_ff
                0x0040a4f0       0x30 build/obj/engine_configuration.o
                0x0040a4f0                setTimingMap(float (*) [16], float)
 .text$_Z12startConsoleP7LoggingPFvPcE
                0x0040a520       0x60 build/obj/console_io.o
                0x0040a520                startConsole(Logging*, void (*)(char*))
 .text$_Z12updateAndSetP7State64j
                0x0040a580       0x30 build/obj/efilib2.o
                0x0040a580                updateAndSet(State64*, unsigned int)
 .text$_Z12writeLogLinev
                0x0040a5b0       0x10 build/obj/status_loop.o
                0x0040a5b0                writeLogLine()
 .text$_Z13copyFuelTablePA16_KfPA16_f
                0x0040a5c0       0x40 build/obj/engine_configuration.o
                0x0040a5c0                copyFuelTable(float const (*) [16], float (*) [16])
 .text$_Z13getCylinderId14firing_order_ei
                0x0040a600       0xc0 build/obj/engine_math.o
                0x0040a600                getCylinderId(firing_order_e, int)
 .text$_Z13getMapVoltagev
                0x0040a6c0       0x10 build/obj/map_averaging.o
                0x0040a6c0                getMapVoltage()
 .text$_Z13getResistanceP14ThermistorConf
                0x0040a6d0       0x70 build/obj/thermistors.o
                0x0040a6d0                getResistance(ThermistorConf*)
 .text$_Z13getTPSVoltagev
                0x0040a740       0x40 build/obj/tps.o
                0x0040a740                getTPSVoltage()
 .text$_Z13hasBaroSensorv
                0x0040a780       0x20 build/obj/map.o
                0x0040a780                hasBaroSensor()
 .text$_Z13initFakeBoardv
                0x0040a7a0       0x80 build/obj/boards.o
                0x0040a7a0                initFakeBoard()
 .text$_Z13initWaveChartP9WaveChart
                0x0040a820       0x90 build/obj/wave_chart.o
                0x0040a820                initWaveChart(WaveChart*)
 .text$_Z13interpolate2dfPfS_i
                0x0040a8b0       0xb0 build/obj/interpolation.o
                0x0040a8b0                interpolate2d(float, float*, float*, int)
 .text$_Z13interpolate3dfPfifS_iPS_
                0x0040a960      0x2d0 build/obj/interpolation.o
                0x0040a960                interpolate3d(float, float*, int, float, float*, int, float**)
 .text$_Z13isInitializedP7Logging
                0x0040ac30       0x20 build/obj/datalogging.o
                0x0040ac30                isInitialized(Logging*)
 .text$_Z13prepareShapesv
                0x0040ac50       0x30 build/obj/engine_configuration.o
                0x0040ac50                prepareShapes()
 .text$_Z13printSpiStateP7LoggingP21board_configuration_s
                0x0040ac80       0x90 build/obj/settings.o
                0x0040ac80                printSpiState(Logging*, board_configuration_s*)
 .text$_Z13setEngineTypei
                0x0040ad10       0x50 build/obj/settings.o
                0x0040ad10                setEngineType(int)
 .text$_Z13setFuelRpmBinff
                0x0040ad60       0x40 build/obj/engine_math.o
                0x0040ad60                setFuelRpmBin(float, float)
 .text$_Z13setTableValuePfS_iff
                0x0040ada0       0x40 build/obj/interpolation.o
                0x0040ada0                setTableValue(float*, float*, int, float, float)
 .text$_Z14clearCallbacksP16IntListenerArray
                0x0040ade0       0x10 build/obj/listener_array.o
                0x0040ade0                clearCallbacks(IntListenerArray*)
 .text$_Z14consolePutChari
                0x0040adf0       0x30 build/obj/console_io.o
                0x0040adf0                consolePutChar(int)
 .text$_Z14decodePressurefP28air_pressure_sensor_config_s
                0x0040ae20       0xf0 build/obj/map.o
                0x0040ae20                decodePressure(float, air_pressure_sensor_config_s*)
 .text$_Z14getBrain_pin_e11brain_pin_e
                0x0040af10      0x500 build/obj/auto_generated_enums.o
                0x0040af10                getBrain_pin_e(brain_pin_e)
 .text$_Z14getEngineCycle16operation_mode_e
                0x0040b410       0x20 build/obj/trigger_decoder.o
                0x0040b410                getEngineCycle(operation_mode_e)
 .text$_Z14getEngineLoadTv
                0x0040b430      0x100 build/obj/engine_math.o
                0x0040b430                getEngineLoadT()
 .text$_Z14getGpio_mode_e11gpio_mode_e
                0x0040b530       0x20 build/obj/auto_generated_enums.o
                0x0040b530                getGpio_mode_e(gpio_mode_e)
 .text$_Z14getIdle_mode_e11idle_mode_e
                0x0040b550       0x30 build/obj/auto_generated_enums.o
                0x0040b550                getIdle_mode_e(idle_mode_e)
 .text$_Z14getInjectorLagf
                0x0040b580       0x70 build/obj/fuel_math.o
                0x0040b580                getInjectorLag(float)
 .text$_Z14getRealMafFuelfi
                0x0040b5f0       0x80 build/obj/fuel_math.o
                0x0040b5f0                getRealMafFuel(float, int)
 .text$_Z14getRunningFuelfi
                0x0040b670       0x20 build/obj/fuel_math.o
                0x0040b670                getRunningFuel(float, int)
 .text$_Z14getTPS10bitAdcv
                0x0040b690       0x30 build/obj/tps.o
                0x0040b690                getTPS10bitAdc()
 .text$_Z14initLoggingExtP7LoggingPKcPci
                0x0040b6c0       0x30 build/obj/datalogging.o
                0x0040b6c0                initLoggingExt(Logging*, char const*, char*, int)
 .text$_Z14initMapDecoderP7Logging
                0x0040b6f0       0xd0 build/obj/map.o
                0x0040b6f0                initMapDecoder(Logging*)
 .text$_Z14initStatusLoopP6Engine
                0x0040b7c0       0x40 build/obj/status_loop.o
                0x0040b7c0                initStatusLoop(Engine*)
 .text$_Z14isConsoleReadyv
                0x0040b800       0x10 build/obj/rusEfiFunctionalTest.o
                0x0040b800                isConsoleReady()
 .text$_Z14prepareFuelMapv
                0x0040b810       0x90 build/obj/fuel_math.o
                0x0040b810                prepareFuelMap()
 .text$_Z14printHistogramP7LoggingP11histogram_s
                0x0040b8a0       0xa0 build/obj/efilib.o
                0x0040b8a0                printHistogram(Logging*, histogram_s*)
 .text$_Z14scheduleByTimePKcP12scheduling_sxPFvPvES3_
                0x0040b940       0x70 build/obj/signal_executor_sleep.o
                0x0040b940                scheduleByTime(char const*, scheduling_s*, long long, void (*)(void*), void*)
 .text$_Z14scheduleOutputP19OutputSignal_structxff
                0x0040b9b0      0x1a0 build/obj/signal_executor.o
                0x0040b9b0                scheduleOutput(OutputSignal_struct*, long long, float, float)
 .text$_Z14setDodgeSensorP14ThermistorConf
                0x0040bb50       0x30 build/obj/thermistors.o
                0x0040bb50                setDodgeSensor(ThermistorConf*)
 .text$_Z14setFordInline6v
                0x0040bb80      0x260 build/obj/ford_1995_inline_6.o
                0x0040bb80                setFordInline6()
 .text$_Z14setFuelLoadBinff
                0x0040bde0       0x40 build/obj/engine_math.o
                0x0040bde0                setFuelLoadBin(float, float)
 .text$_Z14setMiata1994_dv
                0x0040be20       0x50 build/obj/mazda_miata.o
                0x0040be20                setMiata1994_d()
 .text$_Z14setMiata1994_sv
                0x0040be70      0x100 build/obj/mazda_miata.o
                0x0040be70                setMiata1994_s()
 .text$_Z14setRpmTableBinPfi
                0x0040bf70       0x40 build/obj/table_helper.o
                0x0040bf70                setRpmTableBin(float*, int)
 .text$_Z14tsSendResponseP12ts_channel_s20ts_response_format_ePKhi
                0x0040bfb0       0x50 build/obj/tunerstudio_io.o
                0x0040bfb0                tsSendResponse(ts_channel_s*, ts_response_format_e, unsigned char const*, int)
 .text$_Z15appendMsgPrefixP7Logging
                0x0040c000       0x20 build/obj/datalogging.o
                0x0040c000                appendMsgPrefix(Logging*)
 .text$_Z15copyTimingTablePA16_KfPA16_f
                0x0040c020       0x40 build/obj/engine_configuration.o
                0x0040c020                copyTimingTable(float const (*) [16], float (*) [16])
 .text$_Z15getBaroPressurev
                0x0040c060       0x50 build/obj/map.o
                0x0040c060                getBaroPressure()
 .text$_Z15getCrankingFuelv
                0x0040c0b0       0x30 build/obj/fuel_math.o
                0x0040c0b0                getCrankingFuel()
 .text$_Z15getEgo_sensor_e12ego_sensor_e
                0x0040c0e0       0x60 build/obj/auto_generated_enums.o
                0x0040c0e0                getEgo_sensor_e(ego_sensor_e)
 .text$_Z15getLog_format_e12log_format_e
                0x0040c140       0x30 build/obj/auto_generated_enums.o
                0x0040c140                getLog_format_e(log_format_e)
 .text$_Z15getMapByVoltagef
                0x0040c170       0x30 build/obj/map.o
                0x0040c170                getMapByVoltage(float)
 .text$_Z15getSpi_device_e12spi_device_e
                0x0040c1a0       0x60 build/obj/auto_generated_enums.o
                0x0040c1a0                getSpi_device_e(spi_device_e)
 .text$_Z15getTemperatureCP14ThermistorConfP14ThermistorMath
                0x0040c200       0x50 build/obj/thermistors.o
                0x0040c200                getTemperatureC(ThermistorConf*, ThermistorMath*)
 .text$_Z15initSensorChartv
                0x0040c250       0x30 build/obj/sensor_chart.o
                0x0040c250                initSensorChart()
 .text$_Z15initThermistorsP7Logging
                0x0040c280       0x40 build/obj/thermistors.o
                0x0040c280                initThermistors(Logging*)
 .text$_Z15invokeCallbacksP16IntListenerArrayi
                0x0040c2c0       0x30 build/obj/listener_array.o
                0x0040c2c0                invokeCallbacks(IntListenerArray*, int)
 .text$_Z15printFloatArrayPKcPfi
                0x0040c2f0       0x80 build/obj/settings.o
                0x0040c2f0                printFloatArray(char const*, float*, int)
 .text$_Z15printWithLengthPc
                0x0040c370       0x90 build/obj/datalogging.o
                0x0040c370                printWithLength(char*)
 .text$_Z15scheduleByAngleiP12scheduling_sfPFvPvES1_P13RpmCalculator
                0x0040c400       0xc0 build/obj/rpm_calculator.o
                0x0040c400                scheduleByAngle(int, scheduling_s*, float, void (*)(void*), void*, RpmCalculator*)
 .text$_Z15setDodgeRam1996v
                0x0040c4c0      0x1c0 build/obj/dodge_ram.o
                0x0040c4c0                setDodgeRam1996()
 .text$_Z15setFordEscortGtv
                0x0040c680      0x2d0 build/obj/mazda_miata.o
                0x0040c680                setFordEscortGt()
 .text$_Z15setTimingRpmBinff
                0x0040c950       0x40 build/obj/engine_math.o
                0x0040c950                setTimingRpmBin(float, float)
 .text$_Z15setWholeFuelMapf
                0x0040c990       0x40 build/obj/engine_configuration.o
                0x0040c990                setWholeFuelMap(float)
 .text$_Z16appendMsgPostfixP7Logging
                0x0040c9d0       0x20 build/obj/datalogging.o
                0x0040c9d0                appendMsgPostfix(Logging*)
 .text$_Z16getAdc_channel_e13adc_channel_e
                0x0040c9f0       0xf0 build/obj/auto_generated_enums.o
                0x0040c9f0                getAdc_channel_e(adc_channel_e)
 .text$_Z16getBaseTableFuelP22engine_configuration_sif
                0x0040cae0       0x50 build/obj/fuel_math.o
                0x0040cae0                getBaseTableFuel(engine_configuration_s*, int, float)
 .text$_Z16getCltCorrectionf
                0x0040cb30       0x50 build/obj/fuel_math.o
                0x0040cb30                getCltCorrection(float)
 .text$_Z16getCrankingFuel3fj
                0x0040cb80       0xa0 build/obj/fuel_math.o
                0x0040cb80                getCrankingFuel3(float, unsigned int)
 .text$_Z16getEngine_type_e13engine_type_e
                0x0040cc20      0x1b0 build/obj/auto_generated_enums.o
                0x0040cc20                getEngine_type_e(engine_type_e)
 .text$_Z16getIatCorrectionf
                0x0040cdd0       0x50 build/obj/fuel_math.o
                0x0040cdd0                getIatCorrection(float)
 .text$_Z16getOperationModePK22engine_configuration_s
                0x0040ce20       0x10 build/obj/engine_configuration.o
                0x0040ce20                getOperationMode(engine_configuration_s const*)
 .text$_Z16getPedalPositionv
                0x0040ce30       0x90 build/obj/tps.o
                0x0040ce30                getPedalPosition()
 .text$_Z16getRpmMultiplier16operation_mode_e
                0x0040cec0       0x20 build/obj/engine_configuration.o
                0x0040cec0                getRpmMultiplier(operation_mode_e)
 .text$_Z16getSparkDwellMsTi
                0x0040cee0       0xa0 build/obj/engine_math.o
                0x0040cee0                getSparkDwellMsT(int)
 .text$_Z16getTiming_mode_e13timing_mode_e
                0x0040cf80       0x30 build/obj/auto_generated_enums.o
                0x0040cf80                getTiming_mode_e(timing_mode_e)
 .text$_Z16handleCrc32CheckP12ts_channel_s20ts_response_format_ettt
                0x0040cfb0      0x110 build/obj/tunerstudio.o
                0x0040cfb0                handleCrc32Check(ts_channel_s*, ts_response_format_e, unsigned short, unsigned short, unsigned short)
 .text$_Z16initMapAveragingP7LoggingP6Engine
                0x0040d0c0       0x40 build/obj/map_averaging.o
                0x0040d0c0                initMapAveraging(Logging*, Engine*)
 .text$_Z16initSpeedDensityv
                0x0040d100       0xe0 build/obj/speed_density.o
                0x0040d100                initSpeedDensity()
 .text$_Z16isSerialOverUartv
                0x0040d1e0       0x10 build/obj/console_io.o
                0x0040d1e0                isSerialOverUart()
 .text$_Z16isStep1Conditioni
                0x0040d1f0       0x30 build/obj/advance_map.o
                0x0040d1f0                isStep1Condition(int)
 .text$_Z16prepareTimingMapv
                0x0040d220       0x90 build/obj/advance_map.o
                0x0040d220                prepareTimingMap()
 .text$_Z16setConstantDwellf
                0x0040d2b0       0x40 build/obj/engine_configuration.o
                0x0040d2b0                setConstantDwell(float)
 .text$_Z16setMiniCooperR50P22engine_configuration_s
                0x0040d2f0       0x10 build/obj/MiniCooperR50.o
                0x0040d2f0                setMiniCooperR50(engine_configuration_s*)
 .text$_Z16setOperationModeP22engine_configuration_s16operation_mode_e
                0x0040d300       0x10 build/obj/engine_configuration.o
                0x0040d300                setOperationMode(engine_configuration_s*, operation_mode_e)
 .text$_Z16setSubaru2003Wrxv
                0x0040d310       0x50 build/obj/subaru.o
                0x0040d310                setSubaru2003Wrx()
 .text$_Z16setTimingLoadBinff
                0x0040d360       0x40 build/obj/engine_math.o
                0x0040d360                setTimingLoadBin(float, float)
 .text$_Z16tunerStudioDebugPKc
                0x0040d3a0       0x10 build/obj/tunerstudio.o
                0x0040d3a0                tunerStudioDebug(char const*)
 .text$_Z16tunerStudioErrorPKc
                0x0040d3b0       0x20 build/obj/tunerstudio.o
                0x0040d3b0                tunerStudioError(char const*)
 .text$_Z17avgGetValuesCountP8AvgTableif
                0x0040d3d0       0x80 build/obj/avg_values.o
                0x0040d3d0                avgGetValuesCount(AvgTable*, int, float)
 .text$_Z17checkSwitchTimes2iPf
                0x0040d450       0x90 build/obj/EfiWave.o
                0x0040d450                checkSwitchTimes2(int, float*)
 .text$_Z17convertCelsiustoFf
                0x0040d4e0       0x20 build/obj/thermistors.o
                0x0040d4e0                convertCelsiustoF(float)
 .text$_Z17convertFtoCelsiusf
                0x0040d500       0x20 build/obj/thermistors.o
                0x0040d500                convertFtoCelsius(float)
 .text$_Z17copyPwmParametersP9PwmConfigiPfiPPa
                0x0040d520       0x80 build/obj/pwm_generator_logic.o
                0x0040d520                copyPwmParameters(PwmConfig*, int, float*, int, signed char**)
 .text$_Z17getBaroCorrectionv
                0x0040d5a0       0xa0 build/obj/fuel_math.o
                0x0040d5a0                getBaroCorrection()
 .text$_Z17getConsoleChannelv
                0x0040d640       0x10 build/obj/rusEfiFunctionalTest.o
                0x0040d640                getConsoleChannel()
 .text$_Z17getDisplay_mode_e14display_mode_e
                0x0040d650       0x40 build/obj/auto_generated_enums.o
                0x0040d650                getDisplay_mode_e(display_mode_e)
 .text$_Z17getFiring_order_e14firing_order_e
                0x0040d690       0x90 build/obj/auto_generated_enums.o
                0x0040d690                getFiring_order_e(firing_order_e)
 .text$_Z17getTrigger_type_e14trigger_type_e
                0x0040d720      0x150 build/obj/auto_generated_enums.o
                0x0040d720                getTrigger_type_e(trigger_type_e)
 .text$_Z17getTsSerialDevicev
                0x0040d870       0x10 build/obj/tunerstudio_io.o
                0x0040d870                getTsSerialDevice()
 .text$_Z17handleBurnCommandP12ts_channel_s20ts_response_format_et
                0x0040d880      0x120 build/obj/tunerstudio.o
                0x0040d880                handleBurnCommand(ts_channel_s*, ts_response_format_e, unsigned short)
 .text$_Z17handleTestCommandP12ts_channel_s
                0x0040d9a0       0x40 build/obj/tunerstudio.o
                0x0040d9a0                handleTestCommand(ts_channel_s*)
 .text$_Z17initConfigActionsv
                0x0040d9e0       0xb0 build/obj/engine_controller.o
                0x0040d9e0                initConfigActions()
 .text$_Z17initInterpolationP7Logging
                0x0040da90       0x30 build/obj/interpolation.o
                0x0040da90                initInterpolation(Logging*)
 .text$_Z17initRpmCalculatorP7LoggingP6Engine
                0x0040dac0       0x50 build/obj/rpm_calculator.o
                0x0040dac0                initRpmCalculator(Logging*, Engine*)
 .text$_Z17initializeConsoleP7Logging
                0x0040db10       0xa0 build/obj/eficonsole.o
                0x0040db10                initializeConsole(Logging*)
 .text$_Z17setDefaultVETablev
                0x0040dbb0      0x180 build/obj/speed_density.o
                0x0040dbb0                setDefaultVETable()
 .text$_Z17swapOutputBuffersPi
                0x0040dd30       0x80 build/obj/loggingcentral.o
                0x0040dd30                swapOutputBuffers(int*)
 .text$_Z18getIgnition_mode_e15ignition_mode_e
                0x0040ddb0       0x40 build/obj/auto_generated_enums.o
                0x0040ddb0                getIgnition_mode_e(ignition_mode_e)
 .text$_Z18getTpsRateOfChangev
                0x0040ddf0       0x10 build/obj/tps.o
                0x0040ddf0                getTpsRateOfChange()
 .text$_Z18getTrigger_event_e15trigger_event_e
                0x0040de00       0x20 build/obj/auto_generated_enums.o
                0x0040de00                getTrigger_event_e(trigger_event_e)
 .text$_Z18getTrigger_value_e15trigger_value_e
                0x0040de20       0x20 build/obj/auto_generated_enums.o
                0x0040de20                getTrigger_value_e(trigger_value_e)
 .text$_Z18getTrigger_wheel_e15trigger_wheel_e
                0x0040de40       0x20 build/obj/auto_generated_enums.o
                0x0040de40                getTrigger_wheel_e(trigger_wheel_e)
 .text$_Z18getWorkingPageAddri
                0x0040de60       0x20 build/obj/tunerstudio.o
                0x0040de60                getWorkingPageAddr(int)
 .text$_Z18getinjectionOffseti
                0x0040de80       0x30 build/obj/fuel_math.o
                0x0040de80                getinjectionOffset(int)
 .text$_Z18handlePlainCommandP12ts_channel_sh
                0x0040deb0      0x360 build/obj/tunerstudio.o
                0x0040deb0                handlePlainCommand(ts_channel_s*, unsigned char)
 .text$_Z18handleQueryCommandP12ts_channel_s20ts_response_format_e
                0x0040e210       0x40 build/obj/tunerstudio.o
                0x0040e210                handleQueryCommand(ts_channel_s*, ts_response_format_e)
 .text$_Z18initDataStructuresv
                0x0040e250       0x20 build/obj/algo.o
                0x0040e250                initDataStructures()
 .text$_Z18initLoggingCentralv
                0x0040e270       0x30 build/obj/loggingcentral.o
                0x0040e270                initLoggingCentral()
 .text$_Z18initPeriodicEventsv
                0x0040e2a0       0x10 build/obj/engine_controller.o
                0x0040e2a0                initPeriodicEvents()
 .text$_Z18initSignalExecutorv
                0x0040e2b0       0x50 build/obj/signal_executor.o
                0x0040e2b0                initSignalExecutor()
 .text$_Z18initTriggerCentralP7LoggingP6Engine
                0x0040e300       0x80 build/obj/trigger_central.o
                0x0040e300                initTriggerCentral(Logging*, Engine*)
 .text$_Z18initTriggerDecoderv
                0x0040e380       0x40 build/obj/trigger_decoder.o
                0x0040e380                initTriggerDecoder()
 .text$_Z18isInjectionEnabledP22engine_configuration_s
                0x0040e3c0       0x10 build/obj/engine_math.o
                0x0040e3c0                isInjectionEnabled(engine_configuration_s*)
 .text$_Z18printConfigurationP22engine_configuration_s
                0x0040e3d0      0x6d0 build/obj/settings.o
                0x0040e3d0                printConfiguration(engine_configuration_s*)
 .text$_Z18setBosch0280218004P19persistent_config_s
                0x0040eaa0       0x40 build/obj/maf.o
                0x0040eaa0                setBosch0280218004(persistent_config_s*)
 .text$_Z18setBosch0280218037P19persistent_config_s
                0x0040eae0       0xb0 build/obj/maf.o
                0x0040eae0                setBosch0280218037(persistent_config_s*)
 .text$_Z18setCommonNTCSensorP14ThermistorConf
                0x0040eb90       0x30 build/obj/thermistors.o
                0x0040eb90                setCommonNTCSensor(ThermistorConf*)
 .text$_Z18setMazdaMiataNAMafP19persistent_config_s
                0x0040ebc0      0x430 build/obj/maf.o
                0x0040ebc0                setMazdaMiataNAMaf(persistent_config_s*)
 .text$_Z18setSingleCoilDwellP22engine_configuration_s
                0x0040eff0       0x70 build/obj/engine_math.o
                0x0040eff0                setSingleCoilDwell(engine_configuration_s*)
 .text$_Z18setVwConfigurationP12TriggerShape
                0x0040f060      0x160 build/obj/trigger_structure.o
                0x0040f060                setVwConfiguration(TriggerShape*)
 .text$_Z18startStatusThreadsP6Engine
                0x0040f1c0       0x40 build/obj/status_loop.o
                0x0040f1c0                startStatusThreads(Engine*)
 .text$_Z19consoleOutputBufferPKhi
                0x0040f200       0x50 build/obj/console_io.o
                0x0040f200                consoleOutputBuffer(unsigned char const*, int)
 .text$_Z19findTriggerPositionP24event_trigger_position_sf
                0x0040f250       0xf0 build/obj/engine_math.o
                0x0040f250                findTriggerPosition(event_trigger_position_s*, float)
 .text$_Z19getHip9011BandIndexf
                0x0040f340       0x30 build/obj/hip9011_lookup.o
                0x0040f340                getHip9011BandIndex(float)
 .text$_Z19getHip9011GainIndexf
                0x0040f370       0x40 build/obj/hip9011_lookup.o
                0x0040f370                getHip9011GainIndex(float)
 .text$_Z19getInjection_mode_e16injection_mode_e
                0x0040f3b0       0x40 build/obj/auto_generated_enums.o
                0x0040f3b0                getInjection_mode_e(injection_mode_e)
 .text$_Z19getOperation_mode_e16operation_mode_e
                0x0040f3f0       0x50 build/obj/auto_generated_enums.o
                0x0040f3f0                getOperation_mode_e(operation_mode_e)
 .text$_Z19getPin_input_mode_e16pin_input_mode_e
                0x0040f440       0x40 build/obj/auto_generated_enums.o
                0x0040f440                getPin_input_mode_e(pin_input_mode_e)
 .text$_Z19getSpeedDensityFueli
                0x0040f480       0x70 build/obj/speed_density.o
                0x0040f480                getSpeedDensityFuel(int)
 .text$_Z19getTriggerDutyCyclei
                0x0040f4f0       0x20 build/obj/trigger_central.o
                0x0040f4f0                getTriggerDutyCycle(int)
 .text$_Z19hwHandleShaftSignal15trigger_event_e
                0x0040f510       0xa0 build/obj/trigger_central.o
                0x0040f510                hwHandleShaftSignal(trigger_event_e)
 .text$_Z19initAccelEnrichmentP7Logging
                0x0040f5b0       0xf0 build/obj/accel_enrichment.o
                0x0040f5b0                initAccelEnrichment(Logging*)
 .text$_Z19initEngineContollerP7Logging
                0x0040f6a0      0x130 build/obj/engine_controller.o
                0x0040f6a0                initEngineContoller(Logging*)
 .text$_Z19initTriggerEmulatorP7LoggingP6Engine
                0x0040f7d0       0x70 build/obj/trigger_emulator.o
                0x0040f7d0                initTriggerEmulator(Logging*, Engine*)
 .text$_Z19mainTriggerCallback15trigger_event_ej
                0x0040f840      0xaa0 build/obj/main_trigger_callback.o
                0x0040f840                mainTriggerCallback(trigger_event_e, unsigned int)
 .text$_Z19setFrankenso_01_LCDP21board_configuration_s
                0x004102e0       0x50 build/obj/honda_accord.o
                0x004102e0                setFrankenso_01_LCD(board_configuration_s*)
 .text$_Z19setWholeTimingTablef
                0x00410330       0x40 build/obj/engine_configuration.o
                0x00410330                setWholeTimingTable(float)
 .text$_Z19syncTunerStudioCopyv
                0x00410370       0x30 build/obj/tunerstudio.o
                0x00410370                syncTunerStudioCopy()
 .text$_Z20avgGetValueByIndexesP8AvgTableii
                0x004103a0       0x40 build/obj/avg_values.o
                0x004103a0                avgGetValueByIndexes(AvgTable*, int, int)
 .text$_Z20getConfigurationName13engine_type_e
                0x004103e0       0x20 build/obj/settings.o
                0x004103e0                getConfigurationName(engine_type_e)
 .text$_Z20getCrankEventCounterv
                0x00410400       0x10 build/obj/trigger_central.o
                0x00410400                getCrankEventCounter()
 .text$_Z20getCrankshaftAngleNtx
                0x00410410       0x70 build/obj/rpm_calculator.o
                0x00410410                getCrankshaftAngleNt(long long)
 .text$_Z20getInjectorDutyCyclei
                0x00410480       0x10 build/obj/fuel_math.o
                0x00410480                getInjectorDutyCycle(int)
 .text$_Z20getKelvinTemperatureP14ThermistorConffP14ThermistorMath
                0x00410490       0x70 build/obj/thermistors.o
                0x00410490                getKelvinTemperature(ThermistorConf*, float, ThermistorMath*)
 .text$_Z20getPin_output_mode_e17pin_output_mode_e
                0x00410500       0x50 build/obj/auto_generated_enums.o
                0x00410500                getPin_output_mode_e(pin_output_mode_e)
 .text$_Z20getRevolutionCounterv
                0x00410550       0x10 build/obj/rpm_calculator.o
                0x00410550                getRevolutionCounter()
 .text$_Z20prepareOutputSignalsv
                0x00410560      0x1e0 build/obj/engine_math.o
                0x00410560                prepareOutputSignals()
 .text$_Z20setFuelTablesLoadBinff
                0x00410740       0xa0 build/obj/engine_configuration.o
                0x00410740                setFuelTablesLoadBin(float, float)
 .text$_Z20tunerStudioWriteDataP12ts_channel_sPKhi
                0x004107e0       0x90 build/obj/tunerstudio_io.o
                0x004107e0                tunerStudioWriteData(ts_channel_s*, unsigned char const*, int)
 .text$_Z21getAdc_channel_mode_e18adc_channel_mode_e
                0x00410870       0x40 build/obj/auto_generated_enums.o
                0x00410870                getAdc_channel_mode_e(adc_channel_mode_e)
 .text$_Z21getCoolantTemperaturev
                0x004108b0       0xd0 build/obj/thermistors.o
                0x004108b0                getCoolantTemperature()
 .text$_Z21getEngine_load_mode_e18engine_load_mode_e
                0x00410980       0x60 build/obj/auto_generated_enums.o
                0x00410980                getEngine_load_mode_e(engine_load_mode_e)
 .text$_Z21getR1InVoltageDividorfff
                0x004109e0       0x20 build/obj/thermistors.o
                0x004109e0                getR1InVoltageDividor(float, float, float)
 .text$_Z21getR2InVoltageDividorfff
                0x00410a00       0x30 build/obj/thermistors.o
                0x00410a00                getR2InVoltageDividor(float, float, float)
 .text$_Z21handlePageReadCommandP12ts_channel_s20ts_response_format_ettt
                0x00410a30       0xd0 build/obj/tunerstudio.o
                0x00410a30                handlePageReadCommand(ts_channel_s*, ts_response_format_e, unsigned short, unsigned short, unsigned short)
 .text$_Z21initMainEventListenerP7LoggingP6Engine
                0x00410b00       0x70 build/obj/main_trigger_callback.o
                0x00410b00                initMainEventListener(Logging*, Engine*)
 .text$_Z21invokeArgIntCallbacksP16IntListenerArrayi
                0x00410b70       0x40 build/obj/listener_array.o
                0x00410b70                invokeArgIntCallbacks(IntListenerArray*, int)
 .text$_Z21invokeIntIntCallbacksP16IntListenerArrayii
                0x00410bb0       0x40 build/obj/listener_array.o
                0x00410bb0                invokeIntIntCallbacks(IntListenerArray*, int, int)
 .text$_Z21isIgnitionTimingErrorv
                0x00410bf0       0x70 build/obj/main_trigger_callback.o
                0x00410bf0                isIgnitionTimingError()
 .text$_Z21isTriggerDecoderErrorv
                0x00410c60       0x70 build/obj/trigger_decoder.o
                0x00410c60                isTriggerDecoderError()
 .text$_Z21outputPinRegisterExt2PKcP9OutputPin11brain_pin_eP17pin_output_mode_e
                0x00410cd0       0x10 build/obj/rusEfiFunctionalTest.o
                0x00410cd0                outputPinRegisterExt2(char const*, OutputPin*, brain_pin_e, pin_output_mode_e*)
 .text$_Z21resetConfigurationExtP7Logging13engine_type_e
                0x00410ce0      0x270 build/obj/engine_configuration.o
                0x00410ce0                resetConfigurationExt(Logging*, engine_type_e)
 .text$_Z21runBinaryProtocolLoopP12ts_channel_sb
                0x00410f50      0x300 build/obj/tunerstudio.o
                0x00410f50                runBinaryProtocolLoop(ts_channel_s*, bool)
 .text$_Z21setTriggerEmulatorRPMiP6Engine
                0x00411250       0x90 build/obj/trigger_emulator_algo.o
                0x00411250                setTriggerEmulatorRPM(int, Engine*)
 .text$_Z21updateDevConsoleStateP6Engine
                0x004112e0      0x360 build/obj/status_loop.o
                0x004112e0                updateDevConsoleState(Engine*)
 .text$_Z22applyFsioConfigurationv
                0x00411640       0x70 build/obj/fsio_impl.o
                0x00411640                applyFsioConfiguration()
 .text$_Z22configureHondaAccordCDP12TriggerShapebb15trigger_wheel_eS1_f
                0x004116b0      0x330 build/obj/trigger_structure.o
                0x004116b0                configureHondaAccordCD(TriggerShape*, bool, bool, trigger_wheel_e, trigger_wheel_e, float)
 .text$_Z22getPinNameByAdcChannel13adc_channel_ePc
                0x004119e0       0x10 build/obj/engine_controller.o
                0x004119e0                getPinNameByAdcChannel(adc_channel_e, char*)
 .text$_Z22getTunerStudioPageSizei
                0x004119f0       0x10 build/obj/tunerstudio.o
                0x004119f0                getTunerStudioPageSize(int)
 .text$_Z22hasPedalPositionSensorv
                0x00411a00       0x10 build/obj/tps.o
                0x00411a00                hasPedalPositionSensor()
 .text$_Z22initSignalExecutorImplv
                0x00411a10       0x10 build/obj/signal_executor_sleep.o
                0x00411a10                initSignalExecutorImpl()
 .text$_Z22setFrankenstein_01_LCDP21board_configuration_s
                0x00411a20       0x50 build/obj/rover_v8.o
                0x00411a20                setFrankenstein_01_LCD(board_configuration_s*)
 .text$_Z22showWaveChartHistogramv
                0x00411a70       0x10 build/obj/wave_chart.o
                0x00411a70                showWaveChartHistogram()
 .text$_Z22updateTunerStudioStateP25TunerStudioOutputChannels
                0x00411a80      0x2f0 build/obj/status_loop.o
                0x00411a80                updateTunerStudioState(TunerStudioOutputChannels*)
 .text$_Z23addTriggerEventListenerPFv15trigger_event_ejEPKcP6Engine
                0x00411d70       0x30 build/obj/trigger_central.o
                0x00411d70                addTriggerEventListener(void (*)(trigger_event_e, unsigned int), char const*, Engine*)
 .text$_Z23configureGmTriggerShapeP12TriggerShape
                0x00411da0      0x200 build/obj/trigger_gm.o
                0x00411da0                configureGmTriggerShape(TriggerShape*)
 .text$_Z23configureMazdaProtegeLxP12TriggerShape
                0x00411fa0      0x180 build/obj/trigger_mazda.o
                0x00411fa0                configureMazdaProtegeLx(TriggerShape*)
 .text$_Z23getIntakeAirTemperaturev
                0x00412120       0xd0 build/obj/thermistors.o
                0x00412120                getIntakeAirTemperature()
 .text$_Z23getVoutInVoltageDividorfff
                0x004121f0       0x20 build/obj/thermistors.o
                0x004121f0                getVoutInVoltageDividor(float, float, float)
 .text$_Z23handlePageSelectCommandP12ts_channel_s20ts_response_format_et
                0x00412210       0x60 build/obj/tunerstudio.o
                0x00412210                handlePageSelectCommand(ts_channel_s*, ts_response_format_e, unsigned short)
 .text$_Z23handleWriteChunkCommandP12ts_channel_s20ts_response_format_essPv
                0x00412270      0x190 build/obj/tunerstudio.o
                0x00412270                handleWriteChunkCommand(ts_channel_s*, ts_response_format_e, short, short, void*)
 .text$_Z23handleWriteValueCommandP12ts_channel_s20ts_response_format_etth
                0x00412400       0xe0 build/obj/tunerstudio.o
                0x00412400                handleWriteValueCommand(ts_channel_s*, ts_response_format_e, unsigned short, unsigned short, unsigned char)
 .text$_Z23prepareHip9011RpmLookupf
                0x004124e0       0x50 build/obj/hip9011_lookup.o
                0x004124e0                prepareHip9011RpmLookup(float)
 .text$_Z23setDefaultConfigurationv
                0x00412530     0x1070 build/obj/engine_configuration.o
                0x00412530                setDefaultConfiguration()
 .text$_Z24convertVoltageTo10bitADCf
                0x004135a0       0x40 build/obj/tps.o
                0x004135a0                convertVoltageTo10bitADC(float)
 .text$_Z24getIntegrationIndexByRpmf
                0x004135e0       0x40 build/obj/hip9011_lookup.o
                0x004135e0                getIntegrationIndexByRpm(float)
 .text$_Z24initTriggerDecoderLoggerP7Logging
                0x00413620       0x10 build/obj/trigger_decoder.o
                0x00413620                initTriggerDecoderLogger(Logging*)
 .text$_Z24initTriggerEmulatorLogicP7LoggingP6Engine
                0x00413630       0xe0 build/obj/trigger_emulator_algo.o
                0x00413630                initTriggerEmulatorLogic(Logging*, Engine*)
 .text$_Z24initializeMitsubishi4g18P12TriggerShape
                0x00413710      0x1d0 build/obj/trigger_mitsubishi.o
                0x00413710                initializeMitsubishi4g18(TriggerShape*)
 .text$_Z24prepareVoidConfigurationP22engine_configuration_s
                0x004138e0      0x1f0 build/obj/engine_configuration.o
                0x004138e0                prepareVoidConfiguration(engine_configuration_s*)
 .text$_Z24rpmShaftPositionCallback15trigger_event_ej
                0x00413ad0      0x210 build/obj/rpm_calculator.o
                0x00413ad0                rpmShaftPositionCallback(trigger_event_e, unsigned int)
 .text$_Z24setFrankenso0_1_joystickP22engine_configuration_s
                0x00413ce0       0x40 build/obj/engine_configuration.o
                0x00413ce0                setFrankenso0_1_joystick(engine_configuration_s*)
 .text$_Z25configureHondaAccordCDDipP12TriggerShape
                0x00413d20      0x2d0 build/obj/trigger_structure.o
                0x00413d20                configureHondaAccordCDDip(TriggerShape*)
 .text$_Z25configureMazdaProtegeSOHCP12TriggerShape
                0x00413ff0      0x140 build/obj/trigger_mazda.o
                0x00413ff0                configureMazdaProtegeSOHC(TriggerShape*)
 .text$_Z25convertKelvinToFahrenheitf
                0x00414130       0x20 build/obj/thermistors.o
                0x00414130                convertKelvinToFahrenheit(float)
 .text$_Z25findTriggerZeroEventIndexP12TriggerShapePK16trigger_config_s
                0x00414150      0x1b0 build/obj/trigger_decoder.o
                0x00414150                findTriggerZeroEventIndex(TriggerShape*, trigger_config_s const*)
 .text$_Z25getStartOfRevolutionIndexv
                0x00414300       0x10 build/obj/trigger_central.o
                0x00414300                getStartOfRevolutionIndex()
 .text$_Z25handleActionWithParameterP13TokenCallbackPc
                0x00414310      0x360 build/obj/cli_registry.o
                0x00414310                handleActionWithParameter(TokenCallback*, char*)
 .text$_Z25initializeIgnitionActionsffP9ArrayListI13IgnitionEventLi80EE
                0x00414670       0xd0 build/obj/engine_math.o
                0x00414670                initializeIgnitionActions(float, float, ArrayList<IgnitionEvent, 80>*)
 .text$_Z25invokeIntIntVoidCallbacksP16IntListenerArrayii
                0x00414740       0x50 build/obj/listener_array.o
                0x00414740                invokeIntIntVoidCallbacks(IntListenerArray*, int, int)
 .text$_Z25isValidCoolantTemperaturef
                0x00414790       0x40 build/obj/thermistors.o
                0x00414790                isValidCoolantTemperature(float)
 .text$_Z25prepareTunerStudioOutputsv
                0x004147d0       0x20 build/obj/status_loop.o
                0x004147d0                prepareTunerStudioOutputs()
 .text$_Z25tunerStudioWriteCrcPacketP12ts_channel_shPKvt
                0x004147f0       0xa0 build/obj/tunerstudio_io.o
                0x004147f0                tunerStudioWriteCrcPacket(ts_channel_s*, unsigned char, void const*, unsigned short)
 .text$_Z26printAllCallbacksHistogramv
                0x00414890       0x10 build/obj/trigger_central.o
                0x00414890                printAllCallbacksHistogram()
 .text$_Z26setMitsubishiConfigurationv
                0x004148a0      0x120 build/obj/mitsubishi.o
                0x004148a0                setMitsubishiConfiguration()
 .text$_Z26setTestEngineConfigurationv
                0x004149c0      0x100 build/obj/test_engine.o
                0x004149c0                setTestEngineConfiguration()
 .text$_Z26setThermistorConfigurationP14ThermistorConfffffff
                0x00414ac0       0x30 build/obj/thermistors.o
                0x00414ac0                setThermistorConfiguration(ThermistorConf*, float, float, float, float, float, float)
 .text$_Z26setWholeIatCorrTimingTablef
                0x00414af0       0x40 build/obj/engine_configuration.o
                0x00414af0                setWholeIatCorrTimingTable(float)
 .text$_Z27commonFrankensoAnalogInputsP22engine_configuration_s
                0x00414b30       0x10 build/obj/engine_configuration.o
                0x00414b30                commonFrankensoAnalogInputs(engine_configuration_s*)
 .text$_Z27getCranking_ignition_mode_e24cranking_ignition_mode_e
                0x00414b40       0x30 build/obj/auto_generated_enums.o
                0x00414b40                getCranking_ignition_mode_e(cranking_ignition_mode_e)
 .text$_Z27handleOutputChannelsCommandP12ts_channel_s20ts_response_format_e
                0x00414b70       0x40 build/obj/tunerstudio.o
                0x00414b70                handleOutputChannelsCommand(ts_channel_s*, ts_response_format_e)
 .text$_Z27initializeMazdaMiataNaShapeP12TriggerShape
                0x00414bb0      0x1d0 build/obj/trigger_mazda.o
                0x00414bb0                initializeMazdaMiataNaShape(TriggerShape*)
 .text$_Z27initializeMazdaMiataNbShapeP12TriggerShape
                0x00414d80      0x320 build/obj/trigger_mazda.o
                0x00414d80                initializeMazdaMiataNbShape(TriggerShape*)
 .text$_Z27isValidIntakeAirTemperaturef
                0x004150a0       0x40 build/obj/thermistors.o
                0x004150a0                isValidIntakeAirTemperature(float)
 .text$_Z27tunerStudioHandleCrcCommandP12ts_channel_sPci
                0x004150e0      0x2b0 build/obj/tunerstudio.o
                0x004150e0                tunerStudioHandleCrcCommand(ts_channel_s*, char*, int)
 .text$_Z28addSkippedToothTriggerEvents15trigger_wheel_eP12TriggerShapeiifffff
                0x00415390      0x200 build/obj/trigger_decoder.o
                0x00415390                addSkippedToothTriggerEvents(trigger_wheel_e, TriggerShape*, int, int, float, float, float, float, float)
 .text$_Z28getRpmByAngleWindowAndTimeUsif
                0x00415590       0x40 build/obj/hip9011_lookup.o
                0x00415590                getRpmByAngleWindowAndTimeUs(int, float)
 .text$_Z28setCustomEngineConfigurationv
                0x004155d0      0x150 build/obj/custom_engine.o
                0x004155d0                setCustomEngineConfiguration()
 .text$_Z28setToothedWheelConfigurationP12TriggerShapeii16operation_mode_e
                0x00415720       0x10 build/obj/trigger_structure.o
                0x00415720                setToothedWheelConfiguration(TriggerShape*, int, int, operation_mode_e)
 .text$_Z28startTunerStudioConnectivityv
                0x00415730       0xc0 build/obj/tunerstudio.o
                0x00415730                startTunerStudioConnectivity()
 .text$_Z29configureNeon1995TriggerShapeP12TriggerShape
                0x004157f0      0x4f0 build/obj/trigger_chrysler.o
                0x004157f0                configureNeon1995TriggerShape(TriggerShape*)
 .text$_Z29configureNeon2003TriggerShapeP12TriggerShape
                0x00415ce0      0x220 build/obj/trigger_chrysler.o
                0x00415ce0                configureNeon2003TriggerShape(TriggerShape*)
 .text$_Z29getAir_pressure_sensor_type_e26air_pressure_sensor_type_e
                0x00415f00       0x60 build/obj/auto_generated_enums.o
                0x00415f00                getAir_pressure_sensor_type_e(air_pressure_sensor_type_e)
 .text$_Z29getCrankshaftRevolutionTimeMsi
                0x00415f60       0x20 build/obj/engine_math.o
                0x00415f60                getCrankshaftRevolutionTimeMs(int)
 .text$_Z29getGlobalConfigurationVersionv
                0x00415f80       0x10 build/obj/engine_configuration.o
                0x00415f80                getGlobalConfigurationVersion()
 .text$_Z29initIntermediateLoggingBufferv
                0x00415f90       0x40 build/obj/datalogging.o
                0x00415f90                initIntermediateLoggingBuffer()
 .text$_Z29setDefaultIatTimingCorrectionv
                0x00415fd0      0x120 build/obj/advance_map.o
                0x00415fd0                setDefaultIatTimingCorrection()
 .text$_Z30setHondaAccordConfigurationDipv
                0x004160f0       0x20 build/obj/honda_accord.o
                0x004160f0                setHondaAccordConfigurationDip()
 .text$_Z30setMazda323EngineConfigurationP22engine_configuration_s
                0x00416110       0x30 build/obj/mazda_323.o
                0x00416110                setMazda323EngineConfiguration(engine_configuration_s*)
 .text$_Z30setMazda626EngineConfigurationv
                0x00416140      0x190 build/obj/mazda_626.o
                0x00416140                setMazda626EngineConfiguration()
 .text$_Z31applyNonPersistentConfigurationP7Logging
                0x004162d0       0xa0 build/obj/engine_configuration.o
                0x004162d0                applyNonPersistentConfiguration(Logging*)
 .text$_Z31configureFordAspireTriggerShapeP12TriggerShape
                0x00416370      0x180 build/obj/trigger_mitsubishi.o
                0x00416370                configureFordAspireTriggerShape(TriggerShape*)
 .text$_Z31configureMiniCooperTriggerShapeP12TriggerShape
                0x004164f0      0x380 build/obj/trigger_bmw.o
                0x004164f0                configureMiniCooperTriggerShape(TriggerShape*)
 .text$_Z31setHondaAccordConfiguration1_24v
                0x00416870       0x20 build/obj/honda_accord.o
                0x00416870                setHondaAccordConfiguration1_24()
 .text$_Z32setFordAspireEngineConfigurationv
                0x00416890      0x220 build/obj/ford_aspire.o
                0x00416890                setFordAspireEngineConfiguration()
 .text$_Z34setDodgeNeonNGCEngineConfigurationv
                0x00416ab0      0x3a0 build/obj/dodge_neon.o
                0x00416ab0                setDodgeNeonNGCEngineConfiguration()
 .text$_Z34setMazdaMiataNbEngineConfigurationv
                0x00416e50      0x1f0 build/obj/mazda_miata_nb.o
                0x00416e50                setMazdaMiataNbEngineConfiguration()
 .text$_Z35incrementGlobalConfigurationVersionv
                0x00417040       0x10 build/obj/engine_configuration.o
                0x00417040                incrementGlobalConfigurationVersion()
 .text$_Z35setDodgeNeon1995EngineConfigurationv
                0x00417050      0x160 build/obj/dodge_neon.o
                0x00417050                setDodgeNeon1995EngineConfiguration()
 .text$_Z35setHondaAccordConfigurationTwoWiresv
                0x004171b0       0x20 build/obj/honda_accord.o
                0x004171b0                setHondaAccordConfigurationTwoWires()
 .text$_Z35setNissanPrimeraEngineConfigurationP22engine_configuration_s
                0x004171d0       0x10 build/obj/nissan_primera.o
                0x004171d0                setNissanPrimeraEngineConfiguration(engine_configuration_s*)
 .text$_Z36setCitroenBerlingoTU3JPConfigurationv
                0x004171e0      0x310 build/obj/citroenBerlingoTU3JP.o
                0x004171e0                setCitroenBerlingoTU3JPConfiguration()
 .text$_Z37initializeSkippedToothTriggerShapeExtP12TriggerShapeii16operation_mode_e
                0x004174f0       0xf0 build/obj/trigger_decoder.o
                0x004174f0                initializeSkippedToothTriggerShapeExt(TriggerShape*, int, int, operation_mode_e)
 .text$_Z37setHondaAccordConfigurationThreeWiresv
                0x004175e0       0x20 build/obj/honda_accord.o
                0x004175e0                setHondaAccordConfigurationThreeWires()
 .text$_Z38setGy6139qmbDefaultEngineConfigurationv
                0x00417600      0x140 build/obj/GY6_139QMB.o
                0x00417600                setGy6139qmbDefaultEngineConfiguration()
 .text$_Z39setFordFiestaDefaultEngineConfigurationv
                0x00417740       0x80 build/obj/ford_fiesta.o
                0x00417740                setFordFiestaDefaultEngineConfiguration()
 .text$_Z41__static_initialization_and_destruction_0ii.part.3
                0x004177c0       0x50 build/obj/main_trigger_callback.o
 .text$_Z41__static_initialization_and_destruction_0ii.part.3
                0x00417810       0x50 build/obj/trigger_decoder.o
 .text$_Z41__static_initialization_and_destruction_0ii.part.7
                0x00417860       0x50 build/obj/engine_controller.o
 .text$_Z5printPKcz
                0x004178b0       0x40 build/obj/eficonsole.o
                0x004178b0                print(char const*, ...)
 .text$_Z6fatal3PcS_i
                0x004178f0       0x60 build/obj/eficonsole.o
                0x004178f0                fatal3(char*, char*, int)
 .text$_Z6getAfrv
                0x00417950       0x70 build/obj/ego.o
                0x00417950                getAfr()
 .text$_Z6getMafv
                0x004179c0       0x40 build/obj/maf.o
                0x004179c0                getMaf()
 .text$_Z6getMapv
                0x00417a00       0x10 build/obj/rusEfiFunctionalTest.o
                0x00417a00                getMap()
 .text$_Z6getTPSv
                0x00417a10       0x50 build/obj/tps.o
                0x00417a10                getTPS()
 .text$_Z6sdMathP22engine_configuration_sffff
                0x00417a60       0x80 build/obj/speed_density.o
                0x00417a60                sdMath(engine_configuration_s*, float, float, float, float)
 .text$_Z6setLCDP21board_configuration_s
                0x00417ae0       0x50 build/obj/citroenBerlingoTU3JP.o
                0x00417ae0                setLCD(board_configuration_s*)
 .text$_Z6setMapPA16_ff
                0x00417b30       0x30 build/obj/engine_configuration.o
                0x00417b30                setMap(float (*) [16], float)
 .text$_Z7avgFillP8AvgTableif
                0x00417b60       0x50 build/obj/avg_values.o
                0x00417b60                avgFill(AvgTable*, int, float)
 .text$_Z7getVRefv
                0x00417bb0       0x40 build/obj/voltage.o
                0x00417bb0                getVRef()
 .text$_Z7setFsioi11brain_pin_ePKc
                0x00417bf0       0x30 build/obj/fsio_impl.o
                0x00417bf0                setFsio(int, brain_pin_e, char const*)
 .text$_Z8avgResetP8AvgTable
                0x00417c20       0x50 build/obj/avg_values.o
                0x00417c20                avgReset(AvgTable*)
 .text$_Z8debugIntP7LoggingPKci
                0x00417c70       0x50 build/obj/datalogging.o
                0x00417c70                debugInt(Logging*, char const*, int)